Archive member included because of file (symbol)

/home/lynn/ti-sdk-am335x-evm-05.07.00.00/linux-devkit/bin/../lib/gcc/arm-arago-linux-gnueabi/4.5.3/libgcc.a(_udivsi3.o)
                              arch/arm/cpu/armv7/omap-common/libomap-common.o (__aeabi_uidiv)
/home/lynn/ti-sdk-am335x-evm-05.07.00.00/linux-devkit/bin/../lib/gcc/arm-arago-linux-gnueabi/4.5.3/libgcc.a(_divsi3.o)
                              drivers/i2c/libi2c.o (__aeabi_idiv)
/home/lynn/ti-sdk-am335x-evm-05.07.00.00/linux-devkit/bin/../lib/gcc/arm-arago-linux-gnueabi/4.5.3/libgcc.a(_lshrdi3.o)
                              drivers/mtd/nand/libnand.o (__aeabi_llsr)
/home/lynn/ti-sdk-am335x-evm-05.07.00.00/linux-devkit/bin/../lib/gcc/arm-arago-linux-gnueabi/4.5.3/libgcc.a(_ashrdi3.o)
                              drivers/mtd/nand/libnand.o (__aeabi_lasr)
/home/lynn/ti-sdk-am335x-evm-05.07.00.00/linux-devkit/bin/../lib/gcc/arm-arago-linux-gnueabi/4.5.3/libgcc.a(_ashldi3.o)
                              drivers/mmc/libmmc.o (__aeabi_llsl)
/home/lynn/ti-sdk-am335x-evm-05.07.00.00/linux-devkit/bin/../lib/gcc/arm-arago-linux-gnueabi/4.5.3/libgcc.a(_dvmd_lnx.o)
                              /home/lynn/ti-sdk-am335x-evm-05.07.00.00/linux-devkit/bin/../lib/gcc/arm-arago-linux-gnueabi/4.5.3/libgcc.a(_udivsi3.o) (__aeabi_idiv0)

Discarded input sections

 .data          0x00000000        0x0 arch/arm/cpu/armv7/start.o
 .bss           0x00000000        0x0 arch/arm/cpu/armv7/start.o
 .text          0x00000000        0x0 arch/arm/cpu/armv7/am33xx/libam33xx.o
 .text.get_cpu_rev
                0x00000000       0x14 arch/arm/cpu/armv7/am33xx/libam33xx.o
 .text.get_cpu_type
                0x00000000       0x14 arch/arm/cpu/armv7/am33xx/libam33xx.o
 .text.get_board_rev
                0x00000000        0x8 arch/arm/cpu/armv7/am33xx/libam33xx.o
 .text.get_device_type
                0x00000000       0x18 arch/arm/cpu/armv7/am33xx/libam33xx.o
 .text.get_sysboot_value
                0x00000000       0x18 arch/arm/cpu/armv7/am33xx/libam33xx.o
 .text.dram_init
                0x00000000       0x20 arch/arm/cpu/armv7/am33xx/libam33xx.o
 .text.dram_init_banksize
                0x00000000       0x1c arch/arm/cpu/armv7/am33xx/libam33xx.o
 .text.setup_clocks_for_console
                0x00000000        0x4 arch/arm/cpu/armv7/am33xx/libam33xx.o
 .data          0x00000000        0x0 arch/arm/cpu/armv7/am33xx/libam33xx.o
 .bss           0x00000000        0x0 arch/arm/cpu/armv7/am33xx/libam33xx.o
 .text.v7_maint_dcache_all
                0x00000000       0xec arch/arm/cpu/armv7/libarmv7.o
 .text.v7_inval_tlb
                0x00000000       0x1c arch/arm/cpu/armv7/libarmv7.o
 .text.v7_dcache_maint_range
                0x00000000       0xc8 arch/arm/cpu/armv7/libarmv7.o
 .text.invalidate_dcache_all
                0x00000000       0x14 arch/arm/cpu/armv7/libarmv7.o
 .text.flush_dcache_all
                0x00000000       0x14 arch/arm/cpu/armv7/libarmv7.o
 .text.invalidate_dcache_range
                0x00000000       0x24 arch/arm/cpu/armv7/libarmv7.o
 .text.flush_dcache_range
                0x00000000       0x24 arch/arm/cpu/armv7/libarmv7.o
 .text.arm_init_before_mmu
                0x00000000       0x14 arch/arm/cpu/armv7/libarmv7.o
 .text.mmu_page_table_flush
                0x00000000       0x10 arch/arm/cpu/armv7/libarmv7.o
 .text.flush_cache
                0x00000000        0x8 arch/arm/cpu/armv7/libarmv7.o
 .text.invalidate_icache_all
                0x00000000       0x18 arch/arm/cpu/armv7/libarmv7.o
 .text.__v7_outer_cache_enable
                0x00000000        0x4 arch/arm/cpu/armv7/libarmv7.o
 .text.__v7_outer_cache_disable
                0x00000000        0x4 arch/arm/cpu/armv7/libarmv7.o
 .text.__v7_outer_cache_flush_all
                0x00000000        0x4 arch/arm/cpu/armv7/libarmv7.o
 .text.__v7_outer_cache_inval_all
                0x00000000        0x4 arch/arm/cpu/armv7/libarmv7.o
 .text.__v7_outer_cache_flush_range
                0x00000000        0x4 arch/arm/cpu/armv7/libarmv7.o
 .text.__v7_outer_cache_inval_range
                0x00000000        0x4 arch/arm/cpu/armv7/libarmv7.o
 .text.cpu_cache_initialization
                0x00000000        0x4 arch/arm/cpu/armv7/libarmv7.o
 .text.cleanup_before_linux
                0x00000000       0x24 arch/arm/cpu/armv7/libarmv7.o
 .text.sr32     0x00000000       0x24 arch/arm/cpu/armv7/libarmv7.o
 .text.wait_on_value
                0x00000000       0x34 arch/arm/cpu/armv7/libarmv7.o
 .rodata.__func__.3294
                0x00000000       0x16 arch/arm/cpu/armv7/libarmv7.o
 .rodata.str1.1
                0x00000000       0x65 arch/arm/cpu/armv7/libarmv7.o
 .data          0x00000000        0x0 arch/arm/cpu/armv7/libarmv7.o
 .bss           0x00000000        0x0 arch/arm/cpu/armv7/libarmv7.o
 .text.reset_cpu
                0x00000000       0x14 arch/arm/cpu/armv7/omap-common/libomap-common.o
 .text.warm_reset
                0x00000000       0x18 arch/arm/cpu/armv7/omap-common/libomap-common.o
 .text.get_ticks
                0x00000000       0x10 arch/arm/cpu/armv7/omap-common/libomap-common.o
 .text.get_tbclk
                0x00000000        0x8 arch/arm/cpu/armv7/omap-common/libomap-common.o
 .text.do_cancel_out
                0x00000000       0x64 arch/arm/cpu/armv7/omap-common/libomap-common.o
 .text.cancel_out
                0x00000000       0xa8 arch/arm/cpu/armv7/omap-common/libomap-common.o
 .bss           0x00000000        0x0 arch/arm/cpu/armv7/omap-common/libomap-common.o
 .text.interrupt_init
                0x00000000       0x1c arch/arm/lib/libarm.o
 .text.enable_interrupts
                0x00000000        0x4 arch/arm/lib/libarm.o
 .text.disable_interrupts
                0x00000000        0x8 arch/arm/lib/libarm.o
 .text.bad_mode
                0x00000000       0x10 arch/arm/lib/libarm.o
 .text.show_regs
                0x00000000      0x140 arch/arm/lib/libarm.o
 .text.do_undefined_instruction
                0x00000000       0x24 arch/arm/lib/libarm.o
 .text.do_software_interrupt
                0x00000000       0x24 arch/arm/lib/libarm.o
 .text.do_prefetch_abort
                0x00000000       0x24 arch/arm/lib/libarm.o
 .text.do_data_abort
                0x00000000       0x24 arch/arm/lib/libarm.o
 .text.do_not_used
                0x00000000       0x24 arch/arm/lib/libarm.o
 .text.do_fiq   0x00000000       0x24 arch/arm/lib/libarm.o
 .text.do_irq   0x00000000       0x24 arch/arm/lib/libarm.o
 .text.do_reset
                0x00000000       0x2c arch/arm/lib/libarm.o
 .text.__flush_cache
                0x00000000        0x4 arch/arm/lib/libarm.o
 .text.__flush_dcache_all
                0x00000000        0xc arch/arm/lib/libarm.o
 .text.__enable_caches
                0x00000000        0xc arch/arm/lib/libarm.o
 .text.cp_delay
                0x00000000       0x30 arch/arm/lib/libarm.o
 .text.cache_disable
                0x00000000       0x44 arch/arm/lib/libarm.o
 .text.__arm_init_before_mmu
                0x00000000        0x4 arch/arm/lib/libarm.o
 .text.arm_init_domains
                0x00000000        0x4 arch/arm/lib/libarm.o
 .text.set_section_dcache
                0x00000000       0x14 arch/arm/lib/libarm.o
 .text.__mmu_page_table_flush
                0x00000000        0x4 arch/arm/lib/libarm.o
 .text.mmu_set_region_dcache_behaviour
                0x00000000       0x50 arch/arm/lib/libarm.o
 .text.dram_bank_mmu_setup
                0x00000000       0x44 arch/arm/lib/libarm.o
 .text.cache_enable
                0x00000000       0x78 arch/arm/lib/libarm.o
 .text.icache_enable
                0x00000000        0x8 arch/arm/lib/libarm.o
 .text.icache_disable
                0x00000000        0x8 arch/arm/lib/libarm.o
 .text.icache_status
                0x00000000        0xc arch/arm/lib/libarm.o
 .text.dcache_enable
                0x00000000        0x8 arch/arm/lib/libarm.o
 .text.dcache_disable
                0x00000000        0x8 arch/arm/lib/libarm.o
 .text.dcache_status
                0x00000000        0xc arch/arm/lib/libarm.o
 .rodata.C.0.4372
                0x00000000       0x80 arch/arm/lib/libarm.o
 .rodata.str1.1
                0x00000000      0x2e5 arch/arm/lib/libarm.o
 .bss           0x00000000        0x0 arch/arm/lib/libarm.o
 .text          0x00000000        0x0 board/ti/am335x/libam335x.o
 .text.enable_uart1_pin_mux
                0x00000000        0xc board/ti/am335x/libam335x.o
 .text.enable_uart2_pin_mux
                0x00000000        0xc board/ti/am335x/libam335x.o
 .text.enable_uart3_pin_mux
                0x00000000        0xc board/ti/am335x/libam335x.o
 .text.enable_uart4_pin_mux
                0x00000000        0xc board/ti/am335x/libam335x.o
 .text.enable_uart5_pin_mux
                0x00000000        0xc board/ti/am335x/libam335x.o
 .text.board_is_evm_15_or_later
                0x00000000        0x8 board/ti/am335x/libam335x.o
 .text.board_init
                0x00000000       0x48 board/ti/am335x/libam335x.o
 .text.board_late_init
                0x00000000       0x68 board/ti/am335x/libam335x.o
 .data.uart5_pin_mux
                0x00000000        0xc board/ti/am335x/libam335x.o
 .data.uart3_pin_mux
                0x00000000        0xc board/ti/am335x/libam335x.o
 .data.uart1_pin_mux
                0x00000000        0xc board/ti/am335x/libam335x.o
 .data.uart4_pin_mux
                0x00000000        0xc board/ti/am335x/libam335x.o
 .data.uart2_pin_mux
                0x00000000        0xc board/ti/am335x/libam335x.o
 .bss           0x00000000        0x0 board/ti/am335x/libam335x.o
 .text          0x00000000        0x0 common/libcommon.o
 .text._do_env_set.clone.0
                0x00000000      0x1cc common/libcommon.o
 .text.get_env_id
                0x00000000       0x10 common/libcommon.o
 .text.setenv   0x00000000       0x48 common/libcommon.o
 .text.setenv_ulong
                0x00000000       0x20 common/libcommon.o
 .text.setenv_addr
                0x00000000       0x34 common/libcommon.o
 .text.envmatch
                0x00000000       0x6c common/libcommon.o
 .text.getenv_f
                0x00000000       0xbc common/libcommon.o
 .text.getenv   0x00000000       0x78 common/libcommon.o
 .text.getenv_ulong
                0x00000000       0x30 common/libcommon.o
 .text.console_setfile
                0x00000000       0xa4 common/libcommon.o
 .text.serial_printf
                0x00000000       0x40 common/libcommon.o
 .text.fprintf  0x00000000       0x48 common/libcommon.o
 .text.vprintf  0x00000000       0x40 common/libcommon.o
 .text.ctrlc    0x00000000       0x54 common/libcommon.o
 .text.disable_ctrlc
                0x00000000       0x18 common/libcommon.o
 .text.had_ctrlc
                0x00000000       0x10 common/libcommon.o
 .text.clear_ctrlc
                0x00000000       0x14 common/libcommon.o
 .text.dbg      0x00000000        0xc common/libcommon.o
 .text.search_device
                0x00000000       0x28 common/libcommon.o
 .text.console_assign
                0x00000000       0x40 common/libcommon.o
 .text.console_init_f
                0x00000000       0x10 common/libcommon.o
 .text.stdio_print_current_devices
                0x00000000       0xb4 common/libcommon.o
 .text.console_init_r
                0x00000000       0xdc common/libcommon.o
 .text.cfree    0x00000000        0x4 common/libcommon.o
 .text.calloc   0x00000000       0xe0 common/libcommon.o
 .text.pvalloc  0x00000000       0x18 common/libcommon.o
 .text.valloc   0x00000000        0xc common/libcommon.o
 .text.realloc  0x00000000      0x450 common/libcommon.o
 .text.malloc_usable_size
                0x00000000       0x40 common/libcommon.o
 .text.mallopt  0x00000000       0x70 common/libcommon.o
 .text.__env_get_char_spec
                0x00000000        0xc common/libcommon.o
 .text.env_get_addr
                0x00000000       0x24 common/libcommon.o
 .text.env_get_char_memory
                0x00000000       0x10 common/libcommon.o
 .text.env_get_char
                0x00000000       0x30 common/libcommon.o
 .text.getenv_yesno
                0x00000000       0x54 common/libcommon.o
 .text.getenv_default
                0x00000000       0x30 common/libcommon.o
 .text.set_default_env
                0x00000000       0xb8 common/libcommon.o
 .text.set_default_vars
                0x00000000       0x34 common/libcommon.o
 .text.env_relocate
                0x00000000       0x14 common/libcommon.o
 .text.fdt_error
                0x00000000       0x2c common/libcommon.o
 .text.image_check_hcrc
                0x00000000       0x4c common/libcommon.o
 .text.image_check_dcrc
                0x00000000       0x38 common/libcommon.o
 .text.image_multi_count
                0x00000000       0x24 common/libcommon.o
 .text.image_multi_getimg
                0x00000000       0x7c common/libcommon.o
 .text.getenv_bootm_low
                0x00000000       0x30 common/libcommon.o
 .text.getenv_bootm_size
                0x00000000       0x5c common/libcommon.o
 .text.getenv_bootm_mapsize
                0x00000000       0x30 common/libcommon.o
 .text.memmove_wd
                0x00000000        0xc common/libcommon.o
 .text.genimg_print_size
                0x00000000       0x30 common/libcommon.o
 .text.get_table_entry_name
                0x00000000       0x2c common/libcommon.o
 .text.genimg_get_os_name
                0x00000000       0x18 common/libcommon.o
 .text.genimg_get_arch_name
                0x00000000       0x18 common/libcommon.o
 .text.genimg_get_type_name
                0x00000000       0x18 common/libcommon.o
 .text.genimg_get_comp_name
                0x00000000       0x18 common/libcommon.o
 .text.image_print_contents
                0x00000000      0x170 common/libcommon.o
 .text.get_table_entry_id
                0x00000000       0x4c common/libcommon.o
 .text.genimg_get_os_id
                0x00000000       0x18 common/libcommon.o
 .text.genimg_get_arch_id
                0x00000000       0x18 common/libcommon.o
 .text.genimg_get_type_id
                0x00000000       0x18 common/libcommon.o
 .text.genimg_get_comp_id
                0x00000000       0x18 common/libcommon.o
 .text.genimg_get_format
                0x00000000       0x38 common/libcommon.o
 .text.genimg_get_image
                0x00000000        0x4 common/libcommon.o
 .text.genimg_has_config
                0x00000000        0x8 common/libcommon.o
 .text.boot_get_ramdisk
                0x00000000      0x1e8 common/libcommon.o
 .text.boot_ramdisk_high
                0x00000000      0x120 common/libcommon.o
 .text.boot_fdt_add_mem_rsv_regions
                0x00000000       0x88 common/libcommon.o
 .text.boot_relocate_fdt
                0x00000000      0x19c common/libcommon.o
 .text.boot_get_fdt
                0x00000000      0x254 common/libcommon.o
 .text.get_ram_size
                0x00000000       0xfc common/libcommon.o
 .text.stdio_get_list
                0x00000000        0xc common/libcommon.o
 .text.stdio_get_by_name
                0x00000000       0x54 common/libcommon.o
 .text.stdio_clone
                0x00000000       0x38 common/libcommon.o
 .text.stdio_register
                0x00000000       0x44 common/libcommon.o
 .text.stdio_init
                0x00000000       0x9c common/libcommon.o
 .rodata        0x00000000      0x1de common/libcommon.o
 .rodata.default_environment
                0x00000000      0x1de common/libcommon.o
 .rodata.__func__.3424
                0x00000000       0x10 common/libcommon.o
 .rodata.uimage_comp
                0x00000000       0x48 common/libcommon.o
 .rodata.uimage_os
                0x00000000       0x54 common/libcommon.o
 .rodata.uimage_arch
                0x00000000       0xfc common/libcommon.o
 .rodata.uimage_type
                0x00000000       0xcc common/libcommon.o
 .data          0x00000000        0x0 common/libcommon.o
 .data.env_id   0x00000000        0x4 common/libcommon.o
 .data.mmap_threshold
                0x00000000        0x4 common/libcommon.o
 .data.env_htab
                0x00000000       0x10 common/libcommon.o
 .data.load_addr
                0x00000000        0x4 common/libcommon.o
 .data.stdio_names
                0x00000000        0xc common/libcommon.o
 .bss           0x00000000        0x0 common/libcommon.o
 .bss.ctrlc_was_pressed
                0x00000000        0x4 common/libcommon.o
 .bss.ctrlc_disabled
                0x00000000        0x4 common/libcommon.o
 .bss.n_mmaps_max
                0x00000000        0x4 common/libcommon.o
 .bss.save_addr
                0x00000000        0x4 common/libcommon.o
 .bss.save_size
                0x00000000        0x4 common/libcommon.o
 .bss.devs      0x00000000       0x3c common/libcommon.o
 .text          0x00000000        0x0 common/spl/libspl.o
 .text.spl_board_prepare_for_linux
                0x00000000        0x4 common/spl/libspl.o
 .text.env_callback_init
                0x00000000        0x4 common/spl/libspl.o
 .bss           0x00000000        0x0 common/spl/libspl.o
 .text          0x00000000        0x0 disk/libdisk.o
 .text.get_dev  0x00000000       0x6c disk/libdisk.o
 .text.dev_print
                0x00000000      0x218 disk/libdisk.o
 .text.print_part
                0x00000000       0xe8 disk/libdisk.o
 .text.get_device
                0x00000000       0x80 disk/libdisk.o
 .text.get_device_and_partition
                0x00000000      0x2f8 disk/libdisk.o
 .text.print_partition_extended
                0x00000000      0x254 disk/libdisk.o
 .text.print_part_dos
                0x00000000       0x30 disk/libdisk.o
 .rodata.block_drvr
                0x00000000       0x10 disk/libdisk.o
 .data          0x00000000        0x0 disk/libdisk.o
 .bss           0x00000000        0x0 disk/libdisk.o
 .text          0x00000000        0x0 drivers/gpio/libgpio.o
 .text.gpio_is_valid
                0x00000000       0x10 drivers/gpio/libgpio.o
 .text.gpio_set_value
                0x00000000       0x48 drivers/gpio/libgpio.o
 .text.gpio_get_value
                0x00000000       0x74 drivers/gpio/libgpio.o
 .text.gpio_direction_input
                0x00000000       0x44 drivers/gpio/libgpio.o
 .text.gpio_free
                0x00000000        0x8 drivers/gpio/libgpio.o
 .data          0x00000000        0x0 drivers/gpio/libgpio.o
 .bss           0x00000000        0x0 drivers/gpio/libgpio.o
 .text          0x00000000        0x0 drivers/i2c/libi2c.o
 .text.i2c_set_bus_num
                0x00000000       0x84 drivers/i2c/libi2c.o
 .text.i2c_get_bus_num
                0x00000000       0x10 drivers/i2c/libi2c.o
 .bss           0x00000000        0x0 drivers/i2c/libi2c.o
 .text          0x00000000        0x0 drivers/mmc/libmmc.o
 .text.mmc_switch_part
                0x00000000       0x38 drivers/mmc/libmmc.o
 .text.mmc_get_dev
                0x00000000       0x28 drivers/mmc/libmmc.o
 .text.get_mmc_num
                0x00000000       0x10 drivers/mmc/libmmc.o
 .text.mmc_board_init
                0x00000000        0x8 drivers/mmc/libmmc.o
 .data          0x00000000        0x0 drivers/mmc/libmmc.o
 .bss           0x00000000        0x0 drivers/mmc/libmmc.o
 .text          0x00000000        0x0 drivers/mtd/nand/libnand.o
 .text.nand_calculate_ecc
                0x00000000       0xf0 drivers/mtd/nand/libnand.o
 .text.nand_correct_data
                0x00000000      0x11c drivers/mtd/nand/libnand.o
 .text.generic_ffs
                0x00000000       0x54 drivers/mtd/nand/libnand.o
 .text.nand_bch_calculate_ecc
                0x00000000        0x8 drivers/mtd/nand/libnand.o
 .text.nand_bch_correct_data
                0x00000000        0x8 drivers/mtd/nand/libnand.o
 .text.nand_release_device
                0x00000000       0x18 drivers/mtd/nand/libnand.o
 .text.nand_read_byte
                0x00000000       0x10 drivers/mtd/nand/libnand.o
 .text.nand_read_byte16
                0x00000000       0x14 drivers/mtd/nand/libnand.o
 .text.nand_read_word
                0x00000000       0x10 drivers/mtd/nand/libnand.o
 .text.nand_write_buf
                0x00000000       0x2c drivers/mtd/nand/libnand.o
 .text.nand_verify_buf
                0x00000000       0x40 drivers/mtd/nand/libnand.o
 .text.nand_write_buf16
                0x00000000       0x30 drivers/mtd/nand/libnand.o
 .text.nand_verify_buf16
                0x00000000       0x44 drivers/mtd/nand/libnand.o
 .text.nand_check_wp
                0x00000000       0x50 drivers/mtd/nand/libnand.o
 .text.nand_read_page_raw
                0x00000000       0x38 drivers/mtd/nand/libnand.o
 .text.nand_read_page_raw_syndrome
                0x00000000       0xd4 drivers/mtd/nand/libnand.o
 .text.nand_read_page_swecc
                0x00000000      0x114 drivers/mtd/nand/libnand.o
 .text.nand_read_subpage
                0x00000000      0x278 drivers/mtd/nand/libnand.o
 .text.nand_read_page_hwecc
                0x00000000      0x138 drivers/mtd/nand/libnand.o
 .text.nand_read_page_hwecc_oob_first
                0x00000000      0x134 drivers/mtd/nand/libnand.o
 .text.nand_read_page_syndrome
                0x00000000      0x128 drivers/mtd/nand/libnand.o
 .text.nand_read_oob_std
                0x00000000       0x48 drivers/mtd/nand/libnand.o
 .text.nand_read_oob_syndrome
                0x00000000      0x100 drivers/mtd/nand/libnand.o
 .text.nand_write_oob_std
                0x00000000       0x70 drivers/mtd/nand/libnand.o
 .text.nand_write_oob_syndrome
                0x00000000      0x1b4 drivers/mtd/nand/libnand.o
 .text.nand_write_page_raw
                0x00000000       0x34 drivers/mtd/nand/libnand.o
 .text.nand_write_page_raw_syndrome
                0x00000000       0xd0 drivers/mtd/nand/libnand.o
 .text.nand_write_page_swecc
                0x00000000       0xac drivers/mtd/nand/libnand.o
 .text.nand_write_page_hwecc
                0x00000000       0xc0 drivers/mtd/nand/libnand.o
 .text.nand_write_page_syndrome
                0x00000000       0xf4 drivers/mtd/nand/libnand.o
 .text.single_erase_cmd
                0x00000000       0x3c drivers/mtd/nand/libnand.o
 .text.multi_erase_cmd
                0x00000000       0x8c drivers/mtd/nand/libnand.o
 .text.nand_sync
                0x00000000       0x10 drivers/mtd/nand/libnand.o
 .text.nand_select_chip
                0x00000000       0x58 drivers/mtd/nand/libnand.o
 .text.nand_block_checkbad
                0x00000000       0x80 drivers/mtd/nand/libnand.o
 .text.nand_block_isbad
                0x00000000       0x2c drivers/mtd/nand/libnand.o
 .text.nand_block_markbad
                0x00000000       0x3c drivers/mtd/nand/libnand.o
 .text.nand_write_page
                0x00000000       0xa8 drivers/mtd/nand/libnand.o
 .text.nand_block_bad
                0x00000000      0x14c drivers/mtd/nand/libnand.o
 .text.nand_fill_oob
                0x00000000      0x104 drivers/mtd/nand/libnand.o
 .text.nand_do_write_oob
                0x00000000      0x19c drivers/mtd/nand/libnand.o
 .text.nand_do_write_ops
                0x00000000      0x358 drivers/mtd/nand/libnand.o
 .text.nand_write_oob
                0x00000000       0x98 drivers/mtd/nand/libnand.o
 .text.nand_write
                0x00000000       0x80 drivers/mtd/nand/libnand.o
 .text.nand_transfer_oob
                0x00000000      0x104 drivers/mtd/nand/libnand.o
 .text.nand_default_block_markbad
                0x00000000      0x178 drivers/mtd/nand/libnand.o
 .text.nand_wait
                0x00000000       0xd4 drivers/mtd/nand/libnand.o
 .text.nand_do_read_ops
                0x00000000      0x400 drivers/mtd/nand/libnand.o
 .text.nand_read_oob
                0x00000000      0x290 drivers/mtd/nand/libnand.o
 .text.nand_read
                0x00000000       0x80 drivers/mtd/nand/libnand.o
 .text.nand_command_lp
                0x00000000      0x260 drivers/mtd/nand/libnand.o
 .text.nand_erase_nand
                0x00000000      0x3b0 drivers/mtd/nand/libnand.o
 .text.nand_erase
                0x00000000        0x8 drivers/mtd/nand/libnand.o
 .text.nand_scan_ident
                0x00000000      0x79c drivers/mtd/nand/libnand.o
 .text.nand_scan_tail
                0x00000000      0x5d4 drivers/mtd/nand/libnand.o
 .text.nand_scan
                0x00000000       0x24 drivers/mtd/nand/libnand.o
 .text.nand_release
                0x00000000       0x44 drivers/mtd/nand/libnand.o
 .rodata.nand_ecc_precalc_table
                0x00000000      0x100 drivers/mtd/nand/libnand.o
 .rodata.__FUNCTION__.4022
                0x00000000       0x11 drivers/mtd/nand/libnand.o
 .rodata.__FUNCTION__.4367
                0x00000000       0x12 drivers/mtd/nand/libnand.o
 .rodata.__FUNCTION__.4792
                0x00000000        0xf drivers/mtd/nand/libnand.o
 .rodata.__func__.4749
                0x00000000       0x14 drivers/mtd/nand/libnand.o
 .rodata.__FUNCTION__.4607
                0x00000000        0xe drivers/mtd/nand/libnand.o
 .rodata.__func__.4700
                0x00000000       0x10 drivers/mtd/nand/libnand.o
 .data          0x00000000        0x0 drivers/mtd/nand/libnand.o
 .data.nand_oob_8
                0x00000000      0x248 drivers/mtd/nand/libnand.o
 .data.nand_oob_16
                0x00000000      0x248 drivers/mtd/nand/libnand.o
 .data.nand_oob_128
                0x00000000      0x248 drivers/mtd/nand/libnand.o
 .data.nand_oob_64
                0x00000000      0x248 drivers/mtd/nand/libnand.o
 .bss           0x00000000        0x0 drivers/mtd/nand/libnand.o
 .text          0x00000000        0x0 drivers/mtd/spi/libspi_flash.o
 .text.spl_spi_load_image
                0x00000000       0x78 drivers/mtd/spi/libspi_flash.o
 .text.spi_flash_addr
                0x00000000       0x18 drivers/mtd/spi/libspi_flash.o
 .text.spi_flash_read_write
                0x00000000       0x74 drivers/mtd/spi/libspi_flash.o
 .text.spi_flash_cmd_read
                0x00000000       0x1c drivers/mtd/spi/libspi_flash.o
 .text.spi_flash_cmd
                0x00000000       0x2c drivers/mtd/spi/libspi_flash.o
 .text.spi_flash_cmd_write
                0x00000000       0x1c drivers/mtd/spi/libspi_flash.o
 .text.spi_flash_read_common
                0x00000000       0x4c drivers/mtd/spi/libspi_flash.o
 .text.spi_flash_cmd_read_fast
                0x00000000       0x54 drivers/mtd/spi/libspi_flash.o
 .text.spi_flash_cmd_poll_bit
                0x00000000       0xc4 drivers/mtd/spi/libspi_flash.o
 .text.spi_flash_cmd_wait_ready
                0x00000000        0xc drivers/mtd/spi/libspi_flash.o
 .text.spi_flash_cmd_write_multi
                0x00000000      0x10c drivers/mtd/spi/libspi_flash.o
 .text.spi_flash_cmd_erase
                0x00000000       0xf4 drivers/mtd/spi/libspi_flash.o
 .text.spi_flash_cmd_write_status
                0x00000000       0x68 drivers/mtd/spi/libspi_flash.o
 .text.spi_flash_probe
                0x00000000       0xe0 drivers/mtd/spi/libspi_flash.o
 .text.spi_flash_free
                0x00000000       0x1c drivers/mtd/spi/libspi_flash.o
 .text.spi_flash_probe_winbond
                0x00000000       0xb0 drivers/mtd/spi/libspi_flash.o
 .rodata.str1.1
                0x00000000       0xc6 drivers/mtd/spi/libspi_flash.o
 .rodata.winbond_spi_flash_table
                0x00000000       0x50 drivers/mtd/spi/libspi_flash.o
 .data          0x00000000        0x0 drivers/mtd/spi/libspi_flash.o
 .bss           0x00000000        0x0 drivers/mtd/spi/libspi_flash.o
 .text          0x00000000        0x0 drivers/serial/libserial.o
 .text.serial_null
                0x00000000        0x4 drivers/serial/libserial.o
 .text.serial_register
                0x00000000       0x18 drivers/serial/libserial.o
 .text.serial_stdio_init
                0x00000000       0x8c drivers/serial/libserial.o
 .text.serial_assign
                0x00000000       0x50 drivers/serial/libserial.o
 .text.serial_initialize
                0x00000000       0xd8 drivers/serial/libserial.o
 .text.serial_reinit_all
                0x00000000       0x2c drivers/serial/libserial.o
 .text.serial_setbrg
                0x00000000       0x14 drivers/serial/libserial.o
 .text.default_serial_puts
                0x00000000       0x2c drivers/serial/libserial.o
 .text.eserial6_init
                0x00000000       0x20 drivers/serial/libserial.o
 .text.eserial5_init
                0x00000000       0x20 drivers/serial/libserial.o
 .text.eserial4_init
                0x00000000       0x20 drivers/serial/libserial.o
 .text.eserial3_init
                0x00000000       0x20 drivers/serial/libserial.o
 .text.eserial2_init
                0x00000000       0x20 drivers/serial/libserial.o
 .text.eserial6_putc
                0x00000000        0x8 drivers/serial/libserial.o
 .text.eserial5_putc
                0x00000000        0x8 drivers/serial/libserial.o
 .text.eserial4_putc
                0x00000000        0x8 drivers/serial/libserial.o
 .text.eserial3_putc
                0x00000000        0x8 drivers/serial/libserial.o
 .text.eserial2_putc
                0x00000000        0x8 drivers/serial/libserial.o
 .text._serial_putc_raw
                0x00000000       0x1c drivers/serial/libserial.o
 .text.eserial6_puts
                0x00000000        0x8 drivers/serial/libserial.o
 .text.eserial5_puts
                0x00000000        0x8 drivers/serial/libserial.o
 .text.eserial4_puts
                0x00000000        0x8 drivers/serial/libserial.o
 .text.eserial3_puts
                0x00000000        0x8 drivers/serial/libserial.o
 .text.eserial2_puts
                0x00000000        0x8 drivers/serial/libserial.o
 .text.eserial6_getc
                0x00000000        0x8 drivers/serial/libserial.o
 .text.eserial5_getc
                0x00000000        0x8 drivers/serial/libserial.o
 .text.eserial4_getc
                0x00000000        0x8 drivers/serial/libserial.o
 .text.eserial3_getc
                0x00000000        0x8 drivers/serial/libserial.o
 .text.eserial2_getc
                0x00000000        0x8 drivers/serial/libserial.o
 .text.eserial6_tstc
                0x00000000        0x8 drivers/serial/libserial.o
 .text.eserial5_tstc
                0x00000000        0x8 drivers/serial/libserial.o
 .text.eserial4_tstc
                0x00000000        0x8 drivers/serial/libserial.o
 .text.eserial3_tstc
                0x00000000        0x8 drivers/serial/libserial.o
 .text.eserial2_tstc
                0x00000000        0x8 drivers/serial/libserial.o
 .text.eserial6_setbrg
                0x00000000        0x8 drivers/serial/libserial.o
 .text.eserial5_setbrg
                0x00000000        0x8 drivers/serial/libserial.o
 .text.eserial4_setbrg
                0x00000000        0x8 drivers/serial/libserial.o
 .text.eserial3_setbrg
                0x00000000        0x8 drivers/serial/libserial.o
 .text.eserial2_setbrg
                0x00000000        0x8 drivers/serial/libserial.o
 .text.ns16550_serial_initialize
                0x00000000       0x50 drivers/serial/libserial.o
 .data          0x00000000        0x0 drivers/serial/libserial.o
 .data.eserial2_device
                0x00000000       0x30 drivers/serial/libserial.o
 .data.eserial3_device
                0x00000000       0x30 drivers/serial/libserial.o
 .data.eserial4_device
                0x00000000       0x30 drivers/serial/libserial.o
 .data.eserial5_device
                0x00000000       0x30 drivers/serial/libserial.o
 .data.eserial6_device
                0x00000000       0x30 drivers/serial/libserial.o
 .bss           0x00000000        0x0 drivers/serial/libserial.o
 .bss.serial_devices
                0x00000000        0x4 drivers/serial/libserial.o
 .text          0x00000000        0x0 fs/fat/libfat.o
 .text.disk_write
                0x00000000       0x88 fs/fat/libfat.o
 .text.flush_fat_buffer
                0x00000000       0x8c fs/fat/libfat.o
 .text.get_fatent_value
                0x00000000      0x170 fs/fat/libfat.o
 .text.find_empty_cluster
                0x00000000       0x2c fs/fat/libfat.o
 .text.set_fatent_value
                0x00000000       0xf8 fs/fat/libfat.o
 .text.set_cluster
                0x00000000       0xd8 fs/fat/libfat.o
 .text.set_contents
                0x00000000      0x1b8 fs/fat/libfat.o
 .text.set_name
                0x00000000      0x148 fs/fat/libfat.o
 .text.flush_dir_table.clone.4
                0x00000000       0xd4 fs/fat/libfat.o
 .text.do_fat_write
                0x00000000      0xa10 fs/fat/libfat.o
 .text.do_fat_read
                0x00000000       0x24 fs/fat/libfat.o
 .text.file_fat_detectfs
                0x00000000      0x14c fs/fat/libfat.o
 .text.file_fat_ls
                0x00000000       0x10 fs/fat/libfat.o
 .text.file_fat_write
                0x00000000       0x34 fs/fat/libfat.o
 .data          0x00000000        0x0 fs/fat/libfat.o
 .bss           0x00000000        0x0 fs/fat/libfat.o
 .bss.empty_dentptr
                0x00000000        0x4 fs/fat/libfat.o
 .bss.total_sector
                0x00000000        0x4 fs/fat/libfat.o
 .bss.dir_curclust
                0x00000000        0x4 fs/fat/libfat.o
 .bss.num_of_fats
                0x00000000        0x1 fs/fat/libfat.o
 .text          0x00000000        0x0 lib/libgeneric.o
 .text.crc32_no_comp
                0x00000000       0xe8 lib/libgeneric.o
 .text.crc32    0x00000000       0x14 lib/libgeneric.o
 .text.crc32_wd
                0x00000000        0x4 lib/libgeneric.o
 .text.display_options
                0x00000000       0x20 lib/libgeneric.o
 .text.print_size
                0x00000000      0x134 lib/libgeneric.o
 .text.print_buffer
                0x00000000      0x168 lib/libgeneric.o
 .text.skip_spaces
                0x00000000       0x24 lib/libgeneric.o
 .text.strim    0x00000000       0x54 lib/libgeneric.o
 .text.strncasecmp
                0x00000000       0x78 lib/libgeneric.o
 .text.strcasecmp
                0x00000000        0x8 lib/libgeneric.o
 .text.strncpy  0x00000000       0x24 lib/libgeneric.o
 .text.strcat   0x00000000       0x2c lib/libgeneric.o
 .text.strncat  0x00000000       0x48 lib/libgeneric.o
 .text.strchr   0x00000000       0x34 lib/libgeneric.o
 .text.strlen   0x00000000       0x1c lib/libgeneric.o
 .text.strrchr  0x00000000       0x3c lib/libgeneric.o
 .text.strdup   0x00000000       0x34 lib/libgeneric.o
 .text.strspn   0x00000000       0x40 lib/libgeneric.o
 .text.strpbrk  0x00000000       0x3c lib/libgeneric.o
 .text.strtok   0x00000000       0x78 lib/libgeneric.o
 .text.strsep   0x00000000       0x34 lib/libgeneric.o
 .text.strswab  0x00000000       0x4c lib/libgeneric.o
 .text.bcopy    0x00000000       0x20 lib/libgeneric.o
 .text.memmove  0x00000000       0x54 lib/libgeneric.o
 .text.memscan  0x00000000       0x28 lib/libgeneric.o
 .text.strstr   0x00000000       0x60 lib/libgeneric.o
 .text.memchr   0x00000000       0x34 lib/libgeneric.o
 .text.mdelay   0x00000000       0x24 lib/libgeneric.o
 .text.simple_strtoul
                0x00000000       0xac lib/libgeneric.o
 .text.strict_strtoul
                0x00000000       0x78 lib/libgeneric.o
 .text.simple_strtol
                0x00000000       0x28 lib/libgeneric.o
 .text.ustrtoul
                0x00000000       0x74 lib/libgeneric.o
 .text.simple_strtoull
                0x00000000       0xdc lib/libgeneric.o
 .text.panic    0x00000000       0x44 lib/libgeneric.o
 .text.__assert_fail
                0x00000000       0x14 lib/libgeneric.o
 .text.simple_itoa
                0x00000000       0x58 lib/libgeneric.o
 .rodata.crc_table
                0x00000000      0x400 lib/libgeneric.o
 .rodata.names.3303
                0x00000000        0x6 lib/libgeneric.o
 .data          0x00000000        0x0 lib/libgeneric.o
 .bss           0x00000000        0x0 lib/libgeneric.o
 .bss.___strtok
                0x00000000        0x4 lib/libgeneric.o
 .bss.local.3419
                0x00000000       0x16 lib/libgeneric.o
 .text          0x00000000        0x0 /home/lynn/git_prj/iE10/u-boot-2013.01.01-psp05.07.00.00/am335x/spl/arch/arm/lib/eabi_compat.o
 .data          0x00000000        0x0 /home/lynn/git_prj/iE10/u-boot-2013.01.01-psp05.07.00.00/am335x/spl/arch/arm/lib/eabi_compat.o
 .bss           0x00000000        0x0 /home/lynn/git_prj/iE10/u-boot-2013.01.01-psp05.07.00.00/am335x/spl/arch/arm/lib/eabi_compat.o
 .text.__aeabi_unwind_cpp_pr0
                0x00000000        0x4 /home/lynn/git_prj/iE10/u-boot-2013.01.01-psp05.07.00.00/am335x/spl/arch/arm/lib/eabi_compat.o
 .text.__aeabi_unwind_cpp_pr1
                0x00000000        0x4 /home/lynn/git_prj/iE10/u-boot-2013.01.01-psp05.07.00.00/am335x/spl/arch/arm/lib/eabi_compat.o
 .data          0x00000000        0x0 /home/lynn/ti-sdk-am335x-evm-05.07.00.00/linux-devkit/bin/../lib/gcc/arm-arago-linux-gnueabi/4.5.3/libgcc.a(_udivsi3.o)
 .bss           0x00000000        0x0 /home/lynn/ti-sdk-am335x-evm-05.07.00.00/linux-devkit/bin/../lib/gcc/arm-arago-linux-gnueabi/4.5.3/libgcc.a(_udivsi3.o)
 .data          0x00000000        0x0 /home/lynn/ti-sdk-am335x-evm-05.07.00.00/linux-devkit/bin/../lib/gcc/arm-arago-linux-gnueabi/4.5.3/libgcc.a(_divsi3.o)
 .bss           0x00000000        0x0 /home/lynn/ti-sdk-am335x-evm-05.07.00.00/linux-devkit/bin/../lib/gcc/arm-arago-linux-gnueabi/4.5.3/libgcc.a(_divsi3.o)
 .data          0x00000000        0x0 /home/lynn/ti-sdk-am335x-evm-05.07.00.00/linux-devkit/bin/../lib/gcc/arm-arago-linux-gnueabi/4.5.3/libgcc.a(_lshrdi3.o)
 .bss           0x00000000        0x0 /home/lynn/ti-sdk-am335x-evm-05.07.00.00/linux-devkit/bin/../lib/gcc/arm-arago-linux-gnueabi/4.5.3/libgcc.a(_lshrdi3.o)
 .text          0x00000000       0x1c /home/lynn/ti-sdk-am335x-evm-05.07.00.00/linux-devkit/bin/../lib/gcc/arm-arago-linux-gnueabi/4.5.3/libgcc.a(_ashrdi3.o)
 .data          0x00000000        0x0 /home/lynn/ti-sdk-am335x-evm-05.07.00.00/linux-devkit/bin/../lib/gcc/arm-arago-linux-gnueabi/4.5.3/libgcc.a(_ashrdi3.o)
 .bss           0x00000000        0x0 /home/lynn/ti-sdk-am335x-evm-05.07.00.00/linux-devkit/bin/../lib/gcc/arm-arago-linux-gnueabi/4.5.3/libgcc.a(_ashrdi3.o)
 .data          0x00000000        0x0 /home/lynn/ti-sdk-am335x-evm-05.07.00.00/linux-devkit/bin/../lib/gcc/arm-arago-linux-gnueabi/4.5.3/libgcc.a(_ashldi3.o)
 .bss           0x00000000        0x0 /home/lynn/ti-sdk-am335x-evm-05.07.00.00/linux-devkit/bin/../lib/gcc/arm-arago-linux-gnueabi/4.5.3/libgcc.a(_ashldi3.o)
 .data          0x00000000        0x0 /home/lynn/ti-sdk-am335x-evm-05.07.00.00/linux-devkit/bin/../lib/gcc/arm-arago-linux-gnueabi/4.5.3/libgcc.a(_dvmd_lnx.o)
 .bss           0x00000000        0x0 /home/lynn/ti-sdk-am335x-evm-05.07.00.00/linux-devkit/bin/../lib/gcc/arm-arago-linux-gnueabi/4.5.3/libgcc.a(_dvmd_lnx.o)

Memory Configuration

Name             Origin             Length             Attributes
.sram            0x402f0400         0x00019400
.sdram           0x80000000         0x00080000
*default*        0x00000000         0xffffffff

Linker script and memory map


.text           0x402f0400     0x8b24
                0x402f0400                __start = .
 arch/arm/cpu/armv7/start.o(.text)
 .text          0x402f0400       0xf0 arch/arm/cpu/armv7/start.o
                0x402f0400                _start
                0x402f0440                _end_vect
                0x402f0440                _TEXT_BASE
                0x402f0444                _bss_start_ofs
                0x402f0448                _image_copy_end_ofs
                0x402f044c                _bss_end_ofs
                0x402f0450                _end_ofs
                0x402f0454                IRQ_STACK_START_IN
                0x402f048c                c_runtime_cpu_setup
                0x402f04ac                cpu_init_cp15
                0x402f04e4                cpu_init_crit
 *(.text*)
 .text.mpu_pll_config
                0x402f04f0       0x8c arch/arm/cpu/armv7/am33xx/libam33xx.o
                0x402f04f0                mpu_pll_config
 .text.ddr_pll_config
                0x402f057c       0x90 arch/arm/cpu/armv7/am33xx/libam33xx.o
                0x402f057c                ddr_pll_config
 .text.enable_emif_clocks
                0x402f060c       0x30 arch/arm/cpu/armv7/am33xx/libam33xx.o
                0x402f060c                enable_emif_clocks
 .text.pll_init
                0x402f063c      0x430 arch/arm/cpu/armv7/am33xx/libam33xx.o
                0x402f063c                pll_init
 .text.enable_gpmc_cs_config
                0x402f0a6c       0x74 arch/arm/cpu/armv7/am33xx/libam33xx.o
                0x402f0a6c                enable_gpmc_cs_config
 .text.gpmc_init
                0x402f0ae0       0x78 arch/arm/cpu/armv7/am33xx/libam33xx.o
                0x402f0ae0                gpmc_init
 .text.config_sdram
                0x402f0b58       0x80 arch/arm/cpu/armv7/am33xx/libam33xx.o
                0x402f0b58                config_sdram
 .text.set_sdram_timings
                0x402f0bd8       0x3c arch/arm/cpu/armv7/am33xx/libam33xx.o
                0x402f0bd8                set_sdram_timings
 .text.config_ddr_phy
                0x402f0c14       0x1c arch/arm/cpu/armv7/am33xx/libam33xx.o
                0x402f0c14                config_ddr_phy
 .text.config_cmd_ctrl
                0x402f0c30       0x54 arch/arm/cpu/armv7/am33xx/libam33xx.o
                0x402f0c30                config_cmd_ctrl
 .text.config_ddr_data
                0x402f0c84       0x50 arch/arm/cpu/armv7/am33xx/libam33xx.o
                0x402f0c84                config_ddr_data
 .text.config_io_ctrl
                0x402f0cd4       0x20 arch/arm/cpu/armv7/am33xx/libam33xx.o
                0x402f0cd4                config_io_ctrl
 .text.config_ddr
                0x402f0cf4       0xb8 arch/arm/cpu/armv7/am33xx/libam33xx.o
                0x402f0cf4                config_ddr
 .text.arch_misc_init
                0x402f0dac        0x8 arch/arm/cpu/armv7/am33xx/libam33xx.o
                0x402f0dac                arch_misc_init
 .text.configure_module_pin_mux
                0x402f0db4       0x2c arch/arm/cpu/armv7/am33xx/libam33xx.o
                0x402f0db4                configure_module_pin_mux
 .text.elm_check_error
                0x402f0de0      0x1d4 arch/arm/cpu/armv7/am33xx/libam33xx.o
                0x402f0de0                elm_check_error
 .text.elm_config
                0x402f0fb4       0x44 arch/arm/cpu/armv7/am33xx/libam33xx.o
                0x402f0fb4                elm_config
 .text.elm_reset
                0x402f0ff8       0x30 arch/arm/cpu/armv7/am33xx/libam33xx.o
                0x402f0ff8                elm_reset
 .text.elm_init
                0x402f1028       0x18 arch/arm/cpu/armv7/am33xx/libam33xx.o
                0x402f1028                elm_init
 .text          0x402f1040       0x18 arch/arm/cpu/armv7/libarmv7.o
                0x402f1040                lowlevel_init
 .text.sdelay   0x402f1058        0xc arch/arm/cpu/armv7/libarmv7.o
                0x402f1058                sdelay
 .text          0x402f1064       0x90 arch/arm/cpu/armv7/omap-common/libomap-common.o
                0x402f1064                save_boot_params
                0x402f10d0                set_pl310_ctrl_reg
 .text.timer_init
                0x402f10f4       0x3c arch/arm/cpu/armv7/omap-common/libomap-common.o
                0x402f10f4                timer_init
 .text.__udelay
                0x402f1130       0x54 arch/arm/cpu/armv7/omap-common/libomap-common.o
                0x402f1130                __udelay
 .text.get_timer_masked
                0x402f1184       0x3c arch/arm/cpu/armv7/omap-common/libomap-common.o
                0x402f1184                get_timer_masked
 .text.get_timer
                0x402f11c0       0x14 arch/arm/cpu/armv7/omap-common/libomap-common.o
                0x402f11c0                get_timer
 .text.spl_boot_device
                0x402f11d4       0x10 arch/arm/cpu/armv7/omap-common/libomap-common.o
                0x402f11d4                spl_boot_device
 .text.spl_boot_mode
                0x402f11e4       0x10 arch/arm/cpu/armv7/omap-common/libomap-common.o
                0x402f11e4                spl_boot_mode
 .text.spl_board_init
                0x402f11f4       0x14 arch/arm/cpu/armv7/omap-common/libomap-common.o
                0x402f11f4                spl_board_init
 .text.board_mmc_init
                0x402f1208       0x50 arch/arm/cpu/armv7/omap-common/libomap-common.o
                0x402f1208                board_mmc_init
 .text          0x402f1258       0x20 arch/arm/lib/libarm.o
                0x402f1258                _main
 .text.board_init_f
                0x402f1278       0x40 arch/arm/lib/libarm.o
                0x402f1278                board_init_f
 .text.enable_uart0_pin_mux
                0x402f12b8        0xc board/ti/am335x/libam335x.o
                0x402f12b8                enable_uart0_pin_mux
 .text.enable_i2c0_pin_mux
                0x402f12c4        0xc board/ti/am335x/libam335x.o
                0x402f12c4                enable_i2c0_pin_mux
 .text.enable_board_pin_mux
                0x402f12d0       0x2c board/ti/am335x/libam335x.o
                0x402f12d0                enable_board_pin_mux
 .text.read_eeprom
                0x402f12fc       0xb8 board/ti/am335x/libam335x.o
 .text.tps65217_reg_read
                0x402f13b4       0x2c board/ti/am335x/libam335x.o
                0x402f13b4                tps65217_reg_read
 .text.tps65217_reg_write
                0x402f13e0      0x10c board/ti/am335x/libam335x.o
                0x402f13e0                tps65217_reg_write
 .text.tps65217_voltage_update
                0x402f14ec       0x60 board/ti/am335x/libam335x.o
                0x402f14ec                tps65217_voltage_update
 .text.voltage_update
                0x402f154c       0xf0 board/ti/am335x/libam335x.o
                0x402f154c                voltage_update
 .text.am33xx_spl_board_init
                0x402f163c      0x1a0 board/ti/am335x/libam335x.o
                0x402f163c                am33xx_spl_board_init
 .text.s_init   0x402f17dc      0x1b8 board/ti/am335x/libam335x.o
                0x402f17dc                s_init
 .text.fgetc    0x402f1994       0x2c common/libcommon.o
                0x402f1994                fgetc
 .text.ftstc    0x402f19c0       0x2c common/libcommon.o
                0x402f19c0                ftstc
 .text.fputc    0x402f19ec       0x28 common/libcommon.o
                0x402f19ec                fputc
 .text.fputs    0x402f1a14       0x28 common/libcommon.o
                0x402f1a14                fputs
 .text.getc     0x402f1a3c       0x24 common/libcommon.o
                0x402f1a3c                getc
 .text.tstc     0x402f1a60       0x24 common/libcommon.o
                0x402f1a60                tstc
 .text.putc     0x402f1a84       0x28 common/libcommon.o
                0x402f1a84                putc
 .text.puts     0x402f1aac       0x28 common/libcommon.o
                0x402f1aac                puts
 .text.printf   0x402f1ad4       0x4c common/libcommon.o
                0x402f1ad4                printf
 .text.sbrk     0x402f1b20       0x6c common/libcommon.o
                0x402f1b20                sbrk
 .text.mem_malloc_init
                0x402f1b8c       0x34 common/libcommon.o
                0x402f1b8c                mem_malloc_init
 .text.malloc_trim
                0x402f1bc0       0xd8 common/libcommon.o
                0x402f1bc0                malloc_trim
 .text.free     0x402f1c98      0x228 common/libcommon.o
                0x402f1c98                free
 .text.malloc   0x402f1ec0      0x5e0 common/libcommon.o
                0x402f1ec0                malloc
 .text.memalign
                0x402f24a0      0x110 common/libcommon.o
                0x402f24a0                memalign
 .text.CYGACC_COMM_IF_GETC_TIMEOUT.clone.1
                0x402f25b0       0x54 common/libcommon.o
 .text.xyzModem_flush
                0x402f2604       0x18 common/libcommon.o
 .text.xyzModem_get_hdr
                0x402f261c      0x244 common/libcommon.o
 .text.xyzModem_stream_open
                0x402f2860      0x258 common/libcommon.o
                0x402f2860                xyzModem_stream_open
 .text.xyzModem_stream_read
                0x402f2ab8      0x250 common/libcommon.o
                0x402f2ab8                xyzModem_stream_read
 .text.xyzModem_stream_close
                0x402f2d08       0x50 common/libcommon.o
                0x402f2d08                xyzModem_stream_close
 .text.xyzModem_stream_terminate
                0x402f2d58       0x94 common/libcommon.o
                0x402f2d58                xyzModem_stream_terminate
 .text.xyzModem_error
                0x402f2dec       0x20 common/libcommon.o
                0x402f2dec                xyzModem_error
 .text.hang     0x402f2e0c       0x14 common/spl/libspl.o
                0x402f2e0c                hang
 .text.spl_parse_image_header
                0x402f2e20       0xb8 common/spl/libspl.o
                0x402f2e20                spl_parse_image_header
 .text.jump_to_image_no_args
                0x402f2ed8       0x14 common/spl/libspl.o
                0x402f2ed8                jump_to_image_no_args
 .text.board_init_r
                0x402f2eec       0x80 common/spl/libspl.o
                0x402f2eec                board_init_r
 .text.preloader_console_init
                0x402f2f6c       0x38 common/spl/libspl.o
                0x402f2f6c                preloader_console_init
 .text.getcymodem
                0x402f2fa4       0x20 common/spl/libspl.o
 .text.spl_ymodem_load_image
                0x402f2fc4       0xd0 common/spl/libspl.o
                0x402f2fc4                spl_ymodem_load_image
 .text.spl_nand_load_image
                0x402f3094       0x44 common/spl/libspl.o
                0x402f3094                spl_nand_load_image
 .text.init_part
                0x402f30d8       0x20 disk/libdisk.o
                0x402f30d8                init_part
 .text.get_partition_info
                0x402f30f8       0x28 disk/libdisk.o
                0x402f30f8                get_partition_info
 .text.test_block_type
                0x402f3120       0x6c disk/libdisk.o
 .text.get_partition_info_extended.clone.1
                0x402f318c      0x2a4 disk/libdisk.o
 .text.test_part_dos
                0x402f3430       0x60 disk/libdisk.o
                0x402f3430                test_part_dos
 .text.get_partition_info_dos
                0x402f3490       0x1c disk/libdisk.o
                0x402f3490                get_partition_info_dos
 .text._set_gpio_direction
                0x402f34ac       0x2c drivers/gpio/libgpio.o
 .text._set_gpio_dataout
                0x402f34d8       0x44 drivers/gpio/libgpio.o
 .text.check_gpio
                0x402f351c       0x2c drivers/gpio/libgpio.o
 .text.gpio_direction_output
                0x402f3548       0x60 drivers/gpio/libgpio.o
                0x402f3548                gpio_direction_output
 .text.gpio_request
                0x402f35a8       0x18 drivers/gpio/libgpio.o
                0x402f35a8                gpio_request
 .text.wait_for_bb
                0x402f35c0       0x90 drivers/i2c/libi2c.o
 .text.wait_for_pin
                0x402f3650       0x70 drivers/i2c/libi2c.o
 .text.flush_fifo
                0x402f36c0       0x38 drivers/i2c/libi2c.o
 .text.i2c_init
                0x402f36f8      0x1b4 drivers/i2c/libi2c.o
                0x402f36f8                i2c_init
 .text.i2c_probe
                0x402f38ac      0x10c drivers/i2c/libi2c.o
                0x402f38ac                i2c_probe
 .text.i2c_read
                0x402f39b8      0x1dc drivers/i2c/libi2c.o
                0x402f39b8                i2c_read
 .text.i2c_write
                0x402f3b94      0x144 drivers/i2c/libi2c.o
                0x402f3b94                i2c_write
 .text.spl_mmc_load_image
                0x402f3cd8      0x154 drivers/mmc/libmmc.o
                0x402f3cd8                spl_mmc_load_image
 .text.mmc_send_cmd
                0x402f3e2c      0x438 drivers/mmc/libmmc.o
 .text.mmc_go_idle
                0x402f4264       0x4c drivers/mmc/libmmc.o
 .text.mmc_send_ext_csd
                0x402f42b0       0x4c drivers/mmc/libmmc.o
 .text.sd_switch.clone.2
                0x402f42fc       0x58 drivers/mmc/libmmc.o
 .text.mmc_send_status.clone.3
                0x402f4354       0xcc drivers/mmc/libmmc.o
 .text.mmc_switch.clone.1
                0x402f4420       0x50 drivers/mmc/libmmc.o
 .text.__board_mmc_getcd
                0x402f4470        0x8 drivers/mmc/libmmc.o
                0x402f4470                __board_mmc_getcd
                0x402f4470                board_mmc_getcd
 .text.find_mmc_device
                0x402f4478       0x48 drivers/mmc/libmmc.o
                0x402f4478                find_mmc_device
 .text.mmc_berase
                0x402f44c0      0x180 drivers/mmc/libmmc.o
 .text.mmc_bwrite
                0x402f4640      0x19c drivers/mmc/libmmc.o
 .text.mmc_bread
                0x402f47dc      0x168 drivers/mmc/libmmc.o
 .text.mmc_getcd
                0x402f4944       0x2c drivers/mmc/libmmc.o
                0x402f4944                mmc_getcd
 .text.mmc_set_clock
                0x402f4970       0x2c drivers/mmc/libmmc.o
                0x402f4970                mmc_set_clock
 .text.mmc_startup
                0x402f499c      0x8e8 drivers/mmc/libmmc.o
 .text.mmc_register
                0x402f5284       0x80 drivers/mmc/libmmc.o
                0x402f5284                mmc_register
 .text.mmc_init
                0x402f5304      0x340 drivers/mmc/libmmc.o
                0x402f5304                mmc_init
 .text.__def_mmc_init
                0x402f5644        0x8 drivers/mmc/libmmc.o
                0x402f5644                cpu_mmc_init
 .text.print_mmc_devices
                0x402f564c       0x64 drivers/mmc/libmmc.o
                0x402f564c                print_mmc_devices
 .text.mmc_initialize
                0x402f56b0       0x4c drivers/mmc/libmmc.o
                0x402f56b0                mmc_initialize
 .text.mmc_set_ios
                0x402f56fc      0x118 drivers/mmc/libmmc.o
 .text.mmc_reset_controller_fsm
                0x402f5814       0x6c drivers/mmc/libmmc.o
 .text.mmc_init_stream
                0x402f5880       0xac drivers/mmc/libmmc.o
                0x402f5880                mmc_init_stream
 .text.mmc_init_setup
                0x402f592c      0x150 drivers/mmc/libmmc.o
 .text.omap_mmc_init
                0x402f5a7c      0x124 drivers/mmc/libmmc.o
                0x402f5a7c                omap_mmc_init
 .text.nand_command
                0x402f5ba0      0x33c drivers/mtd/nand/libnand.o
 .text.nand_read_page
                0x402f5edc      0x140 drivers/mtd/nand/libnand.o
 .text.nand_spl_load_image
                0x402f601c       0xc4 drivers/mtd/nand/libnand.o
                0x402f601c                nand_spl_load_image
 .text.nand_init
                0x402f60e0       0x5c drivers/mtd/nand/libnand.o
                0x402f60e0                nand_init
 .text.nand_deselect
                0x402f613c       0x2c drivers/mtd/nand/libnand.o
                0x402f613c                nand_deselect
 .text.nand_read_buf
                0x402f6168       0x28 drivers/mtd/nand/libnand.o
                0x402f6168                nand_read_buf
 .text.nand_read_buf16
                0x402f6190       0x2c drivers/mtd/nand/libnand.o
                0x402f6190                nand_read_buf16
 .text.nand_wait_ready
                0x402f61bc       0x4c drivers/mtd/nand/libnand.o
                0x402f61bc                nand_wait_ready
 .text.omap_nand_hwcontrol
                0x402f6208       0xa4 drivers/mtd/nand/libnand.o
 .text.omap_spl_dev_ready
                0x402f62ac       0x18 drivers/mtd/nand/libnand.o
                0x402f62ac                omap_spl_dev_ready
 .text.omap_hwecc_init_bch
                0x402f62c4       0x90 drivers/mtd/nand/libnand.o
 .text.omap_enable_ecc_bch
                0x402f6354       0x2c drivers/mtd/nand/libnand.o
 .text.omap_read_page_bch
                0x402f6380      0x1ac drivers/mtd/nand/libnand.o
 .text.omap_correct_data_bch
                0x402f652c      0x154 drivers/mtd/nand/libnand.o
 .text.omap_calculate_ecc_bch
                0x402f6680       0x8c drivers/mtd/nand/libnand.o
 .text.board_nand_init
                0x402f670c      0x190 drivers/mtd/nand/libnand.o
                0x402f670c                board_nand_init
 .text.NS16550_init
                0x402f689c       0x60 drivers/serial/libserial.o
                0x402f689c                NS16550_init
 .text.NS16550_reinit
                0x402f68fc       0x4c drivers/serial/libserial.o
                0x402f68fc                NS16550_reinit
 .text.NS16550_putc
                0x402f6948       0x14 drivers/serial/libserial.o
                0x402f6948                NS16550_putc
 .text.NS16550_getc
                0x402f695c       0x14 drivers/serial/libserial.o
                0x402f695c                NS16550_getc
 .text.NS16550_tstc
                0x402f6970        0xc drivers/serial/libserial.o
                0x402f6970                NS16550_tstc
 .text.get_current
                0x402f697c       0x40 drivers/serial/libserial.o
 .text.serial_init
                0x402f69bc       0x14 drivers/serial/libserial.o
                0x402f69bc                serial_init
 .text.serial_getc
                0x402f69d0       0x14 drivers/serial/libserial.o
                0x402f69d0                serial_getc
 .text.serial_tstc
                0x402f69e4       0x14 drivers/serial/libserial.o
                0x402f69e4                serial_tstc
 .text.serial_putc
                0x402f69f8       0x1c drivers/serial/libserial.o
                0x402f69f8                serial_putc
 .text.serial_puts
                0x402f6a14       0x1c drivers/serial/libserial.o
                0x402f6a14                serial_puts
 .text.calc_divisor.clone.0
                0x402f6a30       0x28 drivers/serial/libserial.o
 .text.eserial1_init
                0x402f6a58       0x20 drivers/serial/libserial.o
 .text._serial_putc
                0x402f6a78       0x38 drivers/serial/libserial.o
                0x402f6a78                _serial_putc
 .text.eserial1_putc
                0x402f6ab0        0x8 drivers/serial/libserial.o
 .text._serial_puts
                0x402f6ab8       0x28 drivers/serial/libserial.o
                0x402f6ab8                _serial_puts
 .text.eserial1_puts
                0x402f6ae0        0x8 drivers/serial/libserial.o
 .text._serial_getc
                0x402f6ae8       0x1c drivers/serial/libserial.o
                0x402f6ae8                _serial_getc
 .text.eserial1_getc
                0x402f6b04        0x8 drivers/serial/libserial.o
 .text._serial_tstc
                0x402f6b0c       0x14 drivers/serial/libserial.o
                0x402f6b0c                _serial_tstc
 .text.eserial1_tstc
                0x402f6b20        0x8 drivers/serial/libserial.o
 .text._serial_setbrg
                0x402f6b28       0x28 drivers/serial/libserial.o
                0x402f6b28                _serial_setbrg
 .text.eserial1_setbrg
                0x402f6b50        0x8 drivers/serial/libserial.o
 .text.default_serial_console
                0x402f6b58        0xc drivers/serial/libserial.o
                0x402f6b58                default_serial_console
 .text.downcase
                0x402f6b64       0x28 fs/fat/libfat.o
 .text.disk_read
                0x402f6b8c       0x5c fs/fat/libfat.o
 .text.dirdelim
                0x402f6be8       0x34 fs/fat/libfat.o
 .text.get_fatent
                0x402f6c1c      0x154 fs/fat/libfat.o
 .text.slot2str
                0x402f6d70       0xd0 fs/fat/libfat.o
 .text.mkcksum  0x402f6e40       0x54 fs/fat/libfat.o
 .text.get_name
                0x402f6e94       0xc8 fs/fat/libfat.o
 .text.read_bootsectandvi
                0x402f6f5c      0x128 fs/fat/libfat.o
 .text.get_cluster
                0x402f7084      0x174 fs/fat/libfat.o
 .text.get_vfatname
                0x402f71f8      0x1b4 fs/fat/libfat.o
 .text.fat_set_blk_dev
                0x402f73ac       0xcc fs/fat/libfat.o
                0x402f73ac                fat_set_blk_dev
 .text.fat_register_device
                0x402f7478       0x88 fs/fat/libfat.o
                0x402f7478                fat_register_device
 .text.do_fat_read_at
                0x402f7500      0xb64 fs/fat/libfat.o
                0x402f7500                do_fat_read_at
 .text.file_fat_read_at
                0x402f8064       0x44 fs/fat/libfat.o
                0x402f8064                file_fat_read_at
 .text.file_fat_read
                0x402f80a8       0x14 fs/fat/libfat.o
                0x402f80a8                file_fat_read
 .text.cyg_crc16
                0x402f80bc       0x44 lib/libgeneric.o
                0x402f80bc                cyg_crc16
 .text.__div64_32
                0x402f8100       0xe0 lib/libgeneric.o
                0x402f8100                __div64_32
 .text.strcpy   0x402f81e0       0x18 lib/libgeneric.o
                0x402f81e0                strcpy
 .text.strcmp   0x402f81f8       0x28 lib/libgeneric.o
                0x402f81f8                strcmp
 .text.strncmp  0x402f8220       0x3c lib/libgeneric.o
                0x402f8220                strncmp
 .text.strnlen  0x402f825c       0x28 lib/libgeneric.o
                0x402f825c                strnlen
 .text.memset   0x402f8284       0x68 lib/libgeneric.o
                0x402f8284                memset
 .text.memcpy   0x402f82ec       0x74 lib/libgeneric.o
                0x402f82ec                memcpy
 .text.memcmp   0x402f8360       0x38 lib/libgeneric.o
                0x402f8360                memcmp
 .text.udelay   0x402f8398       0x30 lib/libgeneric.o
                0x402f8398                udelay
 .text.put_dec  0x402f83c8      0x1dc lib/libgeneric.o
 .text.number.clone.1
                0x402f85a4      0x210 lib/libgeneric.o
 .text.vsnprintf_internal.clone.3
                0x402f87b4      0x498 lib/libgeneric.o
 .text.vsprintf
                0x402f8c4c        0x4 lib/libgeneric.o
                0x402f8c4c                vsprintf
 .text.sprintf  0x402f8c50       0x24 lib/libgeneric.o
                0x402f8c50                sprintf
 .text.raise    0x402f8c74        0x8 /home/lynn/git_prj/iE10/u-boot-2013.01.01-psp05.07.00.00/am335x/spl/arch/arm/lib/eabi_compat.o
                0x402f8c74                raise
 .text          0x402f8c7c      0x114 /home/lynn/ti-sdk-am335x-evm-05.07.00.00/linux-devkit/bin/../lib/gcc/arm-arago-linux-gnueabi/4.5.3/libgcc.a(_udivsi3.o)
                0x402f8c7c                __udivsi3
                0x402f8c7c                __aeabi_uidiv
                0x402f8d70                __aeabi_uidivmod
 .text          0x402f8d90      0x148 /home/lynn/ti-sdk-am335x-evm-05.07.00.00/linux-devkit/bin/../lib/gcc/arm-arago-linux-gnueabi/4.5.3/libgcc.a(_divsi3.o)
                0x402f8d90                __aeabi_idiv
                0x402f8d90                __divsi3
                0x402f8eb8                __aeabi_idivmod
 .text          0x402f8ed8       0x1c /home/lynn/ti-sdk-am335x-evm-05.07.00.00/linux-devkit/bin/../lib/gcc/arm-arago-linux-gnueabi/4.5.3/libgcc.a(_lshrdi3.o)
                0x402f8ed8                __aeabi_llsr
                0x402f8ed8                __lshrdi3
 .text          0x402f8ef4       0x1c /home/lynn/ti-sdk-am335x-evm-05.07.00.00/linux-devkit/bin/../lib/gcc/arm-arago-linux-gnueabi/4.5.3/libgcc.a(_ashldi3.o)
                0x402f8ef4                __ashldi3
                0x402f8ef4                __aeabi_llsl
 .text          0x402f8f10       0x14 /home/lynn/ti-sdk-am335x-evm-05.07.00.00/linux-devkit/bin/../lib/gcc/arm-arago-linux-gnueabi/4.5.3/libgcc.a(_dvmd_lnx.o)
                0x402f8f10                __aeabi_ldiv0
                0x402f8f10                __aeabi_idiv0

.glue_7         0x00000000        0x0
 .glue_7        0x00000000        0x0 linker stubs

.glue_7t        0x00000000        0x0
 .glue_7t       0x00000000        0x0 linker stubs

.vfp11_veneer   0x00000000        0x0
 .vfp11_veneer  0x00000000        0x0 linker stubs

.v4_bx          0x00000000        0x0
 .v4_bx         0x00000000        0x0 linker stubs
                0x00000000                . = ALIGN (0x4)

.rodata         0x402f8f24     0x23aa
 *(SORT(.rodata*))
 .rodata.gpmc_m_nand
                0x402f8f24       0x1c arch/arm/cpu/armv7/am33xx/libam33xx.o
 .rodata.ddr_reg
                0x402f8f40        0x8 arch/arm/cpu/armv7/am33xx/libam33xx.o
 .rodata.gpio_bank_am33xx
                0x402f8f48       0x20 arch/arm/cpu/armv7/am33xx/libam33xx.o
 .rodata.omap_gpio_bank
                0x402f8f68        0x4 arch/arm/cpu/armv7/am33xx/libam33xx.o
                0x402f8f68                omap_gpio_bank
 .rodata.ddr3_evm_cmd_ctrl_data
                0x402f8f6c       0x3c board/ti/am335x/libam335x.o
 .rodata.ddr3_evm_data
                0x402f8fa8       0x20 board/ti/am335x/libam335x.o
 .rodata.CSWTCH.13
                0x402f8fc8       0x20 common/libcommon.o
 .rodata.ext_csd_bits.3704
                0x402f8fe8        0xc drivers/mmc/libmmc.o
 .rodata.ext_to_hostcaps.3705
                0x402f8ff4        0xc drivers/mmc/libmmc.o
 .rodata.multipliers
                0x402f9000       0x40 drivers/mmc/libmmc.o
 .rodata.fbase  0x402f9040       0x10 drivers/mmc/libmmc.o
 .rodata.widths.3706
                0x402f9050        0xc drivers/mmc/libmmc.o
 .rodata.nand_ecc_pos
                0x402f905c      0x1c0 drivers/mtd/nand/libnand.o
 .rodata.serial_ports
                0x402f921c       0x18 drivers/serial/libserial.o
 .rodata.crc16_tab
                0x402f9234      0x200 lib/libgeneric.o
 .rodata.str1.1
                0x402f9434      0x19a board/ti/am335x/libam335x.o
 .rodata.str1.1
                0x402f95ce      0xb7f common/libcommon.o
                                0xba5 (size before relaxing)
 .rodata.str1.1
                0x402fa14d       0x82 common/spl/libspl.o
                                 0x89 (size before relaxing)
 .rodata.str1.1
                0x402fa1cf      0x3fa disk/libdisk.o
                                0x420 (size before relaxing)
 .rodata.str1.1
                0x402fa5c9       0x57 drivers/gpio/libgpio.o
 .rodata.str1.1
                0x402fa620      0x1b8 drivers/i2c/libi2c.o
 .rodata.str1.1
                0x402fa7d8      0x3a1 drivers/mmc/libmmc.o
                                0x3a3 (size before relaxing)
 .rodata.__func__.3887
                0x402fab79        0xf drivers/mmc/libmmc.o
 .rodata.__func__.3952
                0x402fab88        0xc drivers/mmc/libmmc.o
 .rodata.__func__.3732
                0x402fab94        0xf drivers/mmc/libmmc.o
 .rodata.__func__.3789
                0x402faba3       0x19 drivers/mmc/libmmc.o
 .rodata.__func__.3852
                0x402fabbc        0xe drivers/mmc/libmmc.o
 .rodata.__func__.3804
                0x402fabca        0xd drivers/mmc/libmmc.o
 .rodata.__func__.3702
                0x402fabd7       0x10 drivers/mmc/libmmc.o
 .rodata.str1.1
                0x402fabe7      0x2e0 drivers/mtd/nand/libnand.o
 .rodata.CSWTCH.24
                0x402faec7        0x3 drivers/mtd/nand/libnand.o
 .rodata.str1.1
                0x402faeca       0x15 drivers/serial/libserial.o
 .rodata.str1.1
                0x402faedf      0x27b fs/fat/libfat.o
                                0x2a6 (size before relaxing)
 .rodata        0x402fb15a       0x11 lib/libgeneric.o
 .rodata._ctype
                0x402fb16b      0x100 lib/libgeneric.o
                0x402fb16b                _ctype
 .rodata.str1.1
                0x402fb26b       0x63 lib/libgeneric.o
                0x402fb2d0                . = ALIGN (0x4)

.data           0x402fb2d0      0x89b
 *(SORT(.data*))
 .data          0x402fb2d0       0x80 arch/arm/lib/libarm.o
                0x402fb2d0                gdata
 .data.cmdpll   0x402fb350        0x4 arch/arm/cpu/armv7/am33xx/libam33xx.o
                0x402fb350                cmdpll
 .data.cmrtc    0x402fb354        0x4 arch/arm/cpu/armv7/am33xx/libam33xx.o
                0x402fb354                cmrtc
 .data.cmwkup   0x402fb358        0x4 arch/arm/cpu/armv7/am33xx/libam33xx.o
                0x402fb358                cmwkup
 .data.cmper    0x402fb35c        0x4 arch/arm/cpu/armv7/am33xx/libam33xx.o
                0x402fb35c                cmper
 .data.cstat    0x402fb360        0x4 arch/arm/cpu/armv7/am33xx/libam33xx.o
                0x402fb360                cstat
 .data          0x402fb364        0xc arch/arm/cpu/armv7/omap-common/libomap-common.o
                0x402fb364                boot_params
 .data.omap_bootmode
                0x402fb370        0x4 arch/arm/cpu/armv7/omap-common/libomap-common.o
                0x402fb370                omap_bootmode
 .data          0x402fb374       0x50 board/ti/am335x/libam335x.o
 .data.ddr3_evm_emif_reg_data
                0x402fb3c4       0x54 board/ti/am335x/libam335x.o
 .data.av_      0x402fb418      0x408 common/libcommon.o
 .data.sbrk_base
                0x402fb820        0x4 common/libcommon.o
 .data.trim_threshold
                0x402fb824        0x4 common/libcommon.o
 .data          0x402fb828       0x20 common/spl/libspl.o
 .data          0x402fb848       0x14 drivers/i2c/libi2c.o
 .data.cur_dev_num
                0x402fb85c        0x4 drivers/mmc/libmmc.o
 .data.hw_bch8_nand_oob
                0x402fb860      0x248 drivers/mtd/nand/libnand.o
 .data.eserial1_device
                0x402fbaa8       0x30 drivers/serial/libserial.o
                0x402fbaa8                eserial1_device
 .data.nand_pin_mux
                0x402fbad8       0x40 board/ti/am335x/libam335x.o
 .data.i2c0_pin_mux
                0x402fbb18        0xc board/ti/am335x/libam335x.o
 .data.gpio_other_pin_mux
                0x402fbb24       0x14 board/ti/am335x/libam335x.o
 .data.mmc0_pin_mux
                0x402fbb38       0x24 board/ti/am335x/libam335x.o
 .data.uart0_pin_mux
                0x402fbb5c        0xc board/ti/am335x/libam335x.o
 .data.bch_priv
                0x402fbb68        0x3 drivers/mtd/nand/libnand.o

.u_boot_list    0x402fb2d0        0x0
                0x402fb2d0                _u_boot_list__start = .
                0x402fb2d0                _u_boot_list_cmd__start = .
 *(SORT(.u_boot_list.cmd.*))
                0x402fb2d0                _u_boot_list_cmd__end = .
                0x402fb2d0                _u_boot_list_env_clbk__start = .
 *(SORT(.u_boot_list.env_clbk.*))
                0x402fb2d0                _u_boot_list_env_clbk__end = .
 *(SORT(.u_boot_list.*))
                0x402fb2d0                _u_boot_list__end = .
                0x402fb2d0                . = ALIGN (0x4)
                0x402fb2d0                __image_copy_end = .
                0x402fb2d0                _end = .

.bss            0x80000000    0x30954
                0x80000000                . = ALIGN (0x4)
                0x80000000                __bss_start = .
 *(.bss*)
 .bss.gpmc_cfg  0x80000000        0x4 arch/arm/cpu/armv7/am33xx/libam33xx.o
                0x80000000                gpmc_cfg
 .bss.elm_cfg   0x80000004        0x4 arch/arm/cpu/armv7/am33xx/libam33xx.o
                0x80000004                elm_cfg
 .bss.max_total_mem
                0x80000008        0x4 common/libcommon.o
 .bss.mem_malloc_brk
                0x8000000c        0x4 common/libcommon.o
                0x8000000c                mem_malloc_brk
 .bss.max_sbrked_mem
                0x80000010        0x4 common/libcommon.o
 .bss.current_mallinfo
                0x80000014       0x28 common/libcommon.o
 .bss.mem_malloc_end
                0x8000003c        0x4 common/libcommon.o
                0x8000003c                mem_malloc_end
 .bss.top_pad   0x80000040        0x4 common/libcommon.o
 .bss.mem_malloc_start
                0x80000044        0x4 common/libcommon.o
                0x80000044                mem_malloc_start
 .bss.stdio_devices
                0x80000048        0xc common/libcommon.o
                0x80000048                stdio_devices
 .bss.xyz       0x80000054      0x43c common/libcommon.o
 .bss.spl_image
                0x80000490       0x18 common/spl/libspl.o
                0x80000490                spl_image
 .bss.boot_params_ptr
                0x800004a8        0x4 common/spl/libspl.o
                0x800004a8                boot_params_ptr
 .bss.mmc_devices
                0x800004ac        0x8 drivers/mmc/libmmc.o
 *fill*         0x800004b4        0x4 00
 .bss.hsmmc_dev
                0x800004b8      0x250 drivers/mmc/libmmc.o
 .bss.mtd       0x80000708       0xa8 drivers/mtd/nand/libnand.o
 .bss.nand_chip
                0x800007b0      0x128 drivers/mtd/nand/libnand.o
 .bss.cs        0x800008d8        0x1 drivers/mtd/nand/libnand.o
 *fill*         0x800008d9        0x3 00
 .bss.serial_current
                0x800008dc        0x4 drivers/serial/libserial.o
 *fill*         0x800008e0       0x20 00
 .bss.get_contents_vfatname_block
                0x80000900    0x10000 fs/fat/libfat.o
                0x80000900                get_contents_vfatname_block
 .bss.do_fat_read_at_block
                0x80010900    0x10000 fs/fat/libfat.o
                0x80010900                do_fat_read_at_block
 .bss.get_dentfromdir_block
                0x80020900    0x10000 fs/fat/libfat.o
                0x80020900                get_dentfromdir_block
 .bss.cur_part_info
                0x80030900       0x50 fs/fat/libfat.o
 .bss.cur_dev   0x80030950        0x4 fs/fat/libfat.o
                0x80030954                . = ALIGN (0x4)
                0x80030954                __bss_end__ = .
Address of section .text set to 0x402f0400
LOAD arch/arm/cpu/armv7/start.o
START GROUP
LOAD arch/arm/cpu/armv7/am33xx/libam33xx.o
LOAD arch/arm/cpu/armv7/libarmv7.o
LOAD arch/arm/cpu/armv7/omap-common/libomap-common.o
LOAD arch/arm/lib/libarm.o
LOAD board/ti/am335x/libam335x.o
LOAD common/libcommon.o
LOAD common/spl/libspl.o
LOAD disk/libdisk.o
LOAD drivers/gpio/libgpio.o
LOAD drivers/i2c/libi2c.o
LOAD drivers/mmc/libmmc.o
LOAD drivers/mtd/nand/libnand.o
LOAD drivers/mtd/spi/libspi_flash.o
LOAD drivers/serial/libserial.o
LOAD drivers/usb/musb-new/libusb_musb-new.o
LOAD fs/fat/libfat.o
LOAD lib/libgeneric.o
END GROUP
LOAD /home/lynn/git_prj/iE10/u-boot-2013.01.01-psp05.07.00.00/am335x/spl/arch/arm/lib/eabi_compat.o
LOAD /home/lynn/ti-sdk-am335x-evm-05.07.00.00/linux-devkit/bin/../lib/gcc/arm-arago-linux-gnueabi/4.5.3/libgcc.a
LOAD /home/lynn/ti-sdk-am335x-evm-05.07.00.00/linux-devkit/bin/../lib/gcc/arm-arago-linux-gnueabi/4.5.3/libgcc.a
OUTPUT(u-boot-spl elf32-littlearm)

.ARM.attributes
                0x00000000       0x29
 .ARM.attributes
                0x00000000       0x1d arch/arm/cpu/armv7/start.o
 .ARM.attributes
                0x0000001d       0x2d arch/arm/cpu/armv7/am33xx/libam33xx.o
 .ARM.attributes
                0x0000004a       0x2b arch/arm/cpu/armv7/libarmv7.o
 .ARM.attributes
                0x00000075       0x29 arch/arm/cpu/armv7/omap-common/libomap-common.o
 .ARM.attributes
                0x0000009e       0x29 arch/arm/lib/libarm.o
 .ARM.attributes
                0x000000c7       0x2d board/ti/am335x/libam335x.o
 .ARM.attributes
                0x000000f4       0x2d common/libcommon.o
 .ARM.attributes
                0x00000121       0x2d common/spl/libspl.o
 .ARM.attributes
                0x0000014e       0x2d disk/libdisk.o
 .ARM.attributes
                0x0000017b       0x2d drivers/gpio/libgpio.o
 .ARM.attributes
                0x000001a8       0x2d drivers/i2c/libi2c.o
 .ARM.attributes
                0x000001d5       0x2d drivers/mmc/libmmc.o
 .ARM.attributes
                0x00000202       0x2d drivers/mtd/nand/libnand.o
 .ARM.attributes
                0x0000022f       0x2d drivers/mtd/spi/libspi_flash.o
 .ARM.attributes
                0x0000025c       0x2d drivers/serial/libserial.o
 .ARM.attributes
                0x00000289       0x2d fs/fat/libfat.o
 .ARM.attributes
                0x000002b6       0x2d lib/libgeneric.o
 .ARM.attributes
                0x000002e3       0x2d /home/lynn/git_prj/iE10/u-boot-2013.01.01-psp05.07.00.00/am335x/spl/arch/arm/lib/eabi_compat.o
 .ARM.attributes
                0x00000310       0x18 /home/lynn/ti-sdk-am335x-evm-05.07.00.00/linux-devkit/bin/../lib/gcc/arm-arago-linux-gnueabi/4.5.3/libgcc.a(_udivsi3.o)
 .ARM.attributes
                0x00000328       0x18 /home/lynn/ti-sdk-am335x-evm-05.07.00.00/linux-devkit/bin/../lib/gcc/arm-arago-linux-gnueabi/4.5.3/libgcc.a(_divsi3.o)
 .ARM.attributes
                0x00000340       0x18 /home/lynn/ti-sdk-am335x-evm-05.07.00.00/linux-devkit/bin/../lib/gcc/arm-arago-linux-gnueabi/4.5.3/libgcc.a(_lshrdi3.o)
 .ARM.attributes
                0x00000358       0x18 /home/lynn/ti-sdk-am335x-evm-05.07.00.00/linux-devkit/bin/../lib/gcc/arm-arago-linux-gnueabi/4.5.3/libgcc.a(_ashrdi3.o)
 .ARM.attributes
                0x00000370       0x18 /home/lynn/ti-sdk-am335x-evm-05.07.00.00/linux-devkit/bin/../lib/gcc/arm-arago-linux-gnueabi/4.5.3/libgcc.a(_ashldi3.o)
 .ARM.attributes
                0x00000388       0x18 /home/lynn/ti-sdk-am335x-evm-05.07.00.00/linux-devkit/bin/../lib/gcc/arm-arago-linux-gnueabi/4.5.3/libgcc.a(_dvmd_lnx.o)

.note.GNU-stack
                0x00000000        0x0
 .note.GNU-stack
                0x00000000        0x0 arch/arm/cpu/armv7/am33xx/libam33xx.o
 .note.GNU-stack
                0x00000000        0x0 arch/arm/cpu/armv7/libarmv7.o
 .note.GNU-stack
                0x00000000        0x0 arch/arm/cpu/armv7/omap-common/libomap-common.o
 .note.GNU-stack
                0x00000000        0x0 arch/arm/lib/libarm.o
 .note.GNU-stack
                0x00000000        0x0 board/ti/am335x/libam335x.o
 .note.GNU-stack
                0x00000000        0x0 common/libcommon.o
 .note.GNU-stack
                0x00000000        0x0 common/spl/libspl.o
 .note.GNU-stack
                0x00000000        0x0 disk/libdisk.o
 .note.GNU-stack
                0x00000000        0x0 drivers/gpio/libgpio.o
 .note.GNU-stack
                0x00000000        0x0 drivers/i2c/libi2c.o
 .note.GNU-stack
                0x00000000        0x0 drivers/mmc/libmmc.o
 .note.GNU-stack
                0x00000000        0x0 drivers/mtd/nand/libnand.o
 .note.GNU-stack
                0x00000000        0x0 drivers/mtd/spi/libspi_flash.o
 .note.GNU-stack
                0x00000000        0x0 drivers/serial/libserial.o
 .note.GNU-stack
                0x00000000        0x0 fs/fat/libfat.o
 .note.GNU-stack
                0x00000000        0x0 lib/libgeneric.o
 .note.GNU-stack
                0x00000000        0x0 /home/lynn/git_prj/iE10/u-boot-2013.01.01-psp05.07.00.00/am335x/spl/arch/arm/lib/eabi_compat.o
 .note.GNU-stack
                0x00000000        0x0 /home/lynn/ti-sdk-am335x-evm-05.07.00.00/linux-devkit/bin/../lib/gcc/arm-arago-linux-gnueabi/4.5.3/libgcc.a(_udivsi3.o)
 .note.GNU-stack
                0x00000000        0x0 /home/lynn/ti-sdk-am335x-evm-05.07.00.00/linux-devkit/bin/../lib/gcc/arm-arago-linux-gnueabi/4.5.3/libgcc.a(_divsi3.o)
 .note.GNU-stack
                0x00000000        0x0 /home/lynn/ti-sdk-am335x-evm-05.07.00.00/linux-devkit/bin/../lib/gcc/arm-arago-linux-gnueabi/4.5.3/libgcc.a(_lshrdi3.o)
 .note.GNU-stack
                0x00000000        0x0 /home/lynn/ti-sdk-am335x-evm-05.07.00.00/linux-devkit/bin/../lib/gcc/arm-arago-linux-gnueabi/4.5.3/libgcc.a(_ashrdi3.o)
 .note.GNU-stack
                0x00000000        0x0 /home/lynn/ti-sdk-am335x-evm-05.07.00.00/linux-devkit/bin/../lib/gcc/arm-arago-linux-gnueabi/4.5.3/libgcc.a(_ashldi3.o)
 .note.GNU-stack
                0x00000000        0x0 /home/lynn/ti-sdk-am335x-evm-05.07.00.00/linux-devkit/bin/../lib/gcc/arm-arago-linux-gnueabi/4.5.3/libgcc.a(_dvmd_lnx.o)

.comment        0x00000000       0x27
 .comment       0x00000000       0x27 arch/arm/cpu/armv7/am33xx/libam33xx.o
                                0x140 (size before relaxing)
 .comment       0x00000000       0x78 arch/arm/cpu/armv7/libarmv7.o
 .comment       0x00000000       0xa0 arch/arm/cpu/armv7/omap-common/libomap-common.o
 .comment       0x00000000       0xc8 arch/arm/lib/libarm.o
 .comment       0x00000000       0x50 board/ti/am335x/libam335x.o
 .comment       0x00000000      0x140 common/libcommon.o
 .comment       0x00000000       0x78 common/spl/libspl.o
 .comment       0x00000000       0x50 disk/libdisk.o
 .comment       0x00000000       0x28 drivers/gpio/libgpio.o
 .comment       0x00000000       0x28 drivers/i2c/libi2c.o
 .comment       0x00000000       0x78 drivers/mmc/libmmc.o
 .comment       0x00000000       0xa0 drivers/mtd/nand/libnand.o
 .comment       0x00000000       0x78 drivers/mtd/spi/libspi_flash.o
 .comment       0x00000000       0x78 drivers/serial/libserial.o
 .comment       0x00000000       0x28 fs/fat/libfat.o
 .comment       0x00000000      0x168 lib/libgeneric.o
 .comment       0x00000000       0x28 /home/lynn/git_prj/iE10/u-boot-2013.01.01-psp05.07.00.00/am335x/spl/arch/arm/lib/eabi_compat.o

.debug_line     0x00000000     0xb914
 .debug_line    0x00000000       0x71 arch/arm/cpu/armv7/start.o
 .debug_line    0x00000071      0xf7c arch/arm/cpu/armv7/am33xx/libam33xx.o
 .debug_line    0x00000fed      0x5e4 arch/arm/cpu/armv7/libarmv7.o
 .debug_line    0x000015d1      0x669 arch/arm/cpu/armv7/omap-common/libomap-common.o
 .debug_line    0x00001c3a      0x9d0 arch/arm/lib/libarm.o
 .debug_line    0x0000260a      0x571 board/ti/am335x/libam335x.o
 .debug_line    0x00002b7b     0x1cc7 common/libcommon.o
 .debug_line    0x00004842      0x54a common/spl/libspl.o
 .debug_line    0x00004d8c      0x68b disk/libdisk.o
 .debug_line    0x00005417      0x24d drivers/gpio/libgpio.o
 .debug_line    0x00005664      0x3bf drivers/i2c/libi2c.o
 .debug_line    0x00005a23      0xceb drivers/mmc/libmmc.o
 .debug_line    0x0000670e     0x1b53 drivers/mtd/nand/libnand.o
 .debug_line    0x00008261      0x69e drivers/mtd/spi/libspi_flash.o
 .debug_line    0x000088ff      0x9ed drivers/serial/libserial.o
 .debug_line    0x000092ec      0xc03 fs/fat/libfat.o
 .debug_line    0x00009eef     0x1337 lib/libgeneric.o
 .debug_line    0x0000b226      0x153 /home/lynn/git_prj/iE10/u-boot-2013.01.01-psp05.07.00.00/am335x/spl/arch/arm/lib/eabi_compat.o
 .debug_line    0x0000b379      0x105 /home/lynn/ti-sdk-am335x-evm-05.07.00.00/linux-devkit/bin/../lib/gcc/arm-arago-linux-gnueabi/4.5.3/libgcc.a(_udivsi3.o)
 .debug_line    0x0000b47e      0x111 /home/lynn/ti-sdk-am335x-evm-05.07.00.00/linux-devkit/bin/../lib/gcc/arm-arago-linux-gnueabi/4.5.3/libgcc.a(_divsi3.o)
 .debug_line    0x0000b58f       0xe2 /home/lynn/ti-sdk-am335x-evm-05.07.00.00/linux-devkit/bin/../lib/gcc/arm-arago-linux-gnueabi/4.5.3/libgcc.a(_lshrdi3.o)
 .debug_line    0x0000b671       0xe2 /home/lynn/ti-sdk-am335x-evm-05.07.00.00/linux-devkit/bin/../lib/gcc/arm-arago-linux-gnueabi/4.5.3/libgcc.a(_ashrdi3.o)
 .debug_line    0x0000b753       0xe2 /home/lynn/ti-sdk-am335x-evm-05.07.00.00/linux-devkit/bin/../lib/gcc/arm-arago-linux-gnueabi/4.5.3/libgcc.a(_ashldi3.o)
 .debug_line    0x0000b835       0xdf /home/lynn/ti-sdk-am335x-evm-05.07.00.00/linux-devkit/bin/../lib/gcc/arm-arago-linux-gnueabi/4.5.3/libgcc.a(_dvmd_lnx.o)

.debug_info     0x00000000    0x2afe0
 .debug_info    0x00000000       0x7c arch/arm/cpu/armv7/start.o
 .debug_info    0x0000007c     0x5656 arch/arm/cpu/armv7/am33xx/libam33xx.o
 .debug_info    0x000056d2     0x1226 arch/arm/cpu/armv7/libarmv7.o
 .debug_info    0x000068f8     0x1099 arch/arm/cpu/armv7/omap-common/libomap-common.o
 .debug_info    0x00007991     0x1c9e arch/arm/lib/libarm.o
 .debug_info    0x0000962f     0x2230 board/ti/am335x/libam335x.o
 .debug_info    0x0000b85f     0x60c5 common/libcommon.o
 .debug_info    0x00011924     0x1372 common/spl/libspl.o
 .debug_info    0x00012c96     0x164b disk/libdisk.o
 .debug_info    0x000142e1      0x734 drivers/gpio/libgpio.o
 .debug_info    0x00014a15     0x123e drivers/i2c/libi2c.o
 .debug_info    0x00015c53     0x3e99 drivers/mmc/libmmc.o
 .debug_info    0x00019aec     0x7f22 drivers/mtd/nand/libnand.o
 .debug_info    0x00021a0e     0x1735 drivers/mtd/spi/libspi_flash.o
 .debug_info    0x00023143     0x219d drivers/serial/libserial.o
 .debug_info    0x000252e0     0x2616 fs/fat/libfat.o
 .debug_info    0x000278f6     0x29fd lib/libgeneric.o
 .debug_info    0x0002a2f3      0x327 /home/lynn/git_prj/iE10/u-boot-2013.01.01-psp05.07.00.00/am335x/spl/arch/arm/lib/eabi_compat.o
 .debug_info    0x0002a61a      0x1a1 /home/lynn/ti-sdk-am335x-evm-05.07.00.00/linux-devkit/bin/../lib/gcc/arm-arago-linux-gnueabi/4.5.3/libgcc.a(_udivsi3.o)
 .debug_info    0x0002a7bb      0x1a1 /home/lynn/ti-sdk-am335x-evm-05.07.00.00/linux-devkit/bin/../lib/gcc/arm-arago-linux-gnueabi/4.5.3/libgcc.a(_divsi3.o)
 .debug_info    0x0002a95c      0x1a1 /home/lynn/ti-sdk-am335x-evm-05.07.00.00/linux-devkit/bin/../lib/gcc/arm-arago-linux-gnueabi/4.5.3/libgcc.a(_lshrdi3.o)
 .debug_info    0x0002aafd      0x1a1 /home/lynn/ti-sdk-am335x-evm-05.07.00.00/linux-devkit/bin/../lib/gcc/arm-arago-linux-gnueabi/4.5.3/libgcc.a(_ashrdi3.o)
 .debug_info    0x0002ac9e      0x1a1 /home/lynn/ti-sdk-am335x-evm-05.07.00.00/linux-devkit/bin/../lib/gcc/arm-arago-linux-gnueabi/4.5.3/libgcc.a(_ashldi3.o)
 .debug_info    0x0002ae3f      0x1a1 /home/lynn/ti-sdk-am335x-evm-05.07.00.00/linux-devkit/bin/../lib/gcc/arm-arago-linux-gnueabi/4.5.3/libgcc.a(_dvmd_lnx.o)

.debug_abbrev   0x00000000     0x8306
 .debug_abbrev  0x00000000       0x14 arch/arm/cpu/armv7/start.o
 .debug_abbrev  0x00000014      0xef9 arch/arm/cpu/armv7/am33xx/libam33xx.o
 .debug_abbrev  0x00000f0d      0x565 arch/arm/cpu/armv7/libarmv7.o
 .debug_abbrev  0x00001472      0x5b8 arch/arm/cpu/armv7/omap-common/libomap-common.o
 .debug_abbrev  0x00001a2a      0x7f1 arch/arm/lib/libarm.o
 .debug_abbrev  0x0000221b      0x490 board/ti/am335x/libam335x.o
 .debug_abbrev  0x000026ab     0x1538 common/libcommon.o
 .debug_abbrev  0x00003be3      0x513 common/spl/libspl.o
 .debug_abbrev  0x000040f6      0x583 disk/libdisk.o
 .debug_abbrev  0x00004679      0x229 drivers/gpio/libgpio.o
 .debug_abbrev  0x000048a2      0x367 drivers/i2c/libi2c.o
 .debug_abbrev  0x00004c09      0xa7a drivers/mmc/libmmc.o
 .debug_abbrev  0x00005683      0xd75 drivers/mtd/nand/libnand.o
 .debug_abbrev  0x000063f8      0x5fe drivers/mtd/spi/libspi_flash.o
 .debug_abbrev  0x000069f6      0x6e7 drivers/serial/libserial.o
 .debug_abbrev  0x000070dd      0x42f fs/fat/libfat.o
 .debug_abbrev  0x0000750c      0xc6a lib/libgeneric.o
 .debug_abbrev  0x00008176      0x118 /home/lynn/git_prj/iE10/u-boot-2013.01.01-psp05.07.00.00/am335x/spl/arch/arm/lib/eabi_compat.o
 .debug_abbrev  0x0000828e       0x14 /home/lynn/ti-sdk-am335x-evm-05.07.00.00/linux-devkit/bin/../lib/gcc/arm-arago-linux-gnueabi/4.5.3/libgcc.a(_udivsi3.o)
 .debug_abbrev  0x000082a2       0x14 /home/lynn/ti-sdk-am335x-evm-05.07.00.00/linux-devkit/bin/../lib/gcc/arm-arago-linux-gnueabi/4.5.3/libgcc.a(_divsi3.o)
 .debug_abbrev  0x000082b6       0x14 /home/lynn/ti-sdk-am335x-evm-05.07.00.00/linux-devkit/bin/../lib/gcc/arm-arago-linux-gnueabi/4.5.3/libgcc.a(_lshrdi3.o)
 .debug_abbrev  0x000082ca       0x14 /home/lynn/ti-sdk-am335x-evm-05.07.00.00/linux-devkit/bin/../lib/gcc/arm-arago-linux-gnueabi/4.5.3/libgcc.a(_ashrdi3.o)
 .debug_abbrev  0x000082de       0x14 /home/lynn/ti-sdk-am335x-evm-05.07.00.00/linux-devkit/bin/../lib/gcc/arm-arago-linux-gnueabi/4.5.3/libgcc.a(_ashldi3.o)
 .debug_abbrev  0x000082f2       0x14 /home/lynn/ti-sdk-am335x-evm-05.07.00.00/linux-devkit/bin/../lib/gcc/arm-arago-linux-gnueabi/4.5.3/libgcc.a(_dvmd_lnx.o)

.debug_aranges  0x00000000     0x1718
 .debug_aranges
                0x00000000       0x20 arch/arm/cpu/armv7/start.o
 .debug_aranges
                0x00000020      0x198 arch/arm/cpu/armv7/am33xx/libam33xx.o
 .debug_aranges
                0x000001b8      0x118 arch/arm/cpu/armv7/libarmv7.o
 .debug_aranges
                0x000002d0       0xf0 arch/arm/cpu/armv7/omap-common/libomap-common.o
 .debug_aranges
                0x000003c0      0x198 arch/arm/lib/libarm.o
 .debug_aranges
                0x00000558       0xc0 board/ti/am335x/libam335x.o
 .debug_aranges
                0x00000618      0x3c8 common/libcommon.o
 .debug_aranges
                0x000009e0       0x98 common/spl/libspl.o
 .debug_aranges
                0x00000a78       0x98 disk/libdisk.o
 .debug_aranges
                0x00000b10       0x68 drivers/gpio/libgpio.o
 .debug_aranges
                0x00000b78       0x60 drivers/i2c/libi2c.o
 .debug_aranges
                0x00000bd8      0x138 drivers/mmc/libmmc.o
 .debug_aranges
                0x00000d10      0x2b0 drivers/mtd/nand/libnand.o
 .debug_aranges
                0x00000fc0       0xc8 drivers/mtd/spi/libspi_flash.o
 .debug_aranges
                0x00001088      0x248 drivers/serial/libserial.o
 .debug_aranges
                0x000012d0      0x100 fs/fat/libfat.o
 .debug_aranges
                0x000013d0      0x258 lib/libgeneric.o
 .debug_aranges
                0x00001628       0x30 /home/lynn/git_prj/iE10/u-boot-2013.01.01-psp05.07.00.00/am335x/spl/arch/arm/lib/eabi_compat.o
 .debug_aranges
                0x00001658       0x20 /home/lynn/ti-sdk-am335x-evm-05.07.00.00/linux-devkit/bin/../lib/gcc/arm-arago-linux-gnueabi/4.5.3/libgcc.a(_udivsi3.o)
 .debug_aranges
                0x00001678       0x20 /home/lynn/ti-sdk-am335x-evm-05.07.00.00/linux-devkit/bin/../lib/gcc/arm-arago-linux-gnueabi/4.5.3/libgcc.a(_divsi3.o)
 .debug_aranges
                0x00001698       0x20 /home/lynn/ti-sdk-am335x-evm-05.07.00.00/linux-devkit/bin/../lib/gcc/arm-arago-linux-gnueabi/4.5.3/libgcc.a(_lshrdi3.o)
 .debug_aranges
                0x000016b8       0x20 /home/lynn/ti-sdk-am335x-evm-05.07.00.00/linux-devkit/bin/../lib/gcc/arm-arago-linux-gnueabi/4.5.3/libgcc.a(_ashrdi3.o)
 .debug_aranges
                0x000016d8       0x20 /home/lynn/ti-sdk-am335x-evm-05.07.00.00/linux-devkit/bin/../lib/gcc/arm-arago-linux-gnueabi/4.5.3/libgcc.a(_ashldi3.o)
 .debug_aranges
                0x000016f8       0x20 /home/lynn/ti-sdk-am335x-evm-05.07.00.00/linux-devkit/bin/../lib/gcc/arm-arago-linux-gnueabi/4.5.3/libgcc.a(_dvmd_lnx.o)

.debug_pubnames
                0x00000000     0x214f
 .debug_pubnames
                0x00000000      0x301 arch/arm/cpu/armv7/am33xx/libam33xx.o
 .debug_pubnames
                0x00000301      0x208 arch/arm/cpu/armv7/libarmv7.o
 .debug_pubnames
                0x00000509      0x144 arch/arm/cpu/armv7/omap-common/libomap-common.o
 .debug_pubnames
                0x0000064d      0x2bf arch/arm/lib/libarm.o
 .debug_pubnames
                0x0000090c      0x1b3 board/ti/am335x/libam335x.o
 .debug_pubnames
                0x00000abf      0x7a8 common/libcommon.o
 .debug_pubnames
                0x00001267      0x131 common/spl/libspl.o
 .debug_pubnames
                0x00001398       0xe5 disk/libdisk.o
 .debug_pubnames
                0x0000147d       0x9c drivers/gpio/libgpio.o
 .debug_pubnames
                0x00001519       0x77 drivers/i2c/libi2c.o
 .debug_pubnames
                0x00001590      0x152 drivers/mmc/libmmc.o
 .debug_pubnames
                0x000016e2      0x1a7 drivers/mtd/nand/libnand.o
 .debug_pubnames
                0x00001889      0x194 drivers/mtd/spi/libspi_flash.o
 .debug_pubnames
                0x00001a1d      0x29a drivers/serial/libserial.o
 .debug_pubnames
                0x00001cb7      0x114 fs/fat/libfat.o
 .debug_pubnames
                0x00001dcb      0x332 lib/libgeneric.o
 .debug_pubnames
                0x000020fd       0x52 /home/lynn/git_prj/iE10/u-boot-2013.01.01-psp05.07.00.00/am335x/spl/arch/arm/lib/eabi_compat.o

.debug_frame    0x00000000     0x36c8
 .debug_frame   0x00000000      0x294 arch/arm/cpu/armv7/am33xx/libam33xx.o
 .debug_frame   0x00000294      0x208 arch/arm/cpu/armv7/libarmv7.o
 .debug_frame   0x0000049c      0x178 arch/arm/cpu/armv7/omap-common/libomap-common.o
 .debug_frame   0x00000614      0x2ec arch/arm/lib/libarm.o
 .debug_frame   0x00000900      0x1c8 board/ti/am335x/libam335x.o
 .debug_frame   0x00000ac8      0x9f4 common/libcommon.o
 .debug_frame   0x000014bc      0x114 common/spl/libspl.o
 .debug_frame   0x000015d0      0x1bc disk/libdisk.o
 .debug_frame   0x0000178c       0xe8 drivers/gpio/libgpio.o
 .debug_frame   0x00001874      0x114 drivers/i2c/libi2c.o
 .debug_frame   0x00001988      0x37c drivers/mmc/libmmc.o
 .debug_frame   0x00001d04      0x914 drivers/mtd/nand/libnand.o
 .debug_frame   0x00002618      0x210 drivers/mtd/spi/libspi_flash.o
 .debug_frame   0x00002828      0x510 drivers/serial/libserial.o
 .debug_frame   0x00002d38      0x388 fs/fat/libfat.o
 .debug_frame   0x000030c0      0x588 lib/libgeneric.o
 .debug_frame   0x00003648       0x40 /home/lynn/git_prj/iE10/u-boot-2013.01.01-psp05.07.00.00/am335x/spl/arch/arm/lib/eabi_compat.o
 .debug_frame   0x00003688       0x20 /home/lynn/ti-sdk-am335x-evm-05.07.00.00/linux-devkit/bin/../lib/gcc/arm-arago-linux-gnueabi/4.5.3/libgcc.a(_udivsi3.o)
 .debug_frame   0x000036a8       0x20 /home/lynn/ti-sdk-am335x-evm-05.07.00.00/linux-devkit/bin/../lib/gcc/arm-arago-linux-gnueabi/4.5.3/libgcc.a(_divsi3.o)

.debug_str      0x00000000     0x7b67
 .debug_str     0x00000000     0x18f6 arch/arm/cpu/armv7/am33xx/libam33xx.o
                               0x2dcb (size before relaxing)
 .debug_str     0x000018f6      0x345 arch/arm/cpu/armv7/libarmv7.o
                                0xa02 (size before relaxing)
 .debug_str     0x00001c3b      0x216 arch/arm/cpu/armv7/omap-common/libomap-common.o
                                0xa6c (size before relaxing)
 .debug_str     0x00001e51      0x383 arch/arm/lib/libarm.o
                               0x10c3 (size before relaxing)
 .debug_str     0x000021d4      0xbfe board/ti/am335x/libam335x.o
                               0x14f0 (size before relaxing)
 .debug_str     0x00002dd2     0x1d92 common/libcommon.o
                               0x35a2 (size before relaxing)
 .debug_str     0x00004b64      0x1a9 common/spl/libspl.o
                                0xbcb (size before relaxing)
 .debug_str     0x00004d0d      0x371 disk/libdisk.o
                                0x978 (size before relaxing)
 .debug_str     0x0000507e      0x12b drivers/gpio/libgpio.o
                                0x34c (size before relaxing)
 .debug_str     0x000051a9      0x1e7 drivers/i2c/libi2c.o
                                0x51e (size before relaxing)
 .debug_str     0x00005390      0x549 drivers/mmc/libmmc.o
                               0x12f6 (size before relaxing)
 .debug_str     0x000058d9      0xf72 drivers/mtd/nand/libnand.o
                               0x2da3 (size before relaxing)
 .debug_str     0x0000684b      0x2f1 drivers/mtd/spi/libspi_flash.o
                                0xb15 (size before relaxing)
 .debug_str     0x00006b3c      0x5da drivers/serial/libserial.o
                                0xee9 (size before relaxing)
 .debug_str     0x00007116      0x6d2 fs/fat/libfat.o
                                0xa85 (size before relaxing)
 .debug_str     0x000077e8      0x336 lib/libgeneric.o
                               0x11bf (size before relaxing)
 .debug_str     0x00007b1e       0x49 /home/lynn/git_prj/iE10/u-boot-2013.01.01-psp05.07.00.00/am335x/spl/arch/arm/lib/eabi_compat.o
                                0x268 (size before relaxing)

.debug_loc      0x00000000    0x1621a
 .debug_loc     0x00000000     0x10cf arch/arm/cpu/armv7/am33xx/libam33xx.o
 .debug_loc     0x000010cf      0x709 arch/arm/cpu/armv7/libarmv7.o
 .debug_loc     0x000017d8      0x2dd arch/arm/cpu/armv7/omap-common/libomap-common.o
 .debug_loc     0x00001ab5      0x58a arch/arm/lib/libarm.o
 .debug_loc     0x0000203f      0x37c board/ti/am335x/libam335x.o
 .debug_loc     0x000023bb     0x3f91 common/libcommon.o
 .debug_loc     0x0000634c      0x2e5 common/spl/libspl.o
 .debug_loc     0x00006631      0xb59 disk/libdisk.o
 .debug_loc     0x0000718a      0x44e drivers/gpio/libgpio.o
 .debug_loc     0x000075d8      0x996 drivers/i2c/libi2c.o
 .debug_loc     0x00007f6e     0x21a9 drivers/mmc/libmmc.o
 .debug_loc     0x0000a117     0x53f9 drivers/mtd/nand/libnand.o
 .debug_loc     0x0000f510      0xb86 drivers/mtd/spi/libspi_flash.o
 .debug_loc     0x00010096      0x672 drivers/serial/libserial.o
 .debug_loc     0x00010708     0x3202 fs/fat/libfat.o
 .debug_loc     0x0001390a     0x28fd lib/libgeneric.o
 .debug_loc     0x00016207       0x13 /home/lynn/git_prj/iE10/u-boot-2013.01.01-psp05.07.00.00/am335x/spl/arch/arm/lib/eabi_compat.o

.debug_pubtypes
                0x00000000     0x2c98
 .debug_pubtypes
                0x00000000      0x496 arch/arm/cpu/armv7/am33xx/libam33xx.o
 .debug_pubtypes
                0x00000496      0x111 arch/arm/cpu/armv7/libarmv7.o
 .debug_pubtypes
                0x000005a7      0x179 arch/arm/cpu/armv7/omap-common/libomap-common.o
 .debug_pubtypes
                0x00000720      0x273 arch/arm/lib/libarm.o
 .debug_pubtypes
                0x00000993      0x193 board/ti/am335x/libam335x.o
 .debug_pubtypes
                0x00000b26      0x649 common/libcommon.o
 .debug_pubtypes
                0x0000116f      0x28e common/spl/libspl.o
 .debug_pubtypes
                0x000013fd      0x1ed disk/libdisk.o
 .debug_pubtypes
                0x000015ea       0x69 drivers/gpio/libgpio.o
 .debug_pubtypes
                0x00001653       0xae drivers/i2c/libi2c.o
 .debug_pubtypes
                0x00001701      0x367 drivers/mmc/libmmc.o
 .debug_pubtypes
                0x00001a68      0x8fa drivers/mtd/nand/libnand.o
 .debug_pubtypes
                0x00002362      0x259 drivers/mtd/spi/libspi_flash.o
 .debug_pubtypes
                0x000025bb      0x18f drivers/serial/libserial.o
 .debug_pubtypes
                0x0000274a      0x17c fs/fat/libfat.o
 .debug_pubtypes
                0x000028c6      0x37f lib/libgeneric.o
 .debug_pubtypes
                0x00002c45       0x53 /home/lynn/git_prj/iE10/u-boot-2013.01.01-psp05.07.00.00/am335x/spl/arch/arm/lib/eabi_compat.o

.debug_ranges   0x00000000     0x2a30
 .debug_ranges  0x00000000      0x300 arch/arm/cpu/armv7/am33xx/libam33xx.o
 .debug_ranges  0x00000300      0x158 arch/arm/cpu/armv7/libarmv7.o
 .debug_ranges  0x00000458       0xc0 arch/arm/cpu/armv7/omap-common/libomap-common.o
 .debug_ranges  0x00000518      0x128 arch/arm/lib/libarm.o
 .debug_ranges  0x00000640       0xb8 board/ti/am335x/libam335x.o
 .debug_ranges  0x000006f8      0x510 common/libcommon.o
 .debug_ranges  0x00000c08       0x68 common/spl/libspl.o
 .debug_ranges  0x00000c70      0x1c0 disk/libdisk.o
 .debug_ranges  0x00000e30       0xa0 drivers/gpio/libgpio.o
 .debug_ranges  0x00000ed0      0x220 drivers/i2c/libi2c.o
 .debug_ranges  0x000010f0      0x520 drivers/mmc/libmmc.o
 .debug_ranges  0x00001610      0x608 drivers/mtd/nand/libnand.o
 .debug_ranges  0x00001c18       0xf8 drivers/mtd/spi/libspi_flash.o
 .debug_ranges  0x00001d10      0x4e8 drivers/serial/libserial.o
 .debug_ranges  0x000021f8      0x4d8 fs/fat/libfat.o
 .debug_ranges  0x000026d0      0x340 lib/libgeneric.o
 .debug_ranges  0x00002a10       0x20 /home/lynn/git_prj/iE10/u-boot-2013.01.01-psp05.07.00.00/am335x/spl/arch/arm/lib/eabi_compat.o
