Archive member included because of file (symbol)

/home/lynn/ti-sdk-am335x-evm-05.07.00.00/linux-devkit/bin/../lib/gcc/arm-arago-linux-gnueabi/4.5.3/libgcc.a(_udivsi3.o)
                              arch/arm/cpu/armv7/omap-common/libomap-common.o (__aeabi_uidiv)
/home/lynn/ti-sdk-am335x-evm-05.07.00.00/linux-devkit/bin/../lib/gcc/arm-arago-linux-gnueabi/4.5.3/libgcc.a(_divsi3.o)
                              common/libcommon.o (__aeabi_idiv)
/home/lynn/ti-sdk-am335x-evm-05.07.00.00/linux-devkit/bin/../lib/gcc/arm-arago-linux-gnueabi/4.5.3/libgcc.a(_lshrdi3.o)
                              common/libcommon.o (__aeabi_llsr)
/home/lynn/ti-sdk-am335x-evm-05.07.00.00/linux-devkit/bin/../lib/gcc/arm-arago-linux-gnueabi/4.5.3/libgcc.a(_ashrdi3.o)
                              drivers/mtd/nand/libnand.o (__aeabi_lasr)
/home/lynn/ti-sdk-am335x-evm-05.07.00.00/linux-devkit/bin/../lib/gcc/arm-arago-linux-gnueabi/4.5.3/libgcc.a(_ashldi3.o)
                              drivers/mmc/libmmc.o (__aeabi_llsl)
/home/lynn/ti-sdk-am335x-evm-05.07.00.00/linux-devkit/bin/../lib/gcc/arm-arago-linux-gnueabi/4.5.3/libgcc.a(_dvmd_lnx.o)
                              /home/lynn/ti-sdk-am335x-evm-05.07.00.00/linux-devkit/bin/../lib/gcc/arm-arago-linux-gnueabi/4.5.3/libgcc.a(_udivsi3.o) (__aeabi_idiv0)

Memory Configuration

Name             Origin             Length             Attributes
*default*        0x00000000         0xffffffff

Linker script and memory map

                0x00000000                . = 0x0
                0x00000000                . = ALIGN (0x4)

.text           0x80800000    0x2d274
                0x80800000                __image_copy_start = .
 arch/arm/cpu/armv7/start.o(.text*)
 .text          0x80800000      0x440 arch/arm/cpu/armv7/start.o
                0x80800000                _start
                0x80800040                _end_vect
                0x80800040                _TEXT_BASE
                0x80800044                _bss_start_ofs
                0x80800048                _image_copy_end_ofs
                0x8080004c                _bss_end_ofs
                0x80800050                _end_ofs
                0x80800054                IRQ_STACK_START_IN
                0x8080008c                relocate_code
                0x80800144                c_runtime_cpu_setup
                0x80800164                cpu_init_cp15
                0x8080019c                cpu_init_crit
 *(.text*)
 .text          0x80800440      0xb48 arch/arm/cpu/armv7/am33xx/libam33xx.o
                0x80800440                mpu_pll_config
                0x808004cc                ddr_pll_config
                0x8080055c                enable_emif_clocks
                0x8080058c                pll_init
                0x808009a0                get_cpu_rev
                0x808009b4                get_cpu_type
                0x808009c8                get_board_rev
                0x808009d0                get_device_type
                0x808009e8                get_sysboot_value
                0x80800a00                enable_gpmc_cs_config
                0x80800a74                gpmc_init
                0x80800aec                config_sdram
                0x80800b6c                set_sdram_timings
                0x80800ba8                config_ddr_phy
                0x80800bc4                config_cmd_ctrl
                0x80800c18                config_ddr_data
                0x80800c68                config_io_ctrl
                0x80800c88                dram_init
                0x80800ca8                dram_init_banksize
                0x80800cc4                cpu_mmc_init
                0x80800cf0                setup_clocks_for_console
                0x80800cf4                arch_misc_init
                0x80800cfc                configure_module_pin_mux
                0x80800d28                elm_check_error
                0x80800efc                elm_config
                0x80800f40                elm_reset
                0x80800f70                elm_init
 .text          0x80800f88      0x344 arch/arm/cpu/armv7/libarmv7.o
                0x80801158                invalidate_dcache_all
                0x8080116c                flush_dcache_all
                0x80801180                invalidate_dcache_range
                0x808011a4                flush_dcache_range
                0x808011c8                arm_init_before_mmu
                0x808011dc                mmu_page_table_flush
                0x808011ec                flush_cache
                0x808011f4                invalidate_icache_all
                0x8080120c                __v7_outer_cache_enable
                0x8080120c                v7_outer_cache_enable
                0x80801210                v7_outer_cache_disable
                0x80801210                __v7_outer_cache_disable
                0x80801214                __v7_outer_cache_flush_all
                0x80801214                v7_outer_cache_flush_all
                0x80801218                v7_outer_cache_inval_all
                0x80801218                __v7_outer_cache_inval_all
                0x8080121c                v7_outer_cache_flush_range
                0x8080121c                __v7_outer_cache_flush_range
                0x80801220                __v7_outer_cache_inval_range
                0x80801220                v7_outer_cache_inval_range
                0x80801224                cpu_cache_initialization
                0x80801228                cleanup_before_linux
                0x80801250                sdelay
                0x8080125c                sr32
                0x80801280                wait_on_value
                0x808012b4                lowlevel_init
 .text          0x808012cc      0x288 arch/arm/cpu/armv7/omap-common/libomap-common.o
                0x808012cc                save_boot_params
                0x80801304                set_pl310_ctrl_reg
                0x80801324                reset_cpu
                0x80801338                warm_reset
                0x80801350                timer_init
                0x8080138c                __udelay
                0x808013e0                get_timer_masked
                0x8080141c                get_timer
                0x80801430                get_ticks
                0x80801440                get_tbclk
                0x808014ac                cancel_out
 .text          0x80801554      0xb10 arch/arm/lib/libarm.o
                0x80801554                _main
                0x80801668                coloured_LED_init
                0x80801668                __coloured_LED_init
                0x8080166c                __red_led_on
                0x8080166c                red_led_on
                0x80801670                __red_led_off
                0x80801670                red_led_off
                0x80801674                green_led_on
                0x80801674                __green_led_on
                0x80801678                green_led_off
                0x80801678                __green_led_off
                0x8080167c                yellow_led_on
                0x8080167c                __yellow_led_on
                0x80801680                __yellow_led_off
                0x80801680                yellow_led_off
                0x80801684                blue_led_on
                0x80801684                __blue_led_on
                0x80801688                __blue_led_off
                0x80801688                blue_led_off
                0x8080168c                __dram_init_banksize
                0x808016a8                arch_cpu_init
                0x808016a8                __arch_cpu_init
                0x808016b0                __power_init_board
                0x808016b0                power_init_board
                0x808016b8                board_init_r
                0x80801768                hang
                0x8080177c                board_init_f
                0x8080192c                arch_lmb_reserve
                0x80801950                setup_board_tags
                0x80801b78                do_bootm_linux
                0x80801bd0                interrupt_init
                0x80801bec                enable_interrupts
                0x80801bf0                disable_interrupts
                0x80801bf8                bad_mode
                0x80801c08                show_regs
                0x80801d48                do_undefined_instruction
                0x80801d6c                do_software_interrupt
                0x80801d90                do_prefetch_abort
                0x80801db4                do_data_abort
                0x80801dd8                do_not_used
                0x80801dfc                do_fiq
                0x80801e20                do_irq
                0x80801e44                do_reset
                0x80801e70                __flush_cache
                0x80801e74                __flush_dcache_all
                0x80801e80                enable_caches
                0x80801e80                __enable_caches
                0x80801f00                __arm_init_before_mmu
                0x80801f04                arm_init_domains
                0x80801f08                set_section_dcache
                0x80801f1c                __mmu_page_table_flush
                0x80801f20                mmu_set_region_dcache_behaviour
                0x80801f70                dram_bank_mmu_setup
                0x8080202c                icache_enable
                0x80802034                icache_disable
                0x8080203c                icache_status
                0x80802048                dcache_enable
                0x80802050                dcache_disable
                0x80802058                dcache_status
 .text          0x80802064    0x11d68 common/libcommon.o
                0x80802064                do_bdinfo
                0x80802164                do_go_exec
                0x80802318                do_bootd
                0x80802a14                do_bootm
                0x80802ed4                arch_preboot_os
                0x80802ed8                bootm_maybe_autostart
                0x80803190                eeprom_read
                0x80803204                eeprom_write
                0x80803278                eeprom_probe
                0x80803284                eeprom_init
                0x80803294                do_eeprom
                0x808033d8                do_ext2load
                0x808033f4                do_ext2ls
                0x808035a4                do_fat_fsload
                0x808038ac                set_working_fdt_addr
                0x80805164                i2c_init_board
                0x80805168                i2c_get_bus_speed
                0x80805174                i2c_set_bus_speed
                0x8080795c                device_find
                0x80807ef8                mtd_id_parse
                0x80808008                find_dev_and_part
                0x808081c0                mtdparts_init
                0x8080a9a4                do_env_ask
                0x8080aaf0                get_env_id
                0x8080ab00                setenv
                0x8080ada0                setenv_ulong
                0x8080adc0                setenv_addr
                0x8080adf4                envmatch
                0x8080ae60                getenv_f
                0x8080af1c                getenv
                0x8080aff8                getenv_ulong
                0x8080b708                source
                0x8080b7e4                do_source
                0x8080bf94                find_cmd_tbl
                0x8080c030                find_cmd
                0x8080c058                cmd_usage
                0x8080c0b4                _do_help
                0x8080c23c                cmd_get_data_size
                0x8080c28c                cmd_process
                0x8080c3e4                serial_printf
                0x8080c424                fgetc
                0x8080c450                ftstc
                0x8080c47c                fputc
                0x8080c4a4                fputs
                0x8080c4cc                fprintf
                0x8080c514                getc
                0x8080c538                tstc
                0x8080c55c                putc
                0x8080c584                puts
                0x8080c5ac                printf
                0x8080c5f8                vprintf
                0x8080c638                ctrlc
                0x8080c684                disable_ctrlc
                0x8080c69c                had_ctrlc
                0x8080c6ac                clear_ctrlc
                0x8080c6c0                dbg
                0x8080c6cc                search_device
                0x8080c6f4                console_assign
                0x8080c7f8                console_init_f
                0x8080c808                stdio_print_current_devices
                0x8080c8bc                console_init_r
                0x8080c998                sbrk
                0x8080c9f4                mem_malloc_init
                0x8080ca18                malloc_trim
                0x8080cae8                free
                0x8080cd08                cfree
                0x8080cd0c                malloc
                0x8080d2c0                calloc
                0x8080d3a0                memalign
                0x8080d4b0                pvalloc
                0x8080d4c8                valloc
                0x8080d4d4                realloc
                0x8080d924                malloc_usable_size
                0x8080d964                mallopt
                0x8080da3c                env_attr_walk
                0x8080db4c                env_attr_lookup
                0x8080ddbc                env_callback_init
                0x8080de58                env_get_char_spec
                0x8080de64                env_get_addr
                0x8080de88                env_get_char_memory
                0x8080de98                env_get_char
                0x8080decc                getenv_yesno
                0x8080df20                getenv_default
                0x8080df50                set_default_env
                0x8080e008                set_default_vars
                0x8080e03c                env_import
                0x8080e118                env_relocate
                0x8080e20c                env_flags_parse_vartype
                0x8080e258                env_flags_parse_varaccess
                0x8080e36c                env_flags_parse_varaccess_from_binflags
                0x8080e3b8                env_flags_init
                0x8080e444                env_flags_validate
                0x8080e660                env_init
                0x8080e67c                writeenv
                0x8080e734                saveenv
                0x8080e88c                readenv
                0x8080e94c                env_relocate_spec
                0x8080e9a0                get_version
                0x8080e9a8                jumptable_init
                0x8080ed58                fdt_getprop_u32_default
                0x8080ed98                fdt_find_and_setprop
                0x8080ee08                fdt_initrd
                0x8080efc4                fdt_chosen
                0x8080f0c8                do_fixup_by_path
                0x8080f11c                do_fixup_by_path_u32
                0x8080f148                do_fixup_by_prop
                0x8080f1d8                do_fixup_by_prop_u32
                0x8080f214                do_fixup_by_compat
                0x8080f294                do_fixup_by_compat_u32
                0x8080f2c0                fdt_fixup_memory_banks
                0x8080f514                fdt_fixup_memory
                0x8080f534                fdt_fixup_ethernet
                0x8080f67c                fdt_resize
                0x8080f74c                fdt_increase_size
                0x8080f760                fdt_del_node_and_alias
                0x8080f7a4                __of_translate_address
                0x8080fa40                fdt_translate_address
                0x8080fa4c                fdt_node_offset_by_compat_reg
                0x8080fad0                fdt_alloc_phandle
                0x8080fb28                fdt_set_phandle
                0x8080fb88                fdt_create_phandle
                0x8080fbec                fdt_set_node_status
                0x8080fcf8                fdt_set_status_by_alias
                0x8080fd24                fdt_verify_alias_address
                0x8080fdf4                fdt_get_base_address
                0x8080fe78                hash_command
                0x808107b4                get_local_var
                0x80810844                set_local_var
                0x80810cc0                unset_local_var
                0x80810d60                parse_string_outer
                0x80811d04                parse_file_outer
                0x80811d48                u_boot_hush_start
                0x80811e00                image_check_hcrc
                0x80811e4c                image_check_dcrc
                0x80811e84                image_multi_count
                0x80811ea8                image_multi_getimg
                0x80811f24                getenv_bootm_low
                0x80811f54                getenv_bootm_size
                0x80811fb0                getenv_bootm_mapsize
                0x80811fe0                memmove_wd
                0x80811fec                genimg_print_size
                0x8081201c                get_table_entry_name
                0x80812048                genimg_get_os_name
                0x80812060                genimg_get_arch_name
                0x80812078                genimg_get_type_name
                0x80812090                genimg_get_comp_name
                0x808120a8                image_print_contents
                0x80812218                get_table_entry_id
                0x80812264                genimg_get_os_id
                0x8081227c                genimg_get_arch_id
                0x80812294                genimg_get_type_id
                0x808122ac                genimg_get_comp_id
                0x808122c4                genimg_get_format
                0x808122fc                genimg_get_image
                0x80812300                genimg_has_config
                0x80812308                boot_get_ramdisk
                0x80812540                boot_ramdisk_high
                0x8081266c                boot_fdt_add_mem_rsv_regions
                0x808126f4                boot_relocate_fdt
                0x80812890                boot_get_fdt
                0x80812bbc                __show_boot_progress
                0x80812bbc                show_boot_progress
                0x80812bc0                readline_into_buffer
                0x80812d9c                readline
                0x80812db0                parse_line
                0x80812e34                run_command
                0x80812e3c                run_command_list
                0x80812e98                main_loop
                0x80812fac                do_run
                0x80813024                get_ram_size
                0x80813194                srec_decode
                0x808133f8                stdio_get_list
                0x80813404                stdio_get_by_name
                0x80813458                stdio_clone
                0x80813490                stdio_register
                0x808134d4                stdio_init
                0x80813820                xyzModem_stream_open
                0x80813a78                xyzModem_stream_read
                0x80813cc8                xyzModem_stream_close
                0x80813d18                xyzModem_stream_terminate
                0x80813dac                xyzModem_error
 .text          0x80813dcc      0xd3c disk/libdisk.o
                0x80813dcc                get_dev
                0x80813e38                dev_print
                0x80814050                init_part
                0x80814070                print_part
                0x80814158                get_partition_info
                0x80814180                get_device
                0x80814200                get_device_and_partition
                0x80814a5c                test_part_dos
                0x80814abc                print_part_dos
                0x80814aec                get_partition_info_dos
 .text          0x80814b08     0x1160 drivers/dfu/libdfu.o
                0x80814b94                dfu_write
                0x80814d2c                dfu_read
                0x80814f5c                dfu_free_entities
                0x80814fdc                dfu_config_entities
                0x80815128                dfu_get_dev_type
                0x80815154                dfu_get_layout
                0x80815190                dfu_show_entities
                0x808151f8                dfu_get_alt_number
                0x80815208                dfu_get_entity
                0x808154ec                dfu_read_medium_mmc
                0x80815568                dfu_flush_medium_mmc
                0x808155bc                dfu_write_medium_mmc
                0x8081566c                dfu_fill_entity_mmc
                0x80815abc                dfu_fill_entity_nand
 .text          0x80815c68      0x22c drivers/gpio/libgpio.o
                0x80815d04                gpio_is_valid
                0x80815d14                gpio_set_value
                0x80815d5c                gpio_get_value
                0x80815dd0                gpio_direction_input
                0x80815e14                gpio_direction_output
                0x80815e74                gpio_request
                0x80815e8c                gpio_free
 .text          0x80815e94      0x7ac drivers/i2c/libi2c.o
                0x80815fcc                i2c_init
                0x80816180                i2c_probe
                0x8081628c                i2c_read
                0x80816468                i2c_write
                0x808165ac                i2c_set_bus_num
                0x80816630                i2c_get_bus_num
 .text          0x80816640      0x618 drivers/input/libinput.o
                0x80816724                input_tstc
                0x80816768                input_getc
                0x808167c8                input_send_keycodes
                0x80816ac8                input_add_table
                0x80816b10                input_set_delays
                0x80816b1c                input_init
                0x80816c04                input_stdio_register
 .text          0x80816c58     0x1df0 drivers/mmc/libmmc.o
                0x80816ea0                __board_mmc_getcd
                0x80816ea0                board_mmc_getcd
                0x80816ea8                find_mmc_device
                0x80817374                mmc_switch_part
                0x808173ac                mmc_getcd
                0x808173d8                mmc_set_clock
                0x80817cf0                mmc_register
                0x80817d70                mmc_init
                0x808180b0                mmc_get_dev
                0x808180d8                board_mmc_init
                0x808180e0                print_mmc_devices
                0x80818144                get_mmc_num
                0x80818154                mmc_initialize
                0x80818720                mmc_board_init
                0x80818728                mmc_init_stream
                0x80818924                omap_mmc_init
 .text          0x80818a48      0x1dc drivers/mtd/libmtd.o
                0x80818a48                add_mtd_device
                0x80818ab8                del_mtd_device
                0x80818b08                get_mtd_device
                0x80818b84                get_mtd_device_nm
                0x80818bf8                put_mtd_device
 .text          0x80818c24     0x6d9c drivers/mtd/nand/libnand.o
                0x80818c24                nand_register
                0x80818cac                nand_init
                0x80819f8c                nand_update_bbt
                0x8081a23c                nand_scan_bbt
                0x8081a71c                nand_default_bbt
                0x8081a814                nand_isbad_bbt
                0x8081a868                nand_erase_opts
                0x8081ab70                nand_write_skip_bad
                0x8081ae60                nand_read_skip_bad
                0x8081b13c                nand_calculate_ecc
                0x8081b22c                nand_correct_data
                0x8081b3c4                nand_read_byte
                0x8081b3f8                nand_write_buf
                0x8081b424                nand_read_buf
                0x8081b48c                nand_write_buf16
                0x8081b4bc                nand_read_buf16
                0x8081d2e4                nand_wait_ready
                0x8081de78                nand_erase_nand
                0x8081e230                nand_scan_ident
                0x8081e9cc                nand_scan_tail
                0x8081efa0                nand_scan
                0x8081efc4                nand_release
                0x8081f6d4                omap_nand_switch_ecc
                0x8081f85c                board_nand_init
 .text          0x8081f9c0      0x674 drivers/mtd/spi/libspi_flash.o
                0x8081fa4c                spi_flash_cmd_read
                0x8081fa68                spi_flash_cmd
                0x8081fa94                spi_flash_cmd_write
                0x8081fab0                spi_flash_read_common
                0x8081fafc                spi_flash_cmd_read_fast
                0x8081fb50                spi_flash_cmd_poll_bit
                0x8081fc14                spi_flash_cmd_wait_ready
                0x8081fc20                spi_flash_cmd_write_multi
                0x8081fd2c                spi_flash_cmd_erase
                0x8081fe20                spi_flash_cmd_write_status
                0x8081fe88                spi_flash_probe
                0x8081ff68                spi_flash_free
                0x8081ff84                spi_flash_probe_winbond
 .text          0x80820034        0x0 drivers/pcmcia/libpcmcia.o
 .text          0x80820034        0x0 drivers/rtc/librtc.o
 .text          0x80820034      0x7b8 drivers/serial/libserial.o
                0x80820034                NS16550_init
                0x80820094                NS16550_reinit
                0x808200e0                NS16550_putc
                0x808200f4                NS16550_getc
                0x80820108                NS16550_tstc
                0x80820150                jz_serial_initialize
                0x80820150                bfin_serial_initialize
                0x80820150                p3mx_serial_initialize
                0x80820150                leon2_serial_initialize
                0x80820150                leon3_serial_initialize
                0x80820150                amirix_serial_initialize
                0x80820150                marvell_serial_initialize
                0x80820150                cpci750_serial_initialize
                0x80820150                asc_serial_initialize
                0x80820150                altera_serial_initialize
                0x80820150                oc_serial_initialize
                0x80820150                sh_serial_initialize
                0x80820150                bmw_serial_initialize
                0x80820150                mcf_serial_initialize
                0x80820150                lh7a40x_serial_initialize
                0x80820150                evb64260_serial_initialize
                0x80820150                lpc32xx_serial_initialize
                0x80820150                max3100_serial_initialize
                0x80820150                mpc85xx_serial_initialize
                0x80820150                imx_serial_initialize
                0x80820150                ixp_serial_initialize
                0x80820150                bfin_jtag_initialize
                0x80820150                cogent_serial_initialize
                0x80820150                clps7111_serial_initialize
                0x80820150                mpc8220_serial_initialize
                0x80820150                s3c64xx_serial_initialize
                0x80820150                ml2_serial_initialize
                0x80820150                sandbox_serial_initialize
                0x80820150                s3c24xx_serial_initialize
                0x80820150                sconsole_serial_initialize
                0x80820150                uartlite_serial_initialize
                0x80820150                au1x00_serial_initialize
                0x80820150                ns9750_serial_initialize
                0x80820150                pxa_serial_initialize
                0x80820150                atmel_serial_initialize
                0x80820150                pl01x_serial_initialize
                0x80820150                altera_jtag_serial_initialize
                0x80820150                zynq_serial_initalize
                0x80820150                mpc512x_serial_initialize
                0x80820150                s5p_serial_initialize
                0x80820150                ks8695_serial_initialize
                0x80820150                sa1100_serial_initialize
                0x80820150                mpc8260_scc_serial_initialize
                0x80820150                mxc_serial_initialize
                0x80820150                iop480_serial_initialize
                0x80820150                s3c44b0_serial_initialize
                0x80820150                mpc8xx_serial_initialize
                0x80820150                mpc8260_smc_serial_initialize
                0x80820150                mpc5xx_serial_initialize
                0x80820154                serial_register
                0x8082016c                serial_stdio_init
                0x808201f8                serial_assign
                0x80820244                serial_initialize
                0x8082031c                serial_reinit_all
                0x80820348                serial_init
                0x8082035c                serial_setbrg
                0x80820468                serial_getc
                0x8082047c                serial_tstc
                0x80820490                serial_putc
                0x808204ac                serial_puts
                0x808204c8                default_serial_puts
                0x808205dc                _serial_putc
                0x80820644                _serial_putc_raw
                0x80820660                _serial_puts
                0x808206b8                _serial_getc
                0x80820704                _serial_tstc
                0x80820748                _serial_setbrg
                0x808207a0                default_serial_console
                0x808207ac                ns16550_serial_initialize
 .text          0x808207ec      0x804 drivers/spi/libspi.o
                0x80820824                spi_init
                0x80820828                spi_setup_slave
                0x80820960                spi_free_slave
                0x80820964                spi_claim_bus
                0x80820a40                spi_release_bus
                0x80820a48                omap3_spi_write
                0x80820ba8                omap3_spi_read
                0x80820d04                omap3_spi_txrx
                0x80820ea8                spi_xfer
                0x80820fe0                spi_cs_is_valid
                0x80820fe8                spi_cs_activate
                0x80820fec                spi_cs_deactivate
 .text          0x80820ff0     0x1740 fs/ext4/libext4fs.o
                0x80820ff0                get_fs
                0x80820ffc                ext4fs_free_node
                0x8082101c                ext4fs_read_file
                0x80821260                ext4fs_ls
                0x808212d4                ext4fs_read
                0x8082130c                ext4fs_read_inode
                0x80821410                read_allocated_block
                0x80821d00                ext4fs_close
                0x80821ddc                ext4fs_iterate_dir
                0x80822310                ext4fs_find_file
                0x80822380                ext4fs_open
                0x80822414                ext4fs_mount
                0x808224f0                ext4fs_set_blk_dev
                0x80822538                ext4fs_devread
 .text          0x80822730     0x2ca4 fs/fat/libfat.o
                0x808241b4                fat_set_blk_dev
                0x80824280                fat_register_device
                0x80824308                do_fat_read_at
                0x80824e6c                do_fat_read
                0x80824e90                file_fat_detectfs
                0x80824fdc                file_fat_ls
                0x80824fec                file_fat_read_at
                0x80825030                file_fat_read
                0x80825044                file_fat_write
                0x80825078                file_getfsname
                0x80825090                file_cd
                0x80825280                file_detectfs
                0x808252bc                file_ls
                0x80825340                file_read
 .text          0x808253d4      0x4a4 fs/libfs.o
                0x80825450                fs_set_blk_dev
                0x808254f8                fs_ls
                0x8082554c                fs_read
                0x8082562c                do_load
                0x8082580c                do_ls
 .text          0x80825878     0x1f24 lib/libfdt/libfdt.o
                0x80825878                fdt_check_header
                0x808258ec                fdt_offset_ptr
                0x80825940                fdt_next_tag
                0x80825a38                _fdt_check_node_offset
                0x80825a6c                _fdt_check_prop_offset
                0x80825aa0                fdt_next_node
                0x80825b58                _fdt_find_string
                0x80825bb0                fdt_move
                0x80825bf4                fdt_create_empty_tree
                0x80825cb8                fdt_string
                0x80825ccc                fdt_get_mem_rsv
                0x80825d58                fdt_num_mem_rsv
                0x80825db4                fdt_subnode_offset_namelen
                0x80825e84                fdt_subnode_offset
                0x80825eb4                fdt_get_name
                0x80825f24                fdt_first_property_offset
                0x80825f44                fdt_next_property_offset
                0x80825f64                fdt_get_property_by_offset
                0x80825fc0                fdt_get_property_namelen
                0x80826068                fdt_get_property
                0x808260a0                fdt_getprop_namelen
                0x808260bc                fdt_getprop_by_offset
                0x80826104                fdt_getprop
                0x8082613c                fdt_get_phandle
                0x808261a8                fdt_get_alias_namelen
                0x808261e8                fdt_path_offset
                0x808262c8                fdt_get_alias
                0x808262f0                fdt_get_path
                0x80826428                fdt_supernode_atdepth_offset
                0x808264dc                fdt_node_depth
                0x80826500                fdt_parent_offset
                0x80826530                fdt_node_offset_by_prop_value
                0x808265c4                fdt_node_offset_by_phandle
                0x80826634                fdt_node_check_compatible
                0x808266c0                fdt_node_offset_by_compatible
                0x80826acc                fdt_add_mem_rsv
                0x80826b88                fdt_del_mem_rsv
                0x80826be0                fdt_set_name
                0x80826c68                fdt_setprop
                0x80826d38                fdt_appendprop
                0x80826e18                fdt_delprop
                0x80826e7c                fdt_add_subnode_namelen
                0x80826f78                fdt_add_subnode
                0x80826fa8                fdt_del_node
                0x80827004                fdt_open_into
                0x8082719c                fdt_pack
                0x808271f8                fdt_strerror
                0x808272bc                fdt_create
                0x80827320                fdt_add_reservemap_entry
                0x808273d8                fdt_finish_reservemap
                0x808273f0                fdt_begin_node
                0x80827458                fdt_end_node
                0x80827490                fdt_property
                0x80827594                fdt_finish
                0x80827690                fdt_setprop_inplace
                0x808276d0                fdt_nop_property
                0x8082770c                _fdt_node_end_offset
                0x8082774c                fdt_nop_node
 .text          0x8082779c     0x3058 lib/libgeneric.o
                0x8082779c                cyg_crc16
                0x808277e0                crc32_no_comp
                0x808278c8                crc32
                0x808278dc                crc32_wd
                0x808278e0                crc7
                0x80827908                display_options
                0x80827928                print_size
                0x80827a5c                print_buffer
                0x80827bc4                __div64_32
                0x80827ca4                gzfree
                0x80827cac                gzalloc
                0x80827cbc                zunzip
                0x80827dc4                gunzip
                0x80827ee0                hcreate_r
                0x80827f8c                hdestroy_r
                0x80828000                hstrstr_r
                0x808280ac                hmatch_r
                0x8082814c                hsearch_r
                0x80828634                hdelete_r
                0x80828748                hexport_r
                0x80828a0c                himport_r
                0x80828d24                hwalk_r
                0x80828d7c                ldiv
                0x80828dcc                skip_spaces
                0x80828df0                strim
                0x80829010                lmb_dump_all
                0x80829014                lmb_init
                0x8082903c                lmb_add
                0x80829040                lmb_free
                0x80829164                lmb_reserve
                0x8082916c                lmb_overlaps_region
                0x808291c0                __lmb_alloc_base
                0x808292f0                lmb_alloc_base
                0x80829324                lmb_alloc
                0x8082932c                lmb_is_reserved
                0x8082938c                board_lmb_reserve
                0x8082938c                __board_lmb_reserve
                0x80829390                __arch_lmb_reserve
                0x80829394                string_to_ip
                0x808293f8                qsort
                0x808294fc                strcmp_compar
                0x80829508                strncasecmp
                0x80829580                strcasecmp
                0x80829588                strcpy
                0x808295a0                strncpy
                0x808295c4                strcat
                0x808295f0                strncat
                0x80829638                strcmp
                0x80829660                strncmp
                0x8082969c                strchr
                0x808296d0                strlen
                0x808296ec                strrchr
                0x80829728                strnlen
                0x80829750                strdup
                0x80829784                strspn
                0x808297c4                strpbrk
                0x80829800                strtok
                0x80829878                strsep
                0x808298ac                strswab
                0x808298f8                memset
                0x80829960                bcopy
                0x80829980                memcpy
                0x808299f4                memmove
                0x80829a48                memcmp
                0x80829a80                memscan
                0x80829aa8                strstr
                0x80829b08                memchr
                0x80829b3c                strmhz
                0x80829ba8                udelay
                0x80829bd8                mdelay
                0x8082a480                simple_strtoul
                0x8082a52c                strict_strtoul
                0x8082a5a4                simple_strtol
                0x8082a5cc                ustrtoul
                0x8082a640                simple_strtoull
                0x8082a71c                vsprintf
                0x8082a720                sprintf
                0x8082a744                panic
                0x8082a788                __assert_fail
                0x8082a79c                simple_itoa
 .text          0x8082a7f4     0x2614 lib/zlib/libz.o
                0x8082a7f4                zcfree
                0x8082a7fc                zcalloc
                0x8082a804                inflate_fast
                0x8082ad68                inflate_table
                0x8082b2d0                inflateReset
                0x8082b350                inflateInit2_
                0x8082b454                inflateInit_
                0x8082b468                inflateEnd
                0x8082b4d4                adler32
                0x8082b7b0                inflate
 .text          0x8082ce08      0x184 board/ti/am335x/libam335x.o
                0x8082ce08                board_is_evm_15_or_later
                0x8082ce10                s_init
                0x8082ce50                board_init
                0x8082cf24                board_late_init
 .text          0x8082cf8c       0x24 /home/lynn/git_prj/iE10/u-boot-2013.01.01-psp05.07.00.00/am335x/arch/arm/lib/eabi_compat.o
                0x8082cf8c                raise
                0x8082cfa8                __aeabi_unwind_cpp_pr0
                0x8082cfac                __aeabi_unwind_cpp_pr1
 .text          0x8082cfb0      0x114 /home/lynn/ti-sdk-am335x-evm-05.07.00.00/linux-devkit/bin/../lib/gcc/arm-arago-linux-gnueabi/4.5.3/libgcc.a(_udivsi3.o)
                0x8082cfb0                __udivsi3
                0x8082cfb0                __aeabi_uidiv
                0x8082d0a4                __aeabi_uidivmod
 .text          0x8082d0c4      0x148 /home/lynn/ti-sdk-am335x-evm-05.07.00.00/linux-devkit/bin/../lib/gcc/arm-arago-linux-gnueabi/4.5.3/libgcc.a(_divsi3.o)
                0x8082d0c4                __aeabi_idiv
                0x8082d0c4                __divsi3
                0x8082d1ec                __aeabi_idivmod
 .text          0x8082d20c       0x1c /home/lynn/ti-sdk-am335x-evm-05.07.00.00/linux-devkit/bin/../lib/gcc/arm-arago-linux-gnueabi/4.5.3/libgcc.a(_lshrdi3.o)
                0x8082d20c                __aeabi_llsr
                0x8082d20c                __lshrdi3
 .text          0x8082d228       0x1c /home/lynn/ti-sdk-am335x-evm-05.07.00.00/linux-devkit/bin/../lib/gcc/arm-arago-linux-gnueabi/4.5.3/libgcc.a(_ashrdi3.o)
                0x8082d228                __ashrdi3
                0x8082d228                __aeabi_lasr
 .text          0x8082d244       0x1c /home/lynn/ti-sdk-am335x-evm-05.07.00.00/linux-devkit/bin/../lib/gcc/arm-arago-linux-gnueabi/4.5.3/libgcc.a(_ashldi3.o)
                0x8082d244                __ashldi3
                0x8082d244                __aeabi_llsl
 .text          0x8082d260       0x14 /home/lynn/ti-sdk-am335x-evm-05.07.00.00/linux-devkit/bin/../lib/gcc/arm-arago-linux-gnueabi/4.5.3/libgcc.a(_dvmd_lnx.o)
                0x8082d260                __aeabi_ldiv0
                0x8082d260                __aeabi_idiv0

.glue_7         0x8082d274        0x0
 .glue_7        0x00000000        0x0 linker stubs

.glue_7t        0x8082d274        0x0
 .glue_7t       0x00000000        0x0 linker stubs

.vfp11_veneer   0x8082d274        0x0
 .vfp11_veneer  0x00000000        0x0 linker stubs

.v4_bx          0x8082d274        0x0
 .v4_bx         0x00000000        0x0 linker stubs
                0x8082d274                . = ALIGN (0x4)

.rodata         0x8082d274     0xbbf5
 *(SORT(.rodata*))
 .rodata        0x8082d274       0x48 arch/arm/cpu/armv7/am33xx/libam33xx.o
                0x8082d298                omap_gpio_bank
 .rodata        0x8082d2bc       0x80 arch/arm/lib/libarm.o
 .rodata        0x8082d33c     0x1e58 common/libcommon.o
                0x8082d41f                version_string
                0x8082d4a7                default_environment
 .rodata        0x8082f194       0x10 disk/libdisk.o
 .rodata        0x8082f1a4       0xe3 drivers/dfu/libdfu.o
 *fill*         0x8082f287        0x1 00
 .rodata        0x8082f288       0xb8 drivers/input/libinput.o
 .rodata        0x8082f340       0xe2 drivers/mmc/libmmc.o
 *fill*         0x8082f422        0x2 00
 .rodata        0x8082f424      0x893 drivers/mtd/nand/libnand.o
                0x8082f440                nand_flash_ids
                0x8082fb00                nand_manuf_ids
 *fill*         0x8082fcb7        0x1 00
 .rodata        0x8082fcb8       0x50 drivers/mtd/spi/libspi_flash.o
 .rodata        0x8082fd08       0x50 drivers/serial/libserial.o
 .rodata        0x8082fd58       0x18 fs/fat/libfat.o
 .rodata        0x8082fd70       0x10 fs/libfs.o
 .rodata        0x8082fd80       0x34 lib/libfdt/libfdt.o
 .rodata        0x8082fdb4      0x817 lib/libgeneric.o
                0x808303b4                crc7_syndrome_table
                0x808304b4                _ctype
 *fill*         0x808305cb        0x1 00
 .rodata        0x808305cc      0x9cc lib/zlib/libz.o
                0x80830f70                z_errmsg
 .rodata        0x80830f98       0x16 arch/arm/cpu/armv7/libarmv7.o
 .rodata        0x80830fae        0xf fs/ext4/libext4fs.o
 .rodata.str1.1
                0x80830fbd       0x65 arch/arm/cpu/armv7/libarmv7.o
 .rodata.str1.1
                0x80831022      0x3a8 arch/arm/lib/libarm.o
                                0x3cc (size before relaxing)
 .rodata.str1.1
                0x808313ca     0x5110 common/libcommon.o
                               0x5631 (size before relaxing)
 .rodata.str1.1
                0x808364da      0x3eb disk/libdisk.o
                                0x420 (size before relaxing)
 .rodata.str1.1
                0x808368c5      0x326 drivers/dfu/libdfu.o
                                0x3d0 (size before relaxing)
 .rodata.str1.1
                0x80836beb       0x57 drivers/gpio/libgpio.o
 .rodata.str1.1
                0x80836c42      0x1b8 drivers/i2c/libi2c.o
 .rodata.str1.1
                0x80836dfa       0x10 drivers/input/libinput.o
                                 0x16 (size before relaxing)
 .rodata.str1.1
                0x80836e0a      0x2dc drivers/mmc/libmmc.o
                                0x2e2 (size before relaxing)
 .rodata.str1.1
                0x808370e6       0x50 drivers/mtd/libmtd.o
 .rodata.str1.1
                0x80837136      0xe00 drivers/mtd/nand/libnand.o
                                0xe3a (size before relaxing)
 .rodata.str1.1
                0x80837f36       0xb1 drivers/mtd/spi/libspi_flash.o
                                 0xb3 (size before relaxing)
 .rodata.str1.1
                0x80837fe7       0x57 drivers/serial/libserial.o
                                 0x92 (size before relaxing)
 .rodata.str1.1
                0x8083803e      0x145 drivers/spi/libspi.o
 .rodata.str1.1
                0x80838183      0x35b fs/ext4/libext4fs.o
 .rodata.str1.1
                0x808384de      0x2c8 fs/fat/libfat.o
                                0x2fd (size before relaxing)
 .rodata.str1.1
                0x808387a6       0xc6 fs/libfs.o
                                 0xe1 (size before relaxing)
 .rodata.str1.1
                0x8083886c       0xfc lib/libfdt/libfdt.o
                                0x11c (size before relaxing)
 .rodata.str1.1
                0x80838968      0x1de lib/libgeneric.o
                                0x1f0 (size before relaxing)
 .rodata.str1.1
                0x80838b46      0x21c lib/zlib/libz.o
                                0x21d (size before relaxing)
 .rodata.str1.1
                0x80838d62       0xec board/ti/am335x/libam335x.o
 .rodata.str1.1
                0x80838e4e       0x1b /home/lynn/git_prj/iE10/u-boot-2013.01.01-psp05.07.00.00/am335x/arch/arm/lib/eabi_compat.o

.hash           0x80838e6c       0x58
 .hash          0x80838e6c       0x58 arch/arm/cpu/armv7/start.o
                0x80838ec4                . = ALIGN (0x4)

.data           0x80838ec4     0x32e8
 *(.data*)
 .data          0x80838ec4        0x0 arch/arm/cpu/armv7/start.o
 .data          0x80838ec4       0x14 arch/arm/cpu/armv7/am33xx/libam33xx.o
                0x80838ec4                cmwkup
                0x80838ec8                cmper
                0x80838ecc                cmdpll
                0x80838ed0                cmrtc
                0x80838ed4                cstat
 .data          0x80838ed8        0x0 arch/arm/cpu/armv7/libarmv7.o
 .data          0x80838ed8        0xc arch/arm/cpu/armv7/omap-common/libomap-common.o
                0x80838ed8                boot_params
 .data          0x80838ee4       0x2c arch/arm/lib/libarm.o
                0x80838ee4                init_sequence
 .data          0x80838f10     0x1fb8 common/libcommon.o
                0x8083ae0c                env_htab
                0x8083ae1c                env_name_spec
                0x8083aeb8                load_addr
                0x8083aebc                stdio_names
 .data          0x8083aec8        0x0 disk/libdisk.o
 .data          0x8083aec8        0x8 drivers/dfu/libdfu.o
 .data          0x8083aed0        0x0 drivers/gpio/libgpio.o
 .data          0x8083aed0       0x14 drivers/i2c/libi2c.o
 .data          0x8083aee4       0xc6 drivers/input/libinput.o
 *fill*         0x8083afaa        0x2 00
 .data          0x8083afac        0x4 drivers/mmc/libmmc.o
 .data          0x8083afb0        0x0 drivers/mtd/libmtd.o
 .data          0x8083afb0      0xe7c drivers/mtd/nand/libnand.o
                0x8083afb0                nand_curr_device
 .data          0x8083be2c        0x0 drivers/mtd/spi/libspi_flash.o
 .data          0x8083be2c        0x0 drivers/pcmcia/libpcmcia.o
 .data          0x8083be2c        0x0 drivers/rtc/librtc.o
 .data          0x8083be2c      0x120 drivers/serial/libserial.o
                0x8083be2c                eserial1_device
                0x8083be5c                eserial2_device
                0x8083be8c                eserial3_device
                0x8083bebc                eserial4_device
                0x8083beec                eserial5_device
                0x8083bf1c                eserial6_device
 .data          0x8083bf4c        0x0 drivers/spi/libspi.o
 .data          0x8083bf4c        0xc fs/ext4/libext4fs.o
                0x8083bf4c                ext4fs_indir1_blkno
                0x8083bf50                ext4fs_indir2_blkno
                0x8083bf54                ext4fs_indir3_blkno
 .data          0x8083bf58      0x204 fs/fat/libfat.o
                0x8083bf58                file_cwd
 .data          0x8083c15c        0x0 fs/libfs.o
 .data          0x8083c15c        0x0 lib/libfdt/libfdt.o
 .data          0x8083c15c        0x0 lib/libgeneric.o
 .data          0x8083c15c        0x0 lib/zlib/libz.o
 .data          0x8083c15c       0x50 board/ti/am335x/libam335x.o
 .data          0x8083c1ac        0x0 /home/lynn/git_prj/iE10/u-boot-2013.01.01-psp05.07.00.00/am335x/arch/arm/lib/eabi_compat.o
 .data          0x8083c1ac        0x0 /home/lynn/ti-sdk-am335x-evm-05.07.00.00/linux-devkit/bin/../lib/gcc/arm-arago-linux-gnueabi/4.5.3/libgcc.a(_udivsi3.o)
 .data          0x8083c1ac        0x0 /home/lynn/ti-sdk-am335x-evm-05.07.00.00/linux-devkit/bin/../lib/gcc/arm-arago-linux-gnueabi/4.5.3/libgcc.a(_divsi3.o)
 .data          0x8083c1ac        0x0 /home/lynn/ti-sdk-am335x-evm-05.07.00.00/linux-devkit/bin/../lib/gcc/arm-arago-linux-gnueabi/4.5.3/libgcc.a(_lshrdi3.o)
 .data          0x8083c1ac        0x0 /home/lynn/ti-sdk-am335x-evm-05.07.00.00/linux-devkit/bin/../lib/gcc/arm-arago-linux-gnueabi/4.5.3/libgcc.a(_ashrdi3.o)
 .data          0x8083c1ac        0x0 /home/lynn/ti-sdk-am335x-evm-05.07.00.00/linux-devkit/bin/../lib/gcc/arm-arago-linux-gnueabi/4.5.3/libgcc.a(_ashldi3.o)
 .data          0x8083c1ac        0x0 /home/lynn/ti-sdk-am335x-evm-05.07.00.00/linux-devkit/bin/../lib/gcc/arm-arago-linux-gnueabi/4.5.3/libgcc.a(_dvmd_lnx.o)

.got            0x8083c1ac        0x0
 .got           0x00000000        0x0 arch/arm/cpu/armv7/start.o

.got.plt        0x8083c1ac        0xc
 .got.plt       0x8083c1ac        0xc arch/arm/cpu/armv7/start.o
                0x8083c1ac                _GLOBAL_OFFSET_TABLE_
                0x8083c1b8                . = ALIGN (0x4)
                0x8083c1b8                . = .
                0x8083c1b8                . = ALIGN (0x4)

.u_boot_list    0x8083c1b8      0x598
                0x8083c1b8                _u_boot_list__start = .
                0x8083c1b8                _u_boot_list_cmd__start = .
 *(SORT(.u_boot_list.cmd.*))
 .u_boot_list.cmd.askenv
                0x8083c1b8       0x18 common/libcommon.o
                0x8083c1b8                _u_boot_list_cmd_askenv
 .u_boot_list.cmd.base
                0x8083c1d0       0x18 common/libcommon.o
                0x8083c1d0                _u_boot_list_cmd_base
 .u_boot_list.cmd.bdinfo
                0x8083c1e8       0x18 common/libcommon.o
                0x8083c1e8                _u_boot_list_cmd_bdinfo
 .u_boot_list.cmd.boot
                0x8083c200       0x18 common/libcommon.o
                0x8083c200                _u_boot_list_cmd_boot
 .u_boot_list.cmd.bootd
                0x8083c218       0x18 common/libcommon.o
                0x8083c218                _u_boot_list_cmd_bootd
 .u_boot_list.cmd.bootm
                0x8083c230       0x18 common/libcommon.o
                0x8083c230                _u_boot_list_cmd_bootm
 .u_boot_list.cmd.chpart
                0x8083c248       0x18 common/libcommon.o
                0x8083c248                _u_boot_list_cmd_chpart
 .u_boot_list.cmd.cmp
                0x8083c260       0x18 common/libcommon.o
                0x8083c260                _u_boot_list_cmd_cmp
 .u_boot_list.cmd.coninfo
                0x8083c278       0x18 common/libcommon.o
                0x8083c278                _u_boot_list_cmd_coninfo
 .u_boot_list.cmd.cp
                0x8083c290       0x18 common/libcommon.o
                0x8083c290                _u_boot_list_cmd_cp
 .u_boot_list.cmd.crc32
                0x8083c2a8       0x18 common/libcommon.o
                0x8083c2a8                _u_boot_list_cmd_crc32
 .u_boot_list.cmd.dfu
                0x8083c2c0       0x18 common/libcommon.o
                0x8083c2c0                _u_boot_list_cmd_dfu
 .u_boot_list.cmd.echo
                0x8083c2d8       0x18 common/libcommon.o
                0x8083c2d8                _u_boot_list_cmd_echo
 .u_boot_list.cmd.editenv
                0x8083c2f0       0x18 common/libcommon.o
                0x8083c2f0                _u_boot_list_cmd_editenv
 .u_boot_list.cmd.eeprom
                0x8083c308       0x18 common/libcommon.o
                0x8083c308                _u_boot_list_cmd_eeprom
 .u_boot_list.cmd.env
                0x8083c320       0x18 common/libcommon.o
                0x8083c320                _u_boot_list_cmd_env
 .u_boot_list.cmd.exit
                0x8083c338       0x18 common/libcommon.o
                0x8083c338                _u_boot_list_cmd_exit
 .u_boot_list.cmd.ext2load
                0x8083c350       0x18 common/libcommon.o
                0x8083c350                _u_boot_list_cmd_ext2load
 .u_boot_list.cmd.ext2ls
                0x8083c368       0x18 common/libcommon.o
                0x8083c368                _u_boot_list_cmd_ext2ls
 .u_boot_list.cmd.false
                0x8083c380       0x18 common/libcommon.o
                0x8083c380                _u_boot_list_cmd_false
 .u_boot_list.cmd.fatinfo
                0x8083c398       0x18 common/libcommon.o
                0x8083c398                _u_boot_list_cmd_fatinfo
 .u_boot_list.cmd.fatload
                0x8083c3b0       0x18 common/libcommon.o
                0x8083c3b0                _u_boot_list_cmd_fatload
 .u_boot_list.cmd.fatls
                0x8083c3c8       0x18 common/libcommon.o
                0x8083c3c8                _u_boot_list_cmd_fatls
 .u_boot_list.cmd.fatwrite
                0x8083c3e0       0x18 common/libcommon.o
                0x8083c3e0                _u_boot_list_cmd_fatwrite
 .u_boot_list.cmd.fdt
                0x8083c3f8       0x18 common/libcommon.o
                0x8083c3f8                _u_boot_list_cmd_fdt
 .u_boot_list.cmd.go
                0x8083c410       0x18 common/libcommon.o
                0x8083c410                _u_boot_list_cmd_go
 .u_boot_list.cmd.help
                0x8083c428       0x18 common/libcommon.o
                0x8083c428                _u_boot_list_cmd_help
 .u_boot_list.cmd.i2c
                0x8083c440       0x18 common/libcommon.o
                0x8083c440                _u_boot_list_cmd_i2c
 .u_boot_list.cmd.iminfo
                0x8083c458       0x18 common/libcommon.o
                0x8083c458                _u_boot_list_cmd_iminfo
 .u_boot_list.cmd.imxtract
                0x8083c470       0x18 common/libcommon.o
                0x8083c470                _u_boot_list_cmd_imxtract
 .u_boot_list.cmd.itest
                0x8083c488       0x18 common/libcommon.o
                0x8083c488                _u_boot_list_cmd_itest
 .u_boot_list.cmd.loadb
                0x8083c4a0       0x18 common/libcommon.o
                0x8083c4a0                _u_boot_list_cmd_loadb
 .u_boot_list.cmd.loads
                0x8083c4b8       0x18 common/libcommon.o
                0x8083c4b8                _u_boot_list_cmd_loads
 .u_boot_list.cmd.loady
                0x8083c4d0       0x18 common/libcommon.o
                0x8083c4d0                _u_boot_list_cmd_loady
 .u_boot_list.cmd.loop
                0x8083c4e8       0x18 common/libcommon.o
                0x8083c4e8                _u_boot_list_cmd_loop
 .u_boot_list.cmd.md
                0x8083c500       0x18 common/libcommon.o
                0x8083c500                _u_boot_list_cmd_md
 .u_boot_list.cmd.mm
                0x8083c518       0x18 common/libcommon.o
                0x8083c518                _u_boot_list_cmd_mm
 .u_boot_list.cmd.mmc
                0x8083c530       0x18 common/libcommon.o
                0x8083c530                _u_boot_list_cmd_mmc
 .u_boot_list.cmd.mmcinfo
                0x8083c548       0x18 common/libcommon.o
                0x8083c548                _u_boot_list_cmd_mmcinfo
 .u_boot_list.cmd.mtdparts
                0x8083c560       0x18 common/libcommon.o
                0x8083c560                _u_boot_list_cmd_mtdparts
 .u_boot_list.cmd.mtest
                0x8083c578       0x18 common/libcommon.o
                0x8083c578                _u_boot_list_cmd_mtest
 .u_boot_list.cmd.mw
                0x8083c590       0x18 common/libcommon.o
                0x8083c590                _u_boot_list_cmd_mw
 .u_boot_list.cmd.nand
                0x8083c5a8       0x18 common/libcommon.o
                0x8083c5a8                _u_boot_list_cmd_nand
 .u_boot_list.cmd.nboot
                0x8083c5c0       0x18 common/libcommon.o
                0x8083c5c0                _u_boot_list_cmd_nboot
 .u_boot_list.cmd.nm
                0x8083c5d8       0x18 common/libcommon.o
                0x8083c5d8                _u_boot_list_cmd_nm
 .u_boot_list.cmd.printenv
                0x8083c5f0       0x18 common/libcommon.o
                0x8083c5f0                _u_boot_list_cmd_printenv
 .u_boot_list.cmd.question_mark
                0x8083c608       0x18 common/libcommon.o
                0x8083c608                _u_boot_list_cmd_question_mark
 .u_boot_list.cmd.reset
                0x8083c620       0x18 common/libcommon.o
                0x8083c620                _u_boot_list_cmd_reset
 .u_boot_list.cmd.run
                0x8083c638       0x18 common/libcommon.o
                0x8083c638                _u_boot_list_cmd_run
 .u_boot_list.cmd.saveenv
                0x8083c650       0x18 common/libcommon.o
                0x8083c650                _u_boot_list_cmd_saveenv
 .u_boot_list.cmd.setenv
                0x8083c668       0x18 common/libcommon.o
                0x8083c668                _u_boot_list_cmd_setenv
 .u_boot_list.cmd.sf
                0x8083c680       0x18 common/libcommon.o
                0x8083c680                _u_boot_list_cmd_sf
 .u_boot_list.cmd.showvar
                0x8083c698       0x18 common/libcommon.o
                0x8083c698                _u_boot_list_cmd_showvar
 .u_boot_list.cmd.sleep
                0x8083c6b0       0x18 common/libcommon.o
                0x8083c6b0                _u_boot_list_cmd_sleep
 .u_boot_list.cmd.source
                0x8083c6c8       0x18 common/libcommon.o
                0x8083c6c8                _u_boot_list_cmd_source
 .u_boot_list.cmd.test
                0x8083c6e0       0x18 common/libcommon.o
                0x8083c6e0                _u_boot_list_cmd_test
 .u_boot_list.cmd.true
                0x8083c6f8       0x18 common/libcommon.o
                0x8083c6f8                _u_boot_list_cmd_true
 .u_boot_list.cmd.version
                0x8083c710       0x18 common/libcommon.o
                0x8083c710                _u_boot_list_cmd_version
                0x8083c728                _u_boot_list_cmd__end = .
                0x8083c728                _u_boot_list_env_clbk__start = .
 *(SORT(.u_boot_list.env_clbk.*))
 .u_boot_list.env_clbk.baudrate
                0x8083c728        0x8 drivers/serial/libserial.o
                0x8083c728                _u_boot_list_env_clbk_baudrate
 .u_boot_list.env_clbk.callbacks
                0x8083c730        0x8 common/libcommon.o
                0x8083c730                _u_boot_list_env_clbk_callbacks
 .u_boot_list.env_clbk.console
                0x8083c738        0x8 common/libcommon.o
                0x8083c738                _u_boot_list_env_clbk_console
 .u_boot_list.env_clbk.flags
                0x8083c740        0x8 common/libcommon.o
                0x8083c740                _u_boot_list_env_clbk_flags
 .u_boot_list.env_clbk.loadaddr
                0x8083c748        0x8 common/libcommon.o
                0x8083c748                _u_boot_list_env_clbk_loadaddr
                0x8083c750                _u_boot_list_env_clbk__end = .
 *(SORT(.u_boot_list.*))
                0x8083c750                _u_boot_list__end = .
                0x8083c750                . = ALIGN (0x4)
                0x8083c750                __image_copy_end = .

.rel.dyn        0x8083c750     0x5a40
                0x8083c750                __rel_dyn_start = .
 *(.rel*)
 .rel.got       0x00000000        0x0 arch/arm/cpu/armv7/start.o
 .rel.plt       0x00000000        0x0 arch/arm/cpu/armv7/start.o
 .rel.text      0x8083c750     0x3bf8 arch/arm/cpu/armv7/start.o
 .rel.rodata    0x80840348      0x8f8 arch/arm/cpu/armv7/start.o
 .rel.data      0x80840c40      0xdd0 arch/arm/cpu/armv7/start.o
 .rel.u_boot_list.cmd.bdinfo
                0x80841a10       0x20 arch/arm/cpu/armv7/start.o
 .rel.u_boot_list.cmd.reset
                0x80841a30       0x20 arch/arm/cpu/armv7/start.o
 .rel.u_boot_list.cmd.go
                0x80841a50       0x20 arch/arm/cpu/armv7/start.o
 .rel.u_boot_list.cmd.bootm
                0x80841a70       0x20 arch/arm/cpu/armv7/start.o
 .rel.u_boot_list.cmd.bootd
                0x80841a90       0x20 arch/arm/cpu/armv7/start.o
 .rel.u_boot_list.cmd.iminfo
                0x80841ab0       0x20 arch/arm/cpu/armv7/start.o
 .rel.u_boot_list.cmd.boot
                0x80841ad0       0x20 arch/arm/cpu/armv7/start.o
 .rel.u_boot_list.cmd.coninfo
                0x80841af0       0x20 arch/arm/cpu/armv7/start.o
 .rel.u_boot_list.cmd.dfu
                0x80841b10       0x20 arch/arm/cpu/armv7/start.o
 .rel.u_boot_list.cmd.echo
                0x80841b30       0x20 arch/arm/cpu/armv7/start.o
 .rel.u_boot_list.cmd.eeprom
                0x80841b50       0x20 arch/arm/cpu/armv7/start.o
 .rel.u_boot_list.cmd.exit
                0x80841b70       0x20 arch/arm/cpu/armv7/start.o
 .rel.u_boot_list.cmd.ext2load
                0x80841b90       0x20 arch/arm/cpu/armv7/start.o
 .rel.u_boot_list.cmd.ext2ls
                0x80841bb0       0x20 arch/arm/cpu/armv7/start.o
 .rel.u_boot_list.cmd.fatls
                0x80841bd0       0x20 arch/arm/cpu/armv7/start.o
 .rel.u_boot_list.cmd.fatwrite
                0x80841bf0       0x20 arch/arm/cpu/armv7/start.o
 .rel.u_boot_list.cmd.fatload
                0x80841c10       0x20 arch/arm/cpu/armv7/start.o
 .rel.u_boot_list.cmd.fatinfo
                0x80841c30       0x20 arch/arm/cpu/armv7/start.o
 .rel.u_boot_list.cmd.fdt
                0x80841c50       0x20 arch/arm/cpu/armv7/start.o
 .rel.u_boot_list.cmd.question_mark
                0x80841c70       0x20 arch/arm/cpu/armv7/start.o
 .rel.u_boot_list.cmd.help
                0x80841c90       0x20 arch/arm/cpu/armv7/start.o
 .rel.u_boot_list.cmd.i2c
                0x80841cb0       0x20 arch/arm/cpu/armv7/start.o
 .rel.u_boot_list.cmd.itest
                0x80841cd0       0x20 arch/arm/cpu/armv7/start.o
 .rel.u_boot_list.cmd.loads
                0x80841cf0       0x20 arch/arm/cpu/armv7/start.o
 .rel.u_boot_list.cmd.loadb
                0x80841d10       0x20 arch/arm/cpu/armv7/start.o
 .rel.u_boot_list.cmd.loady
                0x80841d30       0x20 arch/arm/cpu/armv7/start.o
 .rel.u_boot_list.cmd.mtest
                0x80841d50       0x20 arch/arm/cpu/armv7/start.o
 .rel.u_boot_list.cmd.mw
                0x80841d70       0x20 arch/arm/cpu/armv7/start.o
 .rel.u_boot_list.cmd.loop
                0x80841d90       0x20 arch/arm/cpu/armv7/start.o
 .rel.u_boot_list.cmd.cp
                0x80841db0       0x20 arch/arm/cpu/armv7/start.o
 .rel.u_boot_list.cmd.cmp
                0x80841dd0       0x20 arch/arm/cpu/armv7/start.o
 .rel.u_boot_list.cmd.md
                0x80841df0       0x20 arch/arm/cpu/armv7/start.o
 .rel.u_boot_list.cmd.mm
                0x80841e10       0x20 arch/arm/cpu/armv7/start.o
 .rel.u_boot_list.cmd.base
                0x80841e30       0x20 arch/arm/cpu/armv7/start.o
 .rel.u_boot_list.cmd.crc32
                0x80841e50       0x20 arch/arm/cpu/armv7/start.o
 .rel.u_boot_list.cmd.nm
                0x80841e70       0x20 arch/arm/cpu/armv7/start.o
 .rel.u_boot_list.cmd.sleep
                0x80841e90       0x20 arch/arm/cpu/armv7/start.o
 .rel.u_boot_list.cmd.mmcinfo
                0x80841eb0       0x20 arch/arm/cpu/armv7/start.o
 .rel.u_boot_list.cmd.mmc
                0x80841ed0       0x20 arch/arm/cpu/armv7/start.o
 .rel.u_boot_list.cmd.chpart
                0x80841ef0       0x20 arch/arm/cpu/armv7/start.o
 .rel.u_boot_list.cmd.mtdparts
                0x80841f10       0x20 arch/arm/cpu/armv7/start.o
 .rel.u_boot_list.cmd.nand
                0x80841f30       0x20 arch/arm/cpu/armv7/start.o
 .rel.u_boot_list.cmd.nboot
                0x80841f50       0x20 arch/arm/cpu/armv7/start.o
 .rel.u_boot_list.cmd.printenv
                0x80841f70       0x20 arch/arm/cpu/armv7/start.o
 .rel.u_boot_list.cmd.run
                0x80841f90       0x20 arch/arm/cpu/armv7/start.o
 .rel.u_boot_list.cmd.env
                0x80841fb0       0x20 arch/arm/cpu/armv7/start.o
 .rel.u_boot_list.cmd.saveenv
                0x80841fd0       0x20 arch/arm/cpu/armv7/start.o
 .rel.u_boot_list.cmd.setenv
                0x80841ff0       0x20 arch/arm/cpu/armv7/start.o
 .rel.u_boot_list.cmd.editenv
                0x80842010       0x20 arch/arm/cpu/armv7/start.o
 .rel.u_boot_list.cmd.askenv
                0x80842030       0x20 arch/arm/cpu/armv7/start.o
 .rel.u_boot_list.cmd.sf
                0x80842050       0x20 arch/arm/cpu/armv7/start.o
 .rel.u_boot_list.cmd.source
                0x80842070       0x20 arch/arm/cpu/armv7/start.o
 .rel.u_boot_list.cmd.test
                0x80842090       0x20 arch/arm/cpu/armv7/start.o
 .rel.u_boot_list.cmd.false
                0x808420b0       0x18 arch/arm/cpu/armv7/start.o
 .rel.u_boot_list.cmd.true
                0x808420c8       0x18 arch/arm/cpu/armv7/start.o
 .rel.u_boot_list.cmd.version
                0x808420e0       0x20 arch/arm/cpu/armv7/start.o
 .rel.u_boot_list.cmd.imxtract
                0x80842100       0x20 arch/arm/cpu/armv7/start.o
 .rel.u_boot_list.env_clbk.console
                0x80842120       0x10 arch/arm/cpu/armv7/start.o
 .rel.u_boot_list.env_clbk.callbacks
                0x80842130       0x10 arch/arm/cpu/armv7/start.o
 .rel.u_boot_list.env_clbk.flags
                0x80842140       0x10 arch/arm/cpu/armv7/start.o
 .rel.u_boot_list.cmd.showvar
                0x80842150       0x20 arch/arm/cpu/armv7/start.o
 .rel.u_boot_list.env_clbk.loadaddr
                0x80842170       0x10 arch/arm/cpu/armv7/start.o
 .rel.u_boot_list.env_clbk.baudrate
                0x80842180       0x10 arch/arm/cpu/armv7/start.o
                0x80842190                __rel_dyn_end = .

.dynsym         0x80842190      0x110
                0x80842190                __dynsym_start = .
 *(.dynsym)
 .dynsym        0x80842190      0x110 arch/arm/cpu/armv7/start.o
                0x808422a0                _end = .
                0x80843000                . = ALIGN (0x1000)

.mmutable
 *(.mmutable)

.bss            0x8083c750   0x441a28
                0x8083c750                __bss_start = .
 *(.bss*)
 .bss           0x8083c750        0x0 arch/arm/cpu/armv7/start.o
 .bss           0x8083c750        0x8 arch/arm/cpu/armv7/am33xx/libam33xx.o
                0x8083c750                gpmc_cfg
                0x8083c754                elm_cfg
 .bss           0x8083c758        0x0 arch/arm/cpu/armv7/libarmv7.o
 .bss           0x8083c758        0x0 arch/arm/cpu/armv7/omap-common/libomap-common.o
 .bss           0x8083c758        0x8 arch/arm/lib/libarm.o
                0x8083c758                monitor_flash_len
 .bss           0x8083c760     0x1298 common/libcommon.o
                0x8083c760                images
                0x8083c890                working_fdt
                0x8083cd20                current_mtd_dev
                0x8083cd2c                current_mtd_partnum
                0x8083cfe4                mem_malloc_brk
                0x8083cfe8                mem_malloc_start
                0x8083cfec                mem_malloc_end
                0x8083d028                env_ptr
                0x8083d368                save_addr
                0x8083d36c                save_size
                0x8083d370                console_buffer
                0x8083d5b0                stdio_devices
 .bss           0x8083d9f8        0x0 disk/libdisk.o
 *fill*         0x8083d9f8        0x8 00
 .bss           0x8083da00   0x410080 drivers/dfu/libdfu.o
 .bss           0x80c4da80        0x0 drivers/gpio/libgpio.o
 .bss           0x80c4da80        0x0 drivers/i2c/libi2c.o
 .bss           0x80c4da80        0x0 drivers/input/libinput.o
 .bss           0x80c4da80      0x258 drivers/mmc/libmmc.o
 .bss           0x80c4dcd8       0x80 drivers/mtd/libmtd.o
                0x80c4dcd8                mtd_table
 .bss           0x80c4dd58      0x1e1 drivers/mtd/nand/libnand.o
                0x80c4dd60                nand_info
 .bss           0x80c4df39        0x0 drivers/mtd/spi/libspi_flash.o
 .bss           0x80c4df39        0x0 drivers/pcmcia/libpcmcia.o
 .bss           0x80c4df39        0x0 drivers/rtc/librtc.o
 *fill*         0x80c4df39        0x3 00
 .bss           0x80c4df3c        0x8 drivers/serial/libserial.o
 .bss           0x80c4df44        0x0 drivers/spi/libspi.o
 *fill*         0x80c4df44        0x4 00
 .bss           0x80c4df48       0x84 fs/ext4/libext4fs.o
                0x80c4df48                ext_fs
                0x80c4df90                ext4fs_symlinknest
                0x80c4df98                ext4fs_root
                0x80c4df9c                ext4fs_indir1_block
                0x80c4dfa0                ext4fs_indir1_size
                0x80c4dfa4                ext4fs_indir2_block
                0x80c4dfa8                ext4fs_indir2_size
                0x80c4dfac                ext4fs_indir3_block
                0x80c4dfb0                ext4fs_indir3_size
                0x80c4dfb4                ext4fs_file
                0x80c4dfbc                g_parent_inode
                0x80c4dfc8                part_offset
 *fill*         0x80c4dfcc       0x34 00
 .bss           0x80c4e000    0x30100 fs/fat/libfat.o
                0x80c4e080                get_contents_vfatname_block
                0x80c5e0c0                get_dentfromdir_block
                0x80c6e100                do_fat_read_at_block
 .bss           0x80c7e100       0x58 fs/libfs.o
 .bss           0x80c7e158        0x0 lib/libfdt/libfdt.o
 .bss           0x80c7e158       0x1e lib/libgeneric.o
                0x80c7e158                errno
                0x80c7e15c                ___strtok
 .bss           0x80c7e176        0x0 lib/zlib/libz.o
 .bss           0x80c7e176        0x0 board/ti/am335x/libam335x.o
 .bss           0x80c7e176        0x0 /home/lynn/git_prj/iE10/u-boot-2013.01.01-psp05.07.00.00/am335x/arch/arm/lib/eabi_compat.o
 .bss           0x80c7e176        0x0 /home/lynn/ti-sdk-am335x-evm-05.07.00.00/linux-devkit/bin/../lib/gcc/arm-arago-linux-gnueabi/4.5.3/libgcc.a(_udivsi3.o)
 .bss           0x80c7e176        0x0 /home/lynn/ti-sdk-am335x-evm-05.07.00.00/linux-devkit/bin/../lib/gcc/arm-arago-linux-gnueabi/4.5.3/libgcc.a(_divsi3.o)
 .bss           0x80c7e176        0x0 /home/lynn/ti-sdk-am335x-evm-05.07.00.00/linux-devkit/bin/../lib/gcc/arm-arago-linux-gnueabi/4.5.3/libgcc.a(_lshrdi3.o)
 .bss           0x80c7e176        0x0 /home/lynn/ti-sdk-am335x-evm-05.07.00.00/linux-devkit/bin/../lib/gcc/arm-arago-linux-gnueabi/4.5.3/libgcc.a(_ashrdi3.o)
 .bss           0x80c7e176        0x0 /home/lynn/ti-sdk-am335x-evm-05.07.00.00/linux-devkit/bin/../lib/gcc/arm-arago-linux-gnueabi/4.5.3/libgcc.a(_ashldi3.o)
 .bss           0x80c7e176        0x0 /home/lynn/ti-sdk-am335x-evm-05.07.00.00/linux-devkit/bin/../lib/gcc/arm-arago-linux-gnueabi/4.5.3/libgcc.a(_dvmd_lnx.o)
                0x80c7e178                . = ALIGN (0x4)
 *fill*         0x80c7e176        0x2 00
                0x80c7e178                __bss_end__ = .

.dynbss         0x80c7e178        0x0
 .dynbss        0x00000000        0x0 arch/arm/cpu/armv7/start.o

/DISCARD/
 *(.dynstr*)
 *(.dynamic*)
 *(.plt*)
 *(.interp*)
 *(.gnu*)
Address of section .text set to 0x80800000
LOAD arch/arm/cpu/armv7/start.o
START GROUP
LOAD api/libapi.o
LOAD arch/arm/cpu/armv7/am33xx/libam33xx.o
LOAD arch/arm/cpu/armv7/libarmv7.o
LOAD arch/arm/cpu/armv7/omap-common/libomap-common.o
LOAD arch/arm/lib/libarm.o
LOAD common/libcommon.o
LOAD disk/libdisk.o
LOAD drivers/bios_emulator/libatibiosemu.o
LOAD drivers/block/libblock.o
LOAD drivers/dfu/libdfu.o
LOAD drivers/dma/libdma.o
LOAD drivers/fpga/libfpga.o
LOAD drivers/gpio/libgpio.o
LOAD drivers/hwmon/libhwmon.o
LOAD drivers/i2c/libi2c.o
LOAD drivers/input/libinput.o
LOAD drivers/misc/libmisc.o
LOAD drivers/mmc/libmmc.o
LOAD drivers/mtd/libmtd.o
LOAD drivers/mtd/nand/libnand.o
LOAD drivers/mtd/onenand/libonenand.o
LOAD drivers/mtd/spi/libspi_flash.o
LOAD drivers/mtd/ubi/libubi.o
LOAD drivers/net/libnet.o
LOAD drivers/net/phy/libphy.o
LOAD drivers/pci/libpci.o
LOAD drivers/pcmcia/libpcmcia.o
LOAD drivers/power/battery/libbattery.o
LOAD drivers/power/fuel_gauge/libfuel_gauge.o
LOAD drivers/power/libpower.o
LOAD drivers/power/pmic/libpmic.o
LOAD drivers/rtc/librtc.o
LOAD drivers/serial/libserial.o
LOAD drivers/sound/libsound.o
LOAD drivers/spi/libspi.o
LOAD drivers/twserial/libtws.o
LOAD drivers/usb/eth/libusb_eth.o
LOAD drivers/usb/gadget/libusb_gadget.o
LOAD drivers/usb/host/libusb_host.o
LOAD drivers/usb/musb-new/libusb_musb-new.o
LOAD drivers/usb/musb/libusb_musb.o
LOAD drivers/usb/phy/libusb_phy.o
LOAD drivers/usb/ulpi/libusb_ulpi.o
LOAD drivers/video/libvideo.o
LOAD drivers/watchdog/libwatchdog.o
LOAD fs/cbfs/libcbfs.o
LOAD fs/cramfs/libcramfs.o
LOAD fs/ext4/libext4fs.o
LOAD fs/fat/libfat.o
LOAD fs/fdos/libfdos.o
LOAD fs/jffs2/libjffs2.o
LOAD fs/libfs.o
LOAD fs/reiserfs/libreiserfs.o
LOAD fs/ubifs/libubifs.o
LOAD fs/yaffs2/libyaffs2.o
LOAD fs/zfs/libzfs.o
LOAD lib/libfdt/libfdt.o
LOAD lib/libgeneric.o
LOAD lib/lzma/liblzma.o
LOAD lib/lzo/liblzo.o
LOAD lib/zlib/libz.o
LOAD net/libnet.o
LOAD post/libpost.o
LOAD test/libtest.o
LOAD board/ti/am335x/libam335x.o
END GROUP
LOAD /home/lynn/git_prj/iE10/u-boot-2013.01.01-psp05.07.00.00/am335x/arch/arm/lib/eabi_compat.o
LOAD /home/lynn/ti-sdk-am335x-evm-05.07.00.00/linux-devkit/bin/../lib/gcc/arm-arago-linux-gnueabi/4.5.3/libgcc.a
LOAD /home/lynn/ti-sdk-am335x-evm-05.07.00.00/linux-devkit/bin/../lib/gcc/arm-arago-linux-gnueabi/4.5.3/libgcc.a
OUTPUT(u-boot elf32-littlearm)

.ARM.attributes
                0x00000000       0x29
 .ARM.attributes
                0x00000000       0x1d arch/arm/cpu/armv7/start.o
 .ARM.attributes
                0x0000001d       0x2d arch/arm/cpu/armv7/am33xx/libam33xx.o
 .ARM.attributes
                0x0000004a       0x2b arch/arm/cpu/armv7/libarmv7.o
 .ARM.attributes
                0x00000075       0x29 arch/arm/cpu/armv7/omap-common/libomap-common.o
 .ARM.attributes
                0x0000009e       0x29 arch/arm/lib/libarm.o
 .ARM.attributes
                0x000000c7       0x2d common/libcommon.o
 .ARM.attributes
                0x000000f4       0x2d disk/libdisk.o
 .ARM.attributes
                0x00000121       0x2d drivers/dfu/libdfu.o
 .ARM.attributes
                0x0000014e       0x2d drivers/gpio/libgpio.o
 .ARM.attributes
                0x0000017b       0x2d drivers/i2c/libi2c.o
 .ARM.attributes
                0x000001a8       0x2d drivers/input/libinput.o
 .ARM.attributes
                0x000001d5       0x2d drivers/mmc/libmmc.o
 .ARM.attributes
                0x00000202       0x2d drivers/mtd/libmtd.o
 .ARM.attributes
                0x0000022f       0x2d drivers/mtd/nand/libnand.o
 .ARM.attributes
                0x0000025c       0x2d drivers/mtd/spi/libspi_flash.o
 .ARM.attributes
                0x00000289       0x2d drivers/pcmcia/libpcmcia.o
 .ARM.attributes
                0x000002b6       0x2d drivers/rtc/librtc.o
 .ARM.attributes
                0x000002e3       0x2d drivers/serial/libserial.o
 .ARM.attributes
[...]
 .debug_info    0x000366d0      0xc0e drivers/mtd/libmtd.o
 .debug_info    0x000372de     0xc7ea drivers/mtd/nand/libnand.o
 .debug_info    0x00043ac8     0x10bc drivers/mtd/spi/libspi_flash.o
 .debug_info    0x00044b84      0x59e drivers/pcmcia/libpcmcia.o
 .debug_info    0x00045122      0x2cf drivers/rtc/librtc.o
 .debug_info    0x000453f1     0x2297 drivers/serial/libserial.o
 .debug_info    0x00047688     0x11e7 drivers/spi/libspi.o
 .debug_info    0x0004886f     0x2c5d fs/ext4/libext4fs.o
 .debug_info    0x0004b4cc     0x2bf2 fs/fat/libfat.o
 .debug_info    0x0004e0be      0xc83 fs/libfs.o
 .debug_info    0x0004ed41     0x40f7 lib/libfdt/libfdt.o
 .debug_info    0x00052e38     0x56df lib/libgeneric.o
 .debug_info    0x00058517     0x128c lib/zlib/libz.o
 .debug_info    0x000597a3      0x905 board/ti/am335x/libam335x.o
 .debug_info    0x0005a0a8      0x324 /home/lynn/git_prj/iE10/u-boot-2013.01.01-psp05.07.00.00/am335x/arch/arm/lib/eabi_compat.o
 .debug_info    0x0005a3cc      0x1a1 /home/lynn/ti-sdk-am335x-evm-05.07.00.00/linux-devkit/bin/../lib/gcc/arm-arago-linux-gnueabi/4.5.3/libgcc.a(_udivsi3.o)
 .debug_info    0x0005a56d      0x1a1 /home/lynn/ti-sdk-am335x-evm-05.07.00.00/linux-devkit/bin/../lib/gcc/arm-arago-linux-gnueabi/4.5.3/libgcc.a(_divsi3.o)
 .debug_info    0x0005a70e      0x1a1 /home/lynn/ti-sdk-am335x-evm-05.07.00.00/linux-devkit/bin/../lib/gcc/arm-arago-linux-gnueabi/4.5.3/libgcc.a(_lshrdi3.o)
 .debug_info    0x0005a8af      0x1a1 /home/lynn/ti-sdk-am335x-evm-05.07.00.00/linux-devkit/bin/../lib/gcc/arm-arago-linux-gnueabi/4.5.3/libgcc.a(_ashrdi3.o)
 .debug_info    0x0005aa50      0x1a1 /home/lynn/ti-sdk-am335x-evm-05.07.00.00/linux-devkit/bin/../lib/gcc/arm-arago-linux-gnueabi/4.5.3/libgcc.a(_ashldi3.o)
 .debug_info    0x0005abf1      0x1a1 /home/lynn/ti-sdk-am335x-evm-05.07.00.00/linux-devkit/bin/../lib/gcc/arm-arago-linux-gnueabi/4.5.3/libgcc.a(_dvmd_lnx.o)

.debug_abbrev   0x00000000    0x11961
 .debug_abbrev  0x00000000       0x14 arch/arm/cpu/armv7/start.o
 .debug_abbrev  0x00000014      0xe15 arch/arm/cpu/armv7/am33xx/libam33xx.o
 .debug_abbrev  0x00000e29      0x55f arch/arm/cpu/armv7/libarmv7.o
 .debug_abbrev  0x00001388      0x52d arch/arm/cpu/armv7/omap-common/libomap-common.o
 .debug_abbrev  0x000018b5      0xceb arch/arm/lib/libarm.o
 .debug_abbrev  0x000025a0     0x6b04 common/libcommon.o
 .debug_abbrev  0x000090a4      0x57f disk/libdisk.o
 .debug_abbrev  0x00009623      0x92e drivers/dfu/libdfu.o
 .debug_abbrev  0x00009f51      0x227 drivers/gpio/libgpio.o
 .debug_abbrev  0x0000a178      0x365 drivers/i2c/libi2c.o
 .debug_abbrev  0x0000a4dd      0x38f drivers/input/libinput.o
 .debug_abbrev  0x0000a86c      0x839 drivers/mmc/libmmc.o
 .debug_abbrev  0x0000b0a5      0x1e4 drivers/mtd/libmtd.o
 .debug_abbrev  0x0000b289     0x165c drivers/mtd/nand/libnand.o
 .debug_abbrev  0x0000c8e5      0x44a drivers/mtd/spi/libspi_flash.o
 .debug_abbrev  0x0000cd2f      0x1b2 drivers/pcmcia/libpcmcia.o
 .debug_abbrev  0x0000cee1       0xd9 drivers/rtc/librtc.o
 .debug_abbrev  0x0000cfba      0x747 drivers/serial/libserial.o
 .debug_abbrev  0x0000d701      0x390 drivers/spi/libspi.o
 .debug_abbrev  0x0000da91      0x6b2 fs/ext4/libext4fs.o
 .debug_abbrev  0x0000e143      0x634 fs/fat/libfat.o
 .debug_abbrev  0x0000e777      0x2f2 fs/libfs.o
 .debug_abbrev  0x0000ea69      0xd17 lib/libfdt/libfdt.o
 .debug_abbrev  0x0000f780     0x1a8f lib/libgeneric.o
 .debug_abbrev  0x0001120f      0x38b lib/zlib/libz.o
 .debug_abbrev  0x0001159a      0x239 board/ti/am335x/libam335x.o
 .debug_abbrev  0x000117d3      0x116 /home/lynn/git_prj/iE10/u-boot-2013.01.01-psp05.07.00.00/am335x/arch/arm/lib/eabi_compat.o
 .debug_abbrev  0x000118e9       0x14 /home/lynn/ti-sdk-am335x-evm-05.07.00.00/linux-devkit/bin/../lib/gcc/arm-arago-linux-gnueabi/4.5.3/libgcc.a(_udivsi3.o)
 .debug_abbrev  0x000118fd       0x14 /home/lynn/ti-sdk-am335x-evm-05.07.00.00/linux-devkit/bin/../lib/gcc/arm-arago-linux-gnueabi/4.5.3/libgcc.a(_divsi3.o)
 .debug_abbrev  0x00011911       0x14 /home/lynn/ti-sdk-am335x-evm-05.07.00.00/linux-devkit/bin/../lib/gcc/arm-arago-linux-gnueabi/4.5.3/libgcc.a(_lshrdi3.o)
 .debug_abbrev  0x00011925       0x14 /home/lynn/ti-sdk-am335x-evm-05.07.00.00/linux-devkit/bin/../lib/gcc/arm-arago-linux-gnueabi/4.5.3/libgcc.a(_ashrdi3.o)
 .debug_abbrev  0x00011939       0x14 /home/lynn/ti-sdk-am335x-evm-05.07.00.00/linux-devkit/bin/../lib/gcc/arm-arago-linux-gnueabi/4.5.3/libgcc.a(_ashldi3.o)
 .debug_abbrev  0x0001194d       0x14 /home/lynn/ti-sdk-am335x-evm-05.07.00.00/linux-devkit/bin/../lib/gcc/arm-arago-linux-gnueabi/4.5.3/libgcc.a(_dvmd_lnx.o)

.debug_aranges  0x00000000     0x1020
 .debug_aranges
                0x00000000       0x20 arch/arm/cpu/armv7/start.o
 .debug_aranges
                0x00000020      0x100 arch/arm/cpu/armv7/am33xx/libam33xx.o
 .debug_aranges
                0x00000120       0x80 arch/arm/cpu/armv7/libarmv7.o
 .debug_aranges
                0x000001a0       0x80 arch/arm/cpu/armv7/omap-common/libomap-common.o
 .debug_aranges
                0x00000220       0xe0 arch/arm/lib/libarm.o
 .debug_aranges
                0x00000300      0x580 common/libcommon.o
 .debug_aranges
                0x00000880       0x40 disk/libdisk.o
 .debug_aranges
                0x000008c0       0x60 drivers/dfu/libdfu.o
 .debug_aranges
                0x00000920       0x20 drivers/gpio/libgpio.o
 .debug_aranges
                0x00000940       0x20 drivers/i2c/libi2c.o
 .debug_aranges
                0x00000960       0x20 drivers/input/libinput.o
 .debug_aranges
                0x00000980       0x40 drivers/mmc/libmmc.o
 .debug_aranges
                0x000009c0       0x20 drivers/mtd/libmtd.o
 .debug_aranges
                0x000009e0       0xc0 drivers/mtd/nand/libnand.o
 .debug_aranges
                0x00000aa0       0x40 drivers/mtd/spi/libspi_flash.o
 .debug_aranges
                0x00000ae0       0x60 drivers/serial/libserial.o
 .debug_aranges
                0x00000b40       0x20 drivers/spi/libspi.o
 .debug_aranges
                0x00000b60       0x60 fs/ext4/libext4fs.o
 .debug_aranges
                0x00000bc0       0x40 fs/fat/libfat.o
 .debug_aranges
                0x00000c00       0x20 fs/libfs.o
 .debug_aranges
                0x00000c20       0xe0 lib/libfdt/libfdt.o
 .debug_aranges
                0x00000d00      0x200 lib/libgeneric.o
 .debug_aranges
                0x00000f00       0x20 lib/zlib/libz.o
 .debug_aranges
                0x00000f20       0x20 board/ti/am335x/libam335x.o
 .debug_aranges
                0x00000f40       0x20 /home/lynn/git_prj/iE10/u-boot-2013.01.01-psp05.07.00.00/am335x/arch/arm/lib/eabi_compat.o
 .debug_aranges
                0x00000f60       0x20 /home/lynn/ti-sdk-am335x-evm-05.07.00.00/linux-devkit/bin/../lib/gcc/arm-arago-linux-gnueabi/4.5.3/libgcc.a(_udivsi3.o)
 .debug_aranges
                0x00000f80       0x20 /home/lynn/ti-sdk-am335x-evm-05.07.00.00/linux-devkit/bin/../lib/gcc/arm-arago-linux-gnueabi/4.5.3/libgcc.a(_divsi3.o)
 .debug_aranges
                0x00000fa0       0x20 /home/lynn/ti-sdk-am335x-evm-05.07.00.00/linux-devkit/bin/../lib/gcc/arm-arago-linux-gnueabi/4.5.3/libgcc.a(_lshrdi3.o)
 .debug_aranges
                0x00000fc0       0x20 /home/lynn/ti-sdk-am335x-evm-05.07.00.00/linux-devkit/bin/../lib/gcc/arm-arago-linux-gnueabi/4.5.3/libgcc.a(_ashrdi3.o)
 .debug_aranges
                0x00000fe0       0x20 /home/lynn/ti-sdk-am335x-evm-05.07.00.00/linux-devkit/bin/../lib/gcc/arm-arago-linux-gnueabi/4.5.3/libgcc.a(_ashldi3.o)
 .debug_aranges
                0x00001000       0x20 /home/lynn/ti-sdk-am335x-evm-05.07.00.00/linux-devkit/bin/../lib/gcc/arm-arago-linux-gnueabi/4.5.3/libgcc.a(_dvmd_lnx.o)

.debug_pubnames
                0x00000000     0x40f5
 .debug_pubnames
                0x00000000      0x303 arch/arm/cpu/armv7/am33xx/libam33xx.o
 .debug_pubnames
                0x00000303      0x208 arch/arm/cpu/armv7/libarmv7.o
 .debug_pubnames
                0x0000050b       0xe6 arch/arm/cpu/armv7/omap-common/libomap-common.o
 .debug_pubnames
                0x000005f1      0x441 arch/arm/lib/libarm.o
 .debug_pubnames
                0x00000a32     0x187b common/libcommon.o
 .debug_pubnames
                0x000022ad       0xe5 disk/libdisk.o
 .debug_pubnames
                0x00002392      0x162 drivers/dfu/libdfu.o
 .debug_pubnames
                0x000024f4       0x9c drivers/gpio/libgpio.o
 .debug_pubnames
                0x00002590       0x77 drivers/i2c/libi2c.o
 .debug_pubnames
                0x00002607       0x99 drivers/input/libinput.o
 .debug_pubnames
                0x000026a0      0x122 drivers/mmc/libmmc.o
 .debug_pubnames
                0x000027c2       0x82 drivers/mtd/libmtd.o
 .debug_pubnames
                0x00002844      0x2a8 drivers/mtd/nand/libnand.o
 .debug_pubnames
                0x00002aec      0x16b drivers/mtd/spi/libspi_flash.o
 .debug_pubnames
                0x00002c57      0x2bd drivers/serial/libserial.o
 .debug_pubnames
                0x00002f14       0xf1 drivers/spi/libspi.o
 .debug_pubnames
                0x00003005      0x27a fs/ext4/libext4fs.o
 .debug_pubnames
                0x0000327f      0x17e fs/fat/libfat.o
 .debug_pubnames
                0x000033fd       0x58 fs/libfs.o
 .debug_pubnames
                0x00003455      0x575 lib/libfdt/libfdt.o
 .debug_pubnames
                0x000039ca      0x5c1 lib/libgeneric.o
 .debug_pubnames
                0x00003f8b       0xb4 lib/zlib/libz.o
 .debug_pubnames
                0x0000403f       0x64 board/ti/am335x/libam335x.o
 .debug_pubnames
                0x000040a3       0x52 /home/lynn/git_prj/iE10/u-boot-2013.01.01-psp05.07.00.00/am335x/arch/arm/lib/eabi_compat.o

.debug_frame    0x00000000     0x6c6c
 .debug_frame   0x00000000      0x28c arch/arm/cpu/armv7/am33xx/libam33xx.o
 .debug_frame   0x0000028c      0x208 arch/arm/cpu/armv7/libarmv7.o
 .debug_frame   0x00000494      0x118 arch/arm/cpu/armv7/omap-common/libomap-common.o
 .debug_frame   0x000005ac      0x4c8 arch/arm/lib/libarm.o
 .debug_frame   0x00000a74     0x276c common/libcommon.o
 .debug_frame   0x000031e0      0x1bc disk/libdisk.o
 .debug_frame   0x0000339c      0x2a8 drivers/dfu/libdfu.o
 .debug_frame   0x00003644       0xe8 drivers/gpio/libgpio.o
 .debug_frame   0x0000372c      0x114 drivers/i2c/libi2c.o
 .debug_frame   0x00003840       0xf0 drivers/input/libinput.o
 .debug_frame   0x00003930      0x350 drivers/mmc/libmmc.o
 .debug_frame   0x00003c80       0x7c drivers/mtd/libmtd.o
 .debug_frame   0x00003cfc      0xba0 drivers/mtd/nand/libnand.o
 .debug_frame   0x0000489c      0x1e8 drivers/mtd/spi/libspi_flash.o
 .debug_frame   0x00004a84      0x52c drivers/serial/libserial.o
 .debug_frame   0x00004fb0      0x144 drivers/spi/libspi.o
 .debug_frame   0x000050f4      0x1f8 fs/ext4/libext4fs.o
 .debug_frame   0x000052ec      0x41c fs/fat/libfat.o
 .debug_frame   0x00005708       0xec fs/libfs.o
 .debug_frame   0x000057f4      0x8a4 lib/libfdt/libfdt.o
 .debug_frame   0x00006098      0x9c0 lib/libgeneric.o
 .debug_frame   0x00006a58      0x11c lib/zlib/libz.o
 .debug_frame   0x00006b74       0x70 board/ti/am335x/libam335x.o
 .debug_frame   0x00006be4       0x48 /home/lynn/git_prj/iE10/u-boot-2013.01.01-psp05.07.00.00/am335x/arch/arm/lib/eabi_compat.o
 .debug_frame   0x00006c2c       0x20 /home/lynn/ti-sdk-am335x-evm-05.07.00.00/linux-devkit/bin/../lib/gcc/arm-arago-linux-gnueabi/4.5.3/libgcc.a(_udivsi3.o)
 .debug_frame   0x00006c4c       0x20 /home/lynn/ti-sdk-am335x-evm-05.07.00.00/linux-devkit/bin/../lib/gcc/arm-arago-linux-gnueabi/4.5.3/libgcc.a(_divsi3.o)

.debug_str      0x00000000     0xc1dc
 .debug_str     0x00000000     0x1879 arch/arm/cpu/armv7/am33xx/libam33xx.o
                               0x2aaf (size before relaxing)
 .debug_str     0x00001879      0x340 arch/arm/cpu/armv7/libarmv7.o
                                0xa02 (size before relaxing)
 .debug_str     0x00001bb9      0x1d3 arch/arm/cpu/armv7/omap-common/libomap-common.o
                                0xa22 (size before relaxing)
 .debug_str     0x00001d8c     0x14e1 arch/arm/lib/libarm.o
                               0x317f (size before relaxing)
 .debug_str     0x0000326d     0x3e66 common/libcommon.o
                              0x11a35 (size before relaxing)
 .debug_str     0x000070d3      0x2b3 disk/libdisk.o
                                0x978 (size before relaxing)
 .debug_str     0x00007386      0x46e drivers/dfu/libdfu.o
                               0x14b2 (size before relaxing)
 .debug_str     0x000077f4      0x12b drivers/gpio/libgpio.o
                                0x34c (size before relaxing)
 .debug_str     0x0000791f      0x1c8 drivers/i2c/libi2c.o
                                0x51e (size before relaxing)
 .debug_str     0x00007ae7      0x338 drivers/input/libinput.o
                                0x5bf (size before relaxing)
 .debug_str     0x00007e1f      0x3ef drivers/mmc/libmmc.o
                                0xd1b (size before relaxing)
 .debug_str     0x0000820e       0xba drivers/mtd/libmtd.o
                                0x5f7 (size before relaxing)
 .debug_str     0x000082c8      0xf83 drivers/mtd/nand/libnand.o
                               0x48d6 (size before relaxing)
 .debug_str     0x0000924b      0x261 drivers/mtd/spi/libspi_flash.o
                                0x7a3 (size before relaxing)
 .debug_str     0x000094ac       0x65 drivers/pcmcia/libpcmcia.o
                                0x45f (size before relaxing)
 .debug_str     0x00009511       0x4c drivers/rtc/librtc.o
                                0x225 (size before relaxing)
 .debug_str     0x0000955d      0x605 drivers/serial/libserial.o
                                0xf64 (size before relaxing)
 .debug_str     0x00009b62      0x14e drivers/spi/libspi.o
                                0x3f9 (size before relaxing)
 .debug_str     0x00009cb0      0x8bd fs/ext4/libext4fs.o
                               0x16a6 (size before relaxing)
 .debug_str     0x0000a56d      0x741 fs/fat/libfat.o
                                0xd9b (size before relaxing)
 .debug_str     0x0000acae      0x10c fs/libfs.o
                                0x57c (size before relaxing)
 .debug_str     0x0000adba      0x880 lib/libfdt/libfdt.o
                               0x1624 (size before relaxing)
 .debug_str     0x0000b63a      0x6e4 lib/libgeneric.o
                               0x2660 (size before relaxing)
 .debug_str     0x0000bd1e      0x2e2 lib/zlib/libz.o
                                0x6b8 (size before relaxing)
 .debug_str     0x0000c000      0x193 board/ti/am335x/libam335x.o
                                0x4c4 (size before relaxing)
 .debug_str     0x0000c193       0x49 /home/lynn/git_prj/iE10/u-boot-2013.01.01-psp05.07.00.00/am335x/arch/arm/lib/eabi_compat.o
                                0x268 (size before relaxing)

.debug_loc      0x00000000    0x3727c
 .debug_loc     0x00000000      0xfcd arch/arm/cpu/armv7/am33xx/libam33xx.o
 .debug_loc     0x00000fcd      0x6d8 arch/arm/cpu/armv7/libarmv7.o
 .debug_loc     0x000016a5      0x27f arch/arm/cpu/armv7/omap-common/libomap-common.o
 .debug_loc     0x00001924      0xb6d arch/arm/lib/libarm.o
 .debug_loc     0x00002491    0x154e9 common/libcommon.o
 .debug_loc     0x0001797a      0xb59 disk/libdisk.o
 .debug_loc     0x000184d3     0x10f5 drivers/dfu/libdfu.o
 .debug_loc     0x000195c8      0x44e drivers/gpio/libgpio.o
 .debug_loc     0x00019a16      0x98b drivers/i2c/libi2c.o
 .debug_loc     0x0001a3a1      0xba8 drivers/input/libinput.o
 .debug_loc     0x0001af49     0x202a drivers/mmc/libmmc.o
 .debug_loc     0x0001cf73      0x252 drivers/mtd/libmtd.o
 .debug_loc     0x0001d1c5     0x808c drivers/mtd/nand/libnand.o
 .debug_loc     0x00025251      0xb53 drivers/mtd/spi/libspi_flash.o
 .debug_loc     0x00025da4      0x789 drivers/serial/libserial.o
 .debug_loc     0x0002652d      0xea9 drivers/spi/libspi.o
 .debug_loc     0x000273d6     0x15c2 fs/ext4/libext4fs.o
 .debug_loc     0x00028998     0x3622 fs/fat/libfat.o
 .debug_loc     0x0002bfba      0x575 fs/libfs.o
 .debug_loc     0x0002c52f     0x3d18 lib/libfdt/libfdt.o
 .debug_loc     0x00030247     0x492e lib/libgeneric.o
 .debug_loc     0x00034b75     0x266a lib/zlib/libz.o
 .debug_loc     0x000371df       0x5f board/ti/am335x/libam335x.o
 .debug_loc     0x0003723e       0x3e /home/lynn/git_prj/iE10/u-boot-2013.01.01-psp05.07.00.00/am335x/arch/arm/lib/eabi_compat.o

.debug_pubtypes
                0x00000000     0x6641
 .debug_pubtypes
                0x00000000      0x44a arch/arm/cpu/armv7/am33xx/libam33xx.o
 .debug_pubtypes
                0x0000044a      0x111 arch/arm/cpu/armv7/libarmv7.o
 .debug_pubtypes
                0x0000055b      0x179 arch/arm/cpu/armv7/omap-common/libomap-common.o
 .debug_pubtypes
                0x000006d4      0x504 arch/arm/lib/libarm.o
 .debug_pubtypes
                0x00000bd8     0x26d0 common/libcommon.o
 .debug_pubtypes
                0x000032a8      0x1ed disk/libdisk.o
 .debug_pubtypes
                0x00003495      0x509 drivers/dfu/libdfu.o
 .debug_pubtypes
                0x0000399e       0x69 drivers/gpio/libgpio.o
 .debug_pubtypes
                0x00003a07       0xae drivers/i2c/libi2c.o
 .debug_pubtypes
                0x00003ab5       0x9e drivers/input/libinput.o
 .debug_pubtypes
                0x00003b53      0x206 drivers/mmc/libmmc.o
 .debug_pubtypes
                0x00003d59      0x1ae drivers/mtd/libmtd.o
 .debug_pubtypes
                0x00003f07      0xea9 drivers/mtd/nand/libnand.o
 .debug_pubtypes
                0x00004db0      0x16e drivers/mtd/spi/libspi_flash.o
 .debug_pubtypes
                0x00004f1e       0xa6 drivers/pcmcia/libpcmcia.o
 .debug_pubtypes
                0x00004fc4       0x53 drivers/rtc/librtc.o
 .debug_pubtypes
                0x00005017      0x1ab drivers/serial/libserial.o
 .debug_pubtypes
                0x000051c2       0xa0 drivers/spi/libspi.o
 .debug_pubtypes
                0x00005262      0x3f1 fs/ext4/libext4fs.o
 .debug_pubtypes
                0x00005653      0x219 fs/fat/libfat.o
 .debug_pubtypes
                0x0000586c      0x111 fs/libfs.o
 .debug_pubtypes
                0x0000597d      0x2d3 lib/libfdt/libfdt.o
 .debug_pubtypes
                0x00005c50      0x771 lib/libgeneric.o
 .debug_pubtypes
                0x000063c1      0x16d lib/zlib/libz.o
 .debug_pubtypes
                0x0000652e       0xc0 board/ti/am335x/libam335x.o
 .debug_pubtypes
                0x000065ee       0x53 /home/lynn/git_prj/iE10/u-boot-2013.01.01-psp05.07.00.00/am335x/arch/arm/lib/eabi_compat.o

.debug_ranges   0x00000000     0x3e30
 .debug_ranges  0x00000000      0x1d0 arch/arm/cpu/armv7/am33xx/libam33xx.o
 .debug_ranges  0x000001d0       0x90 arch/arm/cpu/armv7/libarmv7.o
 .debug_ranges  0x00000260       0x30 arch/arm/cpu/armv7/omap-common/libomap-common.o
 .debug_ranges  0x00000290       0xd0 arch/arm/lib/libarm.o
 .debug_ranges  0x00000360     0x1240 common/libcommon.o
 .debug_ranges  0x000015a0      0x148 disk/libdisk.o
 .debug_ranges  0x000016e8      0x238 drivers/dfu/libdfu.o
 .debug_ranges  0x00001920       0x48 drivers/gpio/libgpio.o
 .debug_ranges  0x00001968      0x1d0 drivers/i2c/libi2c.o
 .debug_ranges  0x00001b38      0x210 drivers/input/libinput.o
 .debug_ranges  0x00001d48      0x430 drivers/mmc/libmmc.o
 .debug_ranges  0x00002178      0x758 drivers/mtd/nand/libnand.o
 .debug_ranges  0x000028d0       0x60 drivers/mtd/spi/libspi_flash.o
 .debug_ranges  0x00002930      0x2d0 drivers/serial/libserial.o
 .debug_ranges  0x00002c00       0x80 drivers/spi/libspi.o
 .debug_ranges  0x00002c80      0x2f0 fs/ext4/libext4fs.o
 .debug_ranges  0x00002f70      0x418 fs/fat/libfat.o
 .debug_ranges  0x00003388       0x30 fs/libfs.o
 .debug_ranges  0x000033b8      0x6d0 lib/libfdt/libfdt.o
 .debug_ranges  0x00003a88      0x338 lib/libgeneric.o
 .debug_ranges  0x00003dc0       0x70 lib/zlib/libz.o
